Component: ARM Compiler 5.06 update 7 (build 960) Tool: armlink [4d3601]

==============================================================================

Section Cross References

    startup_stm32f103xb.o(RESET) refers to startup_stm32f103xb.o(STACK) for __initial_sp
    startup_stm32f103xb.o(RESET) refers to startup_stm32f103xb.o(.text) for Reset_Handler
    startup_stm32f103xb.o(RESET) refers to stm32f1xx_it.o(i.NMI_Handler) for NMI_Handler
    startup_stm32f103xb.o(RESET) refers to stm32f1xx_it.o(i.HardFault_Handler) for HardFault_Handler
    startup_stm32f103xb.o(RESET) refers to stm32f1xx_it.o(i.MemManage_Handler) for MemManage_Handler
    startup_stm32f103xb.o(RESET) refers to stm32f1xx_it.o(i.BusFault_Handler) for BusFault_Handler
    startup_stm32f103xb.o(RESET) refers to stm32f1xx_it.o(i.UsageFault_Handler) for UsageFault_Handler
    startup_stm32f103xb.o(RESET) refers to port.o(.emb_text) for SVC_Handler
    startup_stm32f103xb.o(RESET) refers to stm32f1xx_it.o(i.DebugMon_Handler) for DebugMon_Handler
    startup_stm32f103xb.o(RESET) refers to stm32f1xx_it.o(i.SysTick_Handler) for SysTick_Handler
    startup_stm32f103xb.o(.text) refers to system_stm32f1xx.o(i.SystemInit) for SystemInit
    startup_stm32f103xb.o(.text) refers to entry.o(.ARM.Collect$$$$00000000) for __main
    main.o(i.SystemClock_Config) refers to memseta.o(.text) for __aeabi_memclr4
    main.o(i.SystemClock_Config) refers to stm32f1xx_hal_rcc.o(i.HAL_RCC_OscConfig) for HAL_RCC_OscConfig
    main.o(i.SystemClock_Config) refers to stm32f1xx_hal_rcc.o(i.HAL_RCC_ClockConfig) for HAL_RCC_ClockConfig
    main.o(i.main) refers to stm32f1xx_hal.o(i.HAL_Init) for HAL_Init
    main.o(i.main) refers to main.o(i.SystemClock_Config) for SystemClock_Config
    main.o(i.main) refers to gpio.o(i.MX_GPIO_Init) for MX_GPIO_Init
    main.o(i.main) refers to usart.o(i.MX_USART1_UART_Init) for MX_USART1_UART_Init
    main.o(i.main) refers to can.o(i.MX_CAN_Init) for MX_CAN_Init
    main.o(i.main) refers to i2c.o(i.MX_I2C2_Init) for MX_I2C2_Init
    main.o(i.main) refers to printfa.o(i.__0printf) for __2printf
    main.o(i.main) refers to app_main.o(i.App_Main) for App_Main
    main.o(i.main) refers to stm32f1xx_hal_gpio.o(i.HAL_GPIO_ReadPin) for HAL_GPIO_ReadPin
    main.o(i.main) refers to stm32f1xx_hal.o(i.HAL_Delay) for HAL_Delay
    gpio.o(i.MX_GPIO_Init) refers to stm32f1xx_hal_gpio.o(i.HAL_GPIO_WritePin) for HAL_GPIO_WritePin
    gpio.o(i.MX_GPIO_Init) refers to stm32f1xx_hal_gpio.o(i.HAL_GPIO_Init) for HAL_GPIO_Init
    can.o(i.HAL_CAN_MspDeInit) refers to stm32f1xx_hal_gpio.o(i.HAL_GPIO_DeInit) for HAL_GPIO_DeInit
    can.o(i.HAL_CAN_MspInit) refers to stm32f1xx_hal_gpio.o(i.HAL_GPIO_Init) for HAL_GPIO_Init
    can.o(i.MX_CAN_Init) refers to stm32f1xx_hal_can.o(i.HAL_CAN_Init) for HAL_CAN_Init
    can.o(i.MX_CAN_Init) refers to main.o(i.Error_Handler) for Error_Handler
    can.o(i.MX_CAN_Init) refers to can.o(.bss) for .bss
    i2c.o(i.HAL_I2C_MspDeInit) refers to stm32f1xx_hal_gpio.o(i.HAL_GPIO_DeInit) for HAL_GPIO_DeInit
    i2c.o(i.HAL_I2C_MspInit) refers to stm32f1xx_hal_gpio.o(i.HAL_GPIO_Init) for HAL_GPIO_Init
    i2c.o(i.MX_I2C2_Init) refers to stm32f1xx_hal_i2c.o(i.HAL_I2C_Init) for HAL_I2C_Init
    i2c.o(i.MX_I2C2_Init) refers to main.o(i.Error_Handler) for Error_Handler
    i2c.o(i.MX_I2C2_Init) refers to i2c.o(.bss) for .bss
    usart.o(i.HAL_UART_MspDeInit) refers to stm32f1xx_hal_gpio.o(i.HAL_GPIO_DeInit) for HAL_GPIO_DeInit
    usart.o(i.HAL_UART_MspInit) refers to stm32f1xx_hal_gpio.o(i.HAL_GPIO_Init) for HAL_GPIO_Init
    usart.o(i.MX_USART1_UART_Init) refers to stm32f1xx_hal_uart.o(i.HAL_UART_Init) for HAL_UART_Init
    usart.o(i.MX_USART1_UART_Init) refers to main.o(i.Error_Handler) for Error_Handler
    usart.o(i.MX_USART1_UART_Init) refers to usart.o(.bss) for .bss
    usart.o(i.fputc) refers to stm32f1xx_hal_uart.o(i.HAL_UART_Transmit) for HAL_UART_Transmit
    usart.o(i.fputc) refers to usart.o(.bss) for .bss
    stm32f1xx_it.o(i.SysTick_Handler) refers to stm32f1xx_hal.o(i.HAL_IncTick) for HAL_IncTick
    stm32f1xx_it.o(i.SysTick_Handler) refers to tasks.o(i.xTaskGetSchedulerState) for xTaskGetSchedulerState
    stm32f1xx_it.o(i.SysTick_Handler) refers to port.o(i.xPortSysTickHandler) for xPortSysTickHandler
    stm32f1xx_hal_can.o(i.HAL_CAN_DeInit) refers to stm32f1xx_hal_can.o(i.HAL_CAN_Stop) for HAL_CAN_Stop
    stm32f1xx_hal_can.o(i.HAL_CAN_DeInit) refers to can.o(i.HAL_CAN_MspDeInit) for HAL_CAN_MspDeInit
    stm32f1xx_hal_can.o(i.HAL_CAN_IRQHandler) refers to stm32f1xx_hal_can.o(i.HAL_CAN_TxMailbox0CompleteCallback) for HAL_CAN_TxMailbox0CompleteCallback
    stm32f1xx_hal_can.o(i.HAL_CAN_IRQHandler) refers to stm32f1xx_hal_can.o(i.HAL_CAN_TxMailbox0AbortCallback) for HAL_CAN_TxMailbox0AbortCallback
    stm32f1xx_hal_can.o(i.HAL_CAN_IRQHandler) refers to stm32f1xx_hal_can.o(i.HAL_CAN_TxMailbox1CompleteCallback) for HAL_CAN_TxMailbox1CompleteCallback
[...]
    Int\Int_OLED.c                           0x00000000   Number         0  int_oled.o ABSOLUTE
    Int\\Int_BQ769.c                         0x00000000   Number         0  int_bq769.o ABSOLUTE
    Int\\Int_Can.c                           0x00000000   Number         0  int_can.o ABSOLUTE
    Int\\Int_OLED.c                          0x00000000   Number         0  int_oled.o ABSOLUTE
    cdcmple.s                                0x00000000   Number         0  cdcmple.o ABSOLUTE
    cdrcmple.s                               0x00000000   Number         0  cdrcmple.o ABSOLUTE
    cfcmple.s                                0x00000000   Number         0  cfcmple.o ABSOLUTE
    cfrcmple.s                               0x00000000   Number         0  cfrcmple.o ABSOLUTE
    dc.s                                     0x00000000   Number         0  dc.o ABSOLUTE
    handlers.s                               0x00000000   Number         0  handlers.o ABSOLUTE
    init.s                                   0x00000000   Number         0  init.o ABSOLUTE
    startup_stm32f103xb.s                    0x00000000   Number         0  startup_stm32f103xb.o ABSOLUTE
    RESET                                    0x08000000   Section      236  startup_stm32f103xb.o(RESET)
    .ARM.Collect$$$$00000000                 0x080000ec   Section        0  entry.o(.ARM.Collect$$$$00000000)
    .ARM.Collect$$$$00000001                 0x080000ec   Section        4  entry2.o(.ARM.Collect$$$$00000001)
    .ARM.Collect$$$$00000004                 0x080000f0   Section        4  entry5.o(.ARM.Collect$$$$00000004)
    .ARM.Collect$$$$00000008                 0x080000f4   Section        0  entry7b.o(.ARM.Collect$$$$00000008)
    .ARM.Collect$$$$0000000A                 0x080000f4   Section        0  entry8b.o(.ARM.Collect$$$$0000000A)
    .ARM.Collect$$$$0000000B                 0x080000f4   Section        8  entry9a.o(.ARM.Collect$$$$0000000B)
    .ARM.Collect$$$$0000000E                 0x080000fc   Section        4  entry12b.o(.ARM.Collect$$$$0000000E)
    .ARM.Collect$$$$0000000F                 0x08000100   Section        0  entry10a.o(.ARM.Collect$$$$0000000F)
    .ARM.Collect$$$$00000011                 0x08000100   Section        0  entry11a.o(.ARM.Collect$$$$00000011)
    .ARM.Collect$$$$00002712                 0x08000100   Section        4  entry2.o(.ARM.Collect$$$$00002712)
    __lit__00000000                          0x08000100   Data           4  entry2.o(.ARM.Collect$$$$00002712)
    .emb_text                                0x08000104   Section      150  port.o(.emb_text)
    .text                                    0x0800019c   Section       36  startup_stm32f103xb.o(.text)
    .text                                    0x080001c0   Section        0  llushr.o(.text)
    .text                                    0x080001e0   Section        0  memseta.o(.text)
    .text                                    0x08000204   Section        0  strlen.o(.text)
    .text                                    0x08000212   Section        0  fadd.o(.text)
    .text                                    0x080002c2   Section        0  fmul.o(.text)
    .text                                    0x08000326   Section        0  fdiv.o(.text)
    .text                                    0x080003a2   Section        0  dadd.o(.text)
    .text                                    0x080004f0   Section        0  dmul.o(.text)
    .text                                    0x080005d4   Section        0  ddiv.o(.text)
    .text                                    0x080006b2   Section        0  fflti.o(.text)
    .text                                    0x080006c4   Section        0  ffltui.o(.text)
    .text                                    0x080006ce   Section        0  dflti.o(.text)
    .text                                    0x080006f0   Section        0  dfltui.o(.text)
    .text                                    0x0800070a   Section        0  ffixi.o(.text)
    .text                                    0x0800073c   Section        0  ffixui.o(.text)
    .text                                    0x08000764   Section        0  dfixui.o(.text)
    .text                                    0x08000796   Section        0  f2d.o(.text)
    .text                                    0x080007bc   Section        0  d2f.o(.text)
    .text                                    0x080007f4   Section       20  cfcmple.o(.text)
    .text                                    0x08000808   Section       20  cfrcmple.o(.text)
    .text                                    0x0800081c   Section        0  uidiv.o(.text)
    .text                                    0x08000848   Section        0  uldiv.o(.text)
    .text                                    0x080008aa   Section        0  llshl.o(.text)
    .text                                    0x080008c8   Section        0  llsshr.o(.text)
    .text                                    0x080008ec   Section        0  fepilogue.o(.text)
    .text                                    0x080008ec   Section        0  iusefp.o(.text)
    .text                                    0x0800095a   Section        0  frnd.o(.text)
    .text                                    0x08000996   Section        0  depilogue.o(.text)
    .text                                    0x08000a50   Section        0  dfixul.o(.text)
    .text                                    0x08000a80   Section       48  cdrcmple.o(.text)
    .text                                    0x08000ab0   Section        0  fcmp4.o(.text)
    .text                                    0x08000ae8   Section       36  init.o(.text)
    .text                                    0x08000b0c   Section        0  __dczerorl2.o(.text)
    i.App_Batman_CalcCoulomb                 0x08000b64   Section        0  app_batman.o(i.App_Batman_CalcCoulomb)
    i.App_Batman_CalcSoc                     0x08000b80   Section        0  app_batman.o(i.App_Batman_CalcSoc)
    i.App_Batman_CellBalance                 0x08000c18   Section        0  app_batman.o(i.App_Batman_CellBalance)
    i.App_Batman_Init                        0x08000e44   Section        0  app_batman.o(i.App_Batman_Init)
    i.App_Batman_SocFilter                   0x08000f14   Section        0  app_batman.o(i.App_Batman_SocFilter)
    i.App_Batman_loadBatVoltage              0x08000fbc   Section        0  app_batman.o(i.App_Batman_loadBatVoltage)
    i.App_Batman_loadCellsVoltage            0x08001028   Section        0  app_batman.o(i.App_Batman_loadCellsVoltage)
    i.App_Batman_loadCurrent                 0x08001134   Section        0  app_batman.o(i.App_Batman_loadCurrent)
    i.App_Batman_loadTemperature             0x080011a8   Section        0  app_batman.o(i.App_Batman_loadTemperature)
    i.App_Display_Init                       0x0800124c   Section        0  app_display.o(i.App_Display_Init)
    i.App_Display_Show                       0x08001250   Section        0  app_display.o(i.App_Display_Show)
    i.App_Main                               0x080012a8   Section        0  app_main.o(i.App_Main)
    i.App_Soc_ConfigInit                     0x0800134c   Section        0  app_soc.o(i.App_Soc_ConfigInit)
    i.App_Soc_GetSocPercent                  0x08001388   Section        0  app_soc.o(i.App_Soc_GetSocPercent)
    i.App_Soc_Init                           0x080013b4   Section        0  app_soc.o(i.App_Soc_Init)
    i.App_Soc_Update                         0x080013dc   Section        0  app_soc.o(i.App_Soc_Update)
    i.BusFault_Handler                       0x080015b4   Section        0  stm32f1xx_it.o(i.BusFault_Handler)
    i.Com_BQ769_getPercentByVoltage          0x080015b8   Section        0  com_bq769.o(i.Com_BQ769_getPercentByVoltage)
    i.Com_BQ769_getTemperByResist            0x080015e8   Section        0  com_bq769.o(i.Com_BQ769_getTemperByResist)
    i.DebugMon_Handler                       0x08001604   Section        0  stm32f1xx_it.o(i.DebugMon_Handler)
    i.Error_Handler                          0x08001606   Section        0  main.o(i.Error_Handler)
    i.HAL_CAN_Init                           0x0800160a   Section        0  stm32f1xx_hal_can.o(i.HAL_CAN_Init)
    i.HAL_CAN_MspInit                        0x08001724   Section        0  can.o(i.HAL_CAN_MspInit)
    i.HAL_Delay                              0x08001790   Section        0  stm32f1xx_hal.o(i.HAL_Delay)
    i.HAL_GPIO_Init                          0x080017b4   Section        0  stm32f1xx_hal_gpio.o(i.HAL_GPIO_Init)
    i.HAL_GPIO_ReadPin                       0x08001994   Section        0  stm32f1xx_hal_gpio.o(i.HAL_GPIO_ReadPin)
    i.HAL_GPIO_WritePin                      0x0800199e   Section        0  stm32f1xx_hal_gpio.o(i.HAL_GPIO_WritePin)
    i.HAL_GetTick                            0x080019a8   Section        0  stm32f1xx_hal.o(i.HAL_GetTick)
    i.HAL_I2C_Init                           0x080019b4   Section        0  stm32f1xx_hal_i2c.o(i.HAL_I2C_Init)
    i.HAL_I2C_Master_Transmit                0x08001b3c   Section        0  stm32f1xx_hal_i2c.o(i.HAL_I2C_Master_Transmit)
    i.HAL_I2C_Mem_Read                       0x08001c68   Section        0  stm32f1xx_hal_i2c.o(i.HAL_I2C_Mem_Read)
    i.HAL_I2C_Mem_Write                      0x08001ec4   Section        0  stm32f1xx_hal_i2c.o(i.HAL_I2C_Mem_Write)
    i.HAL_I2C_MspInit                        0x08001ff4   Section        0  i2c.o(i.HAL_I2C_MspInit)
    i.HAL_IncTick                            0x08002054   Section        0  stm32f1xx_hal.o(i.HAL_IncTick)
    i.HAL_Init                               0x08002064   Section        0  stm32f1xx_hal.o(i.HAL_Init)
    i.HAL_InitTick                           0x08002088   Section        0  stm32f1xx_hal.o(i.HAL_InitTick)
    i.HAL_MspInit                            0x080020c8   Section        0  stm32f1xx_hal_msp.o(i.HAL_MspInit)
    i.HAL_NVIC_SetPriority                   0x08002104   Section        0  stm32f1xx_hal_cortex.o(i.HAL_NVIC_SetPriority)
    i.HAL_NVIC_SetPriorityGrouping           0x08002144   Section        0  stm32f1xx_hal_cortex.o(i.HAL_NVIC_SetPriorityGrouping)
    i.HAL_RCC_ClockConfig                    0x08002168   Section        0  stm32f1xx_hal_rcc.o(i.HAL_RCC_ClockConfig)
    i.HAL_RCC_GetPCLK1Freq                   0x08002294   Section        0  stm32f1xx_hal_rcc.o(i.HAL_RCC_GetPCLK1Freq)
    i.HAL_RCC_GetPCLK2Freq                   0x080022b4   Section        0  stm32f1xx_hal_rcc.o(i.HAL_RCC_GetPCLK2Freq)
    i.HAL_RCC_GetSysClockFreq                0x080022d4   Section        0  stm32f1xx_hal_rcc.o(i.HAL_RCC_GetSysClockFreq)
    i.HAL_RCC_OscConfig                      0x08002320   Section        0  stm32f1xx_hal_rcc.o(i.HAL_RCC_OscConfig)
    i.HAL_SYSTICK_Config                     0x08002640   Section        0  stm32f1xx_hal_cortex.o(i.HAL_SYSTICK_Config)
    i.HAL_UART_Init                          0x08002668   Section        0  stm32f1xx_hal_uart.o(i.HAL_UART_Init)
    i.HAL_UART_MspInit                       0x080026cc   Section        0  usart.o(i.HAL_UART_MspInit)
    i.HAL_UART_Transmit                      0x0800273c   Section        0  stm32f1xx_hal_uart.o(i.HAL_UART_Transmit)
    i.HardFault_Handler                      0x080027dc   Section        0  stm32f1xx_it.o(i.HardFault_Handler)
    i.I2C_IsAcknowledgeFailed                0x080027de   Section        0  stm32f1xx_hal_i2c.o(i.I2C_IsAcknowledgeFailed)
    I2C_IsAcknowledgeFailed                  0x080027df   Thumb Code    46  stm32f1xx_hal_i2c.o(i.I2C_IsAcknowledgeFailed)
    i.I2C_MasterRequestWrite                 0x0800280c   Section        0  stm32f1xx_hal_i2c.o(i.I2C_MasterRequestWrite)
    I2C_MasterRequestWrite                   0x0800280d   Thumb Code   150  stm32f1xx_hal_i2c.o(i.I2C_MasterRequestWrite)
    i.I2C_RequestMemoryRead                  0x080028a8   Section        0  stm32f1xx_hal_i2c.o(i.I2C_RequestMemoryRead)
    I2C_RequestMemoryRead                    0x080028a9   Thumb Code   246  stm32f1xx_hal_i2c.o(i.I2C_RequestMemoryRead)
    i.I2C_RequestMemoryWrite                 0x080029a4   Section        0  stm32f1xx_hal_i2c.o(i.I2C_RequestMemoryWrite)
    I2C_RequestMemoryWrite                   0x080029a5   Thumb Code   162  stm32f1xx_hal_i2c.o(i.I2C_RequestMemoryWrite)
    i.I2C_WaitOnBTFFlagUntilTimeout          0x08002a4c   Section        0  stm32f1xx_hal_i2c.o(i.I2C_WaitOnBTFFlagUntilTimeout)
    I2C_WaitOnBTFFlagUntilTimeout            0x08002a4d   Thumb Code    86  stm32f1xx_hal_i2c.o(i.I2C_WaitOnBTFFlagUntilTimeout)
    i.I2C_WaitOnFlagUntilTimeout             0x08002aa4   Section        0  stm32f1xx_hal_i2c.o(i.I2C_WaitOnFlagUntilTimeout)
    I2C_WaitOnFlagUntilTimeout               0x08002aa5   Thumb Code   144  stm32f1xx_hal_i2c.o(i.I2C_WaitOnFlagUntilTimeout)
    i.I2C_WaitOnMasterAddressFlagUntilTimeout 0x08002b34   Section        0  stm32f1xx_hal_i2c.o(i.I2C_WaitOnMasterAddressFlagUntilTimeout)
    I2C_WaitOnMasterAddressFlagUntilTimeout  0x08002b35   Thumb Code   188  stm32f1xx_hal_i2c.o(i.I2C_WaitOnMasterAddressFlagUntilTimeout)
    i.I2C_WaitOnRXNEFlagUntilTimeout         0x08002bf0   Section        0  stm32f1xx_hal_i2c.o(i.I2C_WaitOnRXNEFlagUntilTimeout)
    I2C_WaitOnRXNEFlagUntilTimeout           0x08002bf1   Thumb Code   112  stm32f1xx_hal_i2c.o(i.I2C_WaitOnRXNEFlagUntilTimeout)
    i.I2C_WaitOnTXEFlagUntilTimeout          0x08002c60   Section        0  stm32f1xx_hal_i2c.o(i.I2C_WaitOnTXEFlagUntilTimeout)
    I2C_WaitOnTXEFlagUntilTimeout            0x08002c61   Thumb Code    86  stm32f1xx_hal_i2c.o(i.I2C_WaitOnTXEFlagUntilTimeout)
    i.Inf_OLED_Clear                         0x08002cb8   Section        0  int_oled.o(i.Inf_OLED_Clear)
    i.Inf_OLED_DrawPoint                     0x08002ce4   Section        0  int_oled.o(i.Inf_OLED_DrawPoint)
    i.Inf_OLED_Init                          0x08002d10   Section        0  int_oled.o(i.Inf_OLED_Init)
    i.Inf_OLED_Refresh                       0x08002e04   Section        0  int_oled.o(i.Inf_OLED_Refresh)
    i.Inf_OLED_ShowChar                      0x08002e50   Section        0  int_oled.o(i.Inf_OLED_ShowChar)
    i.Inf_OLED_ShowChinese                   0x08002f34   Section        0  int_oled.o(i.Inf_OLED_ShowChinese)
    i.Inf_OLED_ShowString                    0x08002fc8   Section        0  int_oled.o(i.Inf_OLED_ShowString)
    i.Inf_OLED_WR_Byte                       0x08003014   Section        0  int_oled.o(i.Inf_OLED_WR_Byte)
    i.Int_BQ769_ReadReg                      0x08003038   Section        0  int_bq769.o(i.Int_BQ769_ReadReg)
    i.Int_BQ769_Reset                        0x08003114   Section        0  int_bq769.o(i.Int_BQ769_Reset)
    i.Int_BQ769_Ship                         0x08003124   Section        0  int_bq769.o(i.Int_BQ769_Ship)
    i.Int_BQ769_WakeUp                       0x08003174   Section        0  int_bq769.o(i.Int_BQ769_WakeUp)
    i.Int_BQ769_WriteReg                     0x080031a4   Section        0  int_bq769.o(i.Int_BQ769_WriteReg)
    i.MX_CAN_Init                            0x080031f8   Section        0  can.o(i.MX_CAN_Init)
    i.MX_GPIO_Init                           0x08003234   Section        0  gpio.o(i.MX_GPIO_Init)
    i.MX_I2C2_Init                           0x080032f0   Section        0  i2c.o(i.MX_I2C2_Init)
    i.MX_USART1_UART_Init                    0x08003330   Section        0  usart.o(i.MX_USART1_UART_Init)
    i.MemManage_Handler                      0x08003368   Section        0  stm32f1xx_it.o(i.MemManage_Handler)
    i.NMI_Handler                            0x0800336a   Section        0  stm32f1xx_it.o(i.NMI_Handler)
    i.SysTick_Handler                        0x0800336c   Section        0  stm32f1xx_it.o(i.SysTick_Handler)
    i.SystemClock_Config                     0x08003384   Section        0  main.o(i.SystemClock_Config)
    i.SystemInit                             0x080033e2   Section        0  system_stm32f1xx.o(i.SystemInit)
    i.UART_EndRxTransfer                     0x080033e4   Section        0  stm32f1xx_hal_uart.o(i.UART_EndRxTransfer)
    UART_EndRxTransfer                       0x080033e5   Thumb Code    78  stm32f1xx_hal_uart.o(i.UART_EndRxTransfer)
    i.UART_SetConfig                         0x08003434   Section        0  stm32f1xx_hal_uart.o(i.UART_SetConfig)
    UART_SetConfig                           0x08003435   Thumb Code   178  stm32f1xx_hal_uart.o(i.UART_SetConfig)
    i.UART_WaitOnFlagUntilTimeout            0x080034ec   Section        0  stm32f1xx_hal_uart.o(i.UART_WaitOnFlagUntilTimeout)
    UART_WaitOnFlagUntilTimeout              0x080034ed   Thumb Code   114  stm32f1xx_hal_uart.o(i.UART_WaitOnFlagUntilTimeout)
    i.UsageFault_Handler                     0x0800355e   Section        0  stm32f1xx_it.o(i.UsageFault_Handler)
    i.__0printf                              0x08003560   Section        0  printfa.o(i.__0printf)
    i.__0sprintf                             0x08003580   Section        0  printfa.o(i.__0sprintf)
    i.__NVIC_SetPriority                     0x080035a8   Section        0  stm32f1xx_hal_cortex.o(i.__NVIC_SetPriority)
    __NVIC_SetPriority                       0x080035a9   Thumb Code    32  stm32f1xx_hal_cortex.o(i.__NVIC_SetPriority)
    i.__scatterload_copy                     0x080035c8   Section       14  handlers.o(i.__scatterload_copy)
    i.__scatterload_null                     0x080035d6   Section        2  handlers.o(i.__scatterload_null)
    i.__scatterload_zeroinit                 0x080035d8   Section       14  handlers.o(i.__scatterload_zeroinit)
    i._fp_digits                             0x080035e8   Section        0  printfa.o(i._fp_digits)
    _fp_digits                               0x080035e9   Thumb Code   366  printfa.o(i._fp_digits)
    i._printf_core                           0x0800376c   Section        0  printfa.o(i._printf_core)
    _printf_core                             0x0800376d   Thumb Code  1704  printfa.o(i._printf_core)
    i._printf_post_padding                   0x08003e20   Section        0  printfa.o(i._printf_post_padding)
    _printf_post_padding                     0x08003e21   Thumb Code    36  printfa.o(i._printf_post_padding)
    i._printf_pre_padding                    0x08003e44   Section        0  printfa.o(i._printf_pre_padding)
    _printf_pre_padding                      0x08003e45   Thumb Code    46  printfa.o(i._printf_pre_padding)
    i._sputc                                 0x08003e72   Section        0  printfa.o(i._sputc)
    _sputc                                   0x08003e73   Thumb Code    10  printfa.o(i._sputc)
    i.batman_task                            0x08003e7c   Section        0  app_main.o(i.batman_task)
    i.cell_balance_task                      0x08003eaa   Section        0  app_main.o(i.cell_balance_task)
    i.clampf                                 0x08003ec2   Section        0  app_soc.o(i.clampf)
    clampf                                   0x08003ec3   Thumb Code    36  app_soc.o(i.clampf)
    i.configParameters                       0x08003ee8   Section        0  app_batman.o(i.configParameters)
    configParameters                         0x08003ee9   Thumb Code    36  app_batman.o(i.configParameters)
    i.configProtectSet                       0x08003f10   Section        0  app_batman.o(i.configProtectSet)
    i.coulomb_task                           0x08003fd8   Section        0  app_main.o(i.coulomb_task)
    i.crc8_calculate                         0x08003fe6   Section        0  int_bq769.o(i.crc8_calculate)
    crc8_calculate                           0x08003fe7   Thumb Code    48  int_bq769.o(i.crc8_calculate)
    i.display_task                           0x08004018   Section        0  app_main.o(i.display_task)
    i.fmaxf                                  0x0800404c   Section        0  fmaxf.o(i.fmaxf)
    i.fputc                                  0x08004074   Section        0  usart.o(i.fputc)
    i.free                                   0x0800408c   Section        0  malloc.o(i.free)
    i.getTableIndexByValue                   0x080040dc   Section        0  com_bq769.o(i.getTableIndexByValue)
    i.loadGainAndOffset                      0x0800413c   Section        0  app_batman.o(i.loadGainAndOffset)
    loadGainAndOffset                        0x0800413d   Thumb Code    76  app_batman.o(i.loadGainAndOffset)
    i.main                                   0x080041ac   Section        0  main.o(i.main)
    i.malloc                                 0x08004234   Section        0  malloc.o(i.malloc)
    i.prvAddCurrentTaskToDelayedList         0x080042a0   Section        0  tasks.o(i.prvAddCurrentTaskToDelayedList)
    prvAddCurrentTaskToDelayedList           0x080042a1   Thumb Code   128  tasks.o(i.prvAddCurrentTaskToDelayedList)
    i.prvAddNewTaskToReadyList               0x08004328   Section        0  tasks.o(i.prvAddNewTaskToReadyList)
    prvAddNewTaskToReadyList                 0x08004329   Thumb Code   226  tasks.o(i.prvAddNewTaskToReadyList)
    i.prvDeleteTCB                           0x08004418   Section        0  tasks.o(i.prvDeleteTCB)
    prvDeleteTCB                             0x08004419   Thumb Code    20  tasks.o(i.prvDeleteTCB)
    i.prvHeapInit                            0x0800442c   Section        0  heap_4.o(i.prvHeapInit)
    prvHeapInit                              0x0800442d   Thumb Code    60  heap_4.o(i.prvHeapInit)
    i.prvIdleTask                            0x08004470   Section        0  tasks.o(i.prvIdleTask)
    prvIdleTask                              0x08004471   Thumb Code    82  tasks.o(i.prvIdleTask)
    i.prvInitialiseNewTask                   0x080044d0   Section        0  tasks.o(i.prvInitialiseNewTask)
    prvInitialiseNewTask                     0x080044d1   Thumb Code   112  tasks.o(i.prvInitialiseNewTask)
    i.prvInsertBlockIntoFreeList             0x08004540   Section        0  heap_4.o(i.prvInsertBlockIntoFreeList)
    prvInsertBlockIntoFreeList               0x08004541   Thumb Code    72  heap_4.o(i.prvInsertBlockIntoFreeList)
    i.prvResetNextTaskUnblockTime            0x0800458c   Section        0  tasks.o(i.prvResetNextTaskUnblockTime)
    prvResetNextTaskUnblockTime              0x0800458d   Thumb Code    24  tasks.o(i.prvResetNextTaskUnblockTime)
    i.prvTaskExitError                       0x080045a8   Section        0  port.o(i.prvTaskExitError)
    prvTaskExitError                         0x080045a9   Thumb Code    16  port.o(i.prvTaskExitError)
    i.pvPortMalloc                           0x080045b8   Section        0  heap_4.o(i.pvPortMalloc)
    i.pxPortInitialiseStack                  0x08004650   Section        0  port.o(i.pxPortInitialiseStack)
    i.roundf                                 0x08004674   Section        0  roundf.o(i.roundf)
    i.show_battery_data                      0x080046e8   Section        0  app_display.o(i.show_battery_data)
    show_battery_data                        0x080046e9   Thumb Code   180  app_display.o(i.show_battery_data)
    i.uxListRemove                           0x080047d0   Section        0  list.o(i.uxListRemove)
    i.vListInitialise                        0x080047f6   Section        0  list.o(i.vListInitialise)
    i.vListInitialiseItem                    0x0800480c   Section        0  list.o(i.vListInitialiseItem)
    i.vListInsert                            0x08004812   Section        0  list.o(i.vListInsert)
    i.vPortEnterCritical                     0x08004844   Section        0  port.o(i.vPortEnterCritical)
    i.vPortExitCritical                      0x08004860   Section        0  port.o(i.vPortExitCritical)
    i.vPortFree                              0x08004874   Section        0  heap_4.o(i.vPortFree)
    i.vPortSetupTimerInterrupt               0x080048b8   Section        0  port.o(i.vPortSetupTimerInterrupt)
    i.vTaskDelay                             0x080048d0   Section        0  tasks.o(i.vTaskDelay)
    i.vTaskStartScheduler                    0x08004900   Section        0  tasks.o(i.vTaskStartScheduler)
    i.vTaskSuspendAll                        0x08004950   Section        0  tasks.o(i.vTaskSuspendAll)
    i.vTaskSwitchContext                     0x08004960   Section        0  tasks.o(i.vTaskSwitchContext)
    i.xPortStartScheduler                    0x080049a4   Section        0  port.o(i.xPortStartScheduler)
    i.xPortSysTickHandler                    0x080049d4   Section        0  port.o(i.xPortSysTickHandler)
    i.xTaskCreate                            0x08004a00   Section        0  tasks.o(i.xTaskCreate)
    i.xTaskGetSchedulerState                 0x08004a5c   Section        0  tasks.o(i.xTaskGetSchedulerState)
    i.xTaskIncrementTick                     0x08004a78   Section        0  tasks.o(i.xTaskIncrementTick)
    i.xTaskResumeAll                         0x08004b9c   Section        0  tasks.o(i.xTaskResumeAll)
    .constdata                               0x08004cb4   Section       18  stm32f1xx_hal_rcc.o(.constdata)
    aPredivFactorTable                       0x08004cb4   Data           2  stm32f1xx_hal_rcc.o(.constdata)
    aPLLMULFactorTable                       0x08004cb6   Data          16  stm32f1xx_hal_rcc.o(.constdata)
    .constdata                               0x08004cc6   Section       16  system_stm32f1xx.o(.constdata)
    .constdata                               0x08004cd6   Section        8  system_stm32f1xx.o(.constdata)
    .constdata                               0x08004cde   Section     6792  int_oled.o(.constdata)
    .data                                    0x20000000   Section       12  stm32f1xx_hal.o(.data)
    .data                                    0x2000000c   Section        4  system_stm32f1xx.o(.data)
    .data                                    0x20000010   Section       34  app_batman.o(.data)
    offset_mv                                0x20000010   Data           1  app_batman.o(.data)
    gain_uv                                  0x20000012   Data           2  app_batman.o(.data)
    cell_reg_indexes                         0x2000002c   Data           6  app_batman.o(.data)
    .data                                    0x20000034   Section       28  heap_4.o(.data)
    pxEnd                                    0x20000034   Data           4  heap_4.o(.data)
    xFreeBytesRemaining                      0x20000038   Data           4  heap_4.o(.data)
    xMinimumEverFreeBytesRemaining           0x2000003c   Data           4  heap_4.o(.data)
    xNumberOfSuccessfulAllocations           0x20000040   Data           4  heap_4.o(.data)
    xNumberOfSuccessfulFrees                 0x20000044   Data           4  heap_4.o(.data)
    xStart                                   0x20000048   Data           8  heap_4.o(.data)
    .data                                    0x20000050   Section        4  port.o(.data)
    uxCriticalNesting                        0x20000050   Data           4  port.o(.data)
    .data                                    0x20000054   Section       64  tasks.o(.data)
    uxDeletedTasksWaitingCleanUp             0x20000058   Data           4  tasks.o(.data)
    uxCurrentNumberOfTasks                   0x2000005c   Data           4  tasks.o(.data)
    xTickCount                               0x20000060   Data           4  tasks.o(.data)
    uxTopReadyPriority                       0x20000064   Data           4  tasks.o(.data)
    xSchedulerRunning                        0x20000068   Data           4  tasks.o(.data)
    xPendedTicks                             0x2000006c   Data           4  tasks.o(.data)
    xYieldPending                            0x20000070   Data           4  tasks.o(.data)
    xNumOfOverflows                          0x20000074   Data           4  tasks.o(.data)
    uxTaskNumber                             0x20000078   Data           4  tasks.o(.data)
    xNextTaskUnblockTime                     0x2000007c   Data           4  tasks.o(.data)
    xIdleTaskHandle                          0x20000080   Data           4  tasks.o(.data)
    uxSchedulerSuspended                     0x20000088   Data           4  tasks.o(.data)
    pxDelayedTaskList                        0x2000008c   Data           4  tasks.o(.data)
    pxOverflowDelayedTaskList                0x20000090   Data           4  tasks.o(.data)
    .data                                    0x20000094   Section     1140  com_bq769.o(.data)
    last_index_tempr                         0x20000094   Data           2  com_bq769.o(.data)
    last_index_soc                           0x20000096   Data           2  com_bq769.o(.data)
    last_value_tempr                         0x20000098   Data           4  com_bq769.o(.data)
    last_value_soc                           0x2000009c   Data           4  com_bq769.o(.data)
    .data                                    0x20000508   Section        4  stdout.o(.data)
    .data                                    0x2000050c   Section        4  mvars.o(.data)
    .data                                    0x20000510   Section        4  mvars.o(.data)
    .bss                                     0x20000514   Section       40  can.o(.bss)
    .bss                                     0x2000053c   Section       84  i2c.o(.bss)
    .bss                                     0x20000590   Section       72  usart.o(.bss)
    .bss                                     0x200005d8   Section       12  app_batman.o(.bss)
    .bss                                     0x200005e4   Section       44  app_soc.o(.bss)
    soc_state                                0x200005e4   Data          44  app_soc.o(.bss)
    .bss                                     0x20000610   Section       56  int_bq769.o(.bss)
    .bss                                     0x20000648   Section     1152  int_oled.o(.bss)
    .bss                                     0x20000ac8   Section    15360  heap_4.o(.bss)
    ucHeap                                   0x20000ac8   Data       15360  heap_4.o(.bss)
    .bss                                     0x200046c8   Section      200  tasks.o(.bss)
    pxReadyTasksLists                        0x200046c8   Data         100  tasks.o(.bss)
    xDelayedTaskList1                        0x2000472c   Data          20  tasks.o(.bss)
    xDelayedTaskList2                        0x20004740   Data          20  tasks.o(.bss)
    xPendingReadyList                        0x20004754   Data          20  tasks.o(.bss)
    xTasksWaitingTermination                 0x20004768   Data          20  tasks.o(.bss)
    xSuspendedTaskList                       0x2000477c   Data          20  tasks.o(.bss)
    HEAP                                     0x20004790   Section      512  startup_stm32f103xb.o(HEAP)
    STACK                                    0x20004990   Section     1024  startup_stm32f103xb.o(STACK)

    Global Symbols

    Symbol Name                              Value     Ov Type        Size  Object(Section)

    BuildAttributes$$THM_ISAv4$P$D$K$B$S$PE$A:L22UL41UL21$X:L11$S22US41US21$IEEE1$IW$USESV6$~STKCKD$USESV7$~SHL$OTIME$ROPI$IEEEJ$EBA8$MICROLIB$REQ8$PRES8$EABIv2 0x00000000   Number         0  anon$$obj.o ABSOLUTE
    __ARM_use_no_argv                        0x00000000   Number         0  main.o ABSOLUTE
    _printf_a                                0x00000000   Number         0  stubs.o ABSOLUTE
    _printf_c                                0x00000000   Number         0  stubs.o ABSOLUTE
    _printf_charcount                        0x00000000   Number         0  stubs.o ABSOLUTE
    _printf_d                                0x00000000   Number         0  stubs.o ABSOLUTE
    _printf_e                                0x00000000   Number         0  stubs.o ABSOLUTE
    _printf_f                                0x00000000   Number         0  stubs.o ABSOLUTE
    _printf_flags                            0x00000000   Number         0  stubs.o ABSOLUTE
    _printf_fp_dec                           0x00000000   Number         0  stubs.o ABSOLUTE
    _printf_fp_hex                           0x00000000   Number         0  stubs.o ABSOLUTE
    _printf_g                                0x00000000   Number         0  stubs.o ABSOLUTE
    _printf_i                                0x00000000   Number         0  stubs.o ABSOLUTE
    _printf_int_dec                          0x00000000   Number         0  stubs.o ABSOLUTE
    _printf_l                                0x00000000   Number         0  stubs.o ABSOLUTE
    _printf_lc                               0x00000000   Number         0  stubs.o ABSOLUTE
    _printf_ll                               0x00000000   Number         0  stubs.o ABSOLUTE
    _printf_lld                              0x00000000   Number         0  stubs.o ABSOLUTE
    _printf_lli                              0x00000000   Number         0  stubs.o ABSOLUTE
    _printf_llo                              0x00000000   Number         0  stubs.o ABSOLUTE
    _printf_llu                              0x00000000   Number         0  stubs.o ABSOLUTE
    _printf_llx                              0x00000000   Number         0  stubs.o ABSOLUTE
    _printf_longlong_dec                     0x00000000   Number         0  stubs.o ABSOLUTE
    _printf_longlong_hex                     0x00000000   Number         0  stubs.o ABSOLUTE
    _printf_longlong_oct                     0x00000000   Number         0  stubs.o ABSOLUTE
    _printf_ls                               0x00000000   Number         0  stubs.o ABSOLUTE
    _printf_mbtowc                           0x00000000   Number         0  stubs.o ABSOLUTE
    _printf_n                                0x00000000   Number         0  stubs.o ABSOLUTE
    _printf_o                                0x00000000   Number         0  stubs.o ABSOLUTE
    _printf_p                                0x00000000   Number         0  stubs.o ABSOLUTE
    _printf_percent                          0x00000000   Number         0  stubs.o ABSOLUTE
    _printf_pre_padding                      0x00000000   Number         0  stubs.o ABSOLUTE
    _printf_return_value                     0x00000000   Number         0  stubs.o ABSOLUTE
    _printf_s                                0x00000000   Number         0  stubs.o ABSOLUTE
    _printf_sizespec                         0x00000000   Number         0  stubs.o ABSOLUTE
    _printf_str                              0x00000000   Number         0  stubs.o ABSOLUTE
    _printf_truncate_signed                  0x00000000   Number         0  stubs.o ABSOLUTE
    _printf_truncate_unsigned                0x00000000   Number         0  stubs.o ABSOLUTE
    _printf_u                                0x00000000   Number         0  stubs.o ABSOLUTE
    _printf_wc                               0x00000000   Number         0  stubs.o ABSOLUTE
    _printf_wctomb                           0x00000000   Number         0  stubs.o ABSOLUTE
    _printf_widthprec                        0x00000000   Number         0  stubs.o ABSOLUTE
    _printf_x                                0x00000000   Number         0  stubs.o ABSOLUTE
    __arm_fini_                               - Undefined Weak Reference
    __cpp_initialize__aeabi_                  - Undefined Weak Reference
    __cxa_finalize                            - Undefined Weak Reference
    _clock_init                               - Undefined Weak Reference
    _microlib_exit                            - Undefined Weak Reference
    __Vectors_Size                           0x000000ec   Number         0  startup_stm32f103xb.o ABSOLUTE
    __Vectors                                0x08000000   Data           4  startup_stm32f103xb.o(RESET)
    __Vectors_End                            0x080000ec   Data           0  startup_stm32f103xb.o(RESET)
    __main                                   0x080000ed   Thumb Code     0  entry.o(.ARM.Collect$$$$00000000)
    _main_stk                                0x080000ed   Thumb Code     0  entry2.o(.ARM.Collect$$$$00000001)
    _main_scatterload                        0x080000f1   Thumb Code     0  entry5.o(.ARM.Collect$$$$00000004)
    __main_after_scatterload                 0x080000f5   Thumb Code     0  entry5.o(.ARM.Collect$$$$00000004)
    _main_clock                              0x080000f5   Thumb Code     0  entry7b.o(.ARM.Collect$$$$00000008)
    _main_cpp_init                           0x080000f5   Thumb Code     0  entry8b.o(.ARM.Collect$$$$0000000A)
    _main_init                               0x080000f5   Thumb Code     0  entry9a.o(.ARM.Collect$$$$0000000B)
    __rt_lib_shutdown_fini                   0x080000fd   Thumb Code     0  entry12b.o(.ARM.Collect$$$$0000000E)
    __rt_final_cpp                           0x08000101   Thumb Code     0  entry10a.o(.ARM.Collect$$$$0000000F)
    __rt_final_exit                          0x08000101   Thumb Code     0  entry11a.o(.ARM.Collect$$$$00000011)
    SVC_Handler                              0x08000105   Thumb Code    32  port.o(.emb_text)
    __asm___6_port_c_39a90d8d__prvStartFirstTask 0x08000129   Thumb Code    28  port.o(.emb_text)
    PendSV_Handler                           0x08000149   Thumb Code    72  port.o(.emb_text)
    vPortGetIPSR                             0x08000195   Thumb Code     6  port.o(.emb_text)
    Reset_Handler                            0x0800019d   Thumb Code     8  startup_stm32f103xb.o(.text)
    ADC1_2_IRQHandler                        0x080001b7   Thumb Code     0  startup_stm32f103xb.o(.text)
    CAN1_RX1_IRQHandler                      0x080001b7   Thumb Code     0  startup_stm32f103xb.o(.text)
    CAN1_SCE_IRQHandler                      0x080001b7   Thumb Code     0  startup_stm32f103xb.o(.text)
    DMA1_Channel1_IRQHandler                 0x080001b7   Thumb Code     0  startup_stm32f103xb.o(.text)
    DMA1_Channel2_IRQHandler                 0x080001b7   Thumb Code     0  startup_stm32f103xb.o(.text)
    DMA1_Channel3_IRQHandler                 0x080001b7   Thumb Code     0  startup_stm32f103xb.o(.text)
    DMA1_Channel4_IRQHandler                 0x080001b7   Thumb Code     0  startup_stm32f103xb.o(.text)
    DMA1_Channel5_IRQHandler                 0x080001b7   Thumb Code     0  startup_stm32f103xb.o(.text)
    DMA1_Channel6_IRQHandler                 0x080001b7   Thumb Code     0  startup_stm32f103xb.o(.text)
    DMA1_Channel7_IRQHandler                 0x080001b7   Thumb Code     0  startup_stm32f103xb.o(.text)
    EXTI0_IRQHandler                         0x080001b7   Thumb Code     0  startup_stm32f103xb.o(.text)
    EXTI15_10_IRQHandler                     0x080001b7   Thumb Code     0  startup_stm32f103xb.o(.text)
    EXTI1_IRQHandler                         0x080001b7   Thumb Code     0  startup_stm32f103xb.o(.text)
    EXTI2_IRQHandler                         0x080001b7   Thumb Code     0  startup_stm32f103xb.o(.text)
    EXTI3_IRQHandler                         0x080001b7   Thumb Code     0  startup_stm32f103xb.o(.text)
    EXTI4_IRQHandler                         0x080001b7   Thumb Code     0  startup_stm32f103xb.o(.text)
    EXTI9_5_IRQHandler                       0x080001b7   Thumb Code     0  startup_stm32f103xb.o(.text)
    FLASH_IRQHandler                         0x080001b7   Thumb Code     0  startup_stm32f103xb.o(.text)
    I2C1_ER_IRQHandler                       0x080001b7   Thumb Code     0  startup_stm32f103xb.o(.text)
    I2C1_EV_IRQHandler                       0x080001b7   Thumb Code     0  startup_stm32f103xb.o(.text)
    I2C2_ER_IRQHandler                       0x080001b7   Thumb Code     0  startup_stm32f103xb.o(.text)
    I2C2_EV_IRQHandler                       0x080001b7   Thumb Code     0  startup_stm32f103xb.o(.text)
    PVD_IRQHandler                           0x080001b7   Thumb Code     0  startup_stm32f103xb.o(.text)
    RCC_IRQHandler                           0x080001b7   Thumb Code     0  startup_stm32f103xb.o(.text)
    RTC_Alarm_IRQHandler                     0x080001b7   Thumb Code     0  startup_stm32f103xb.o(.text)
    RTC_IRQHandler                           0x080001b7   Thumb Code     0  startup_stm32f103xb.o(.text)
    SPI1_IRQHandler                          0x080001b7   Thumb Code     0  startup_stm32f103xb.o(.text)
    SPI2_IRQHandler                          0x080001b7   Thumb Code     0  startup_stm32f103xb.o(.text)
    TAMPER_IRQHandler                        0x080001b7   Thumb Code     0  startup_stm32f103xb.o(.text)
    TIM1_BRK_IRQHandler                      0x080001b7   Thumb Code     0  startup_stm32f103xb.o(.text)
    TIM1_CC_IRQHandler                       0x080001b7   Thumb Code     0  startup_stm32f103xb.o(.text)
    TIM1_TRG_COM_IRQHandler                  0x080001b7   Thumb Code     0  startup_stm32f103xb.o(.text)
    TIM1_UP_IRQHandler                       0x080001b7   Thumb Code     0  startup_stm32f103xb.o(.text)
    TIM2_IRQHandler                          0x080001b7   Thumb Code     0  startup_stm32f103xb.o(.text)
    TIM3_IRQHandler                          0x080001b7   Thumb Code     0  startup_stm32f103xb.o(.text)
    TIM4_IRQHandler                          0x080001b7   Thumb Code     0  startup_stm32f103xb.o(.text)
    USART1_IRQHandler                        0x080001b7   Thumb Code     0  startup_stm32f103xb.o(.text)
    USART2_IRQHandler                        0x080001b7   Thumb Code     0  startup_stm32f103xb.o(.text)
    USART3_IRQHandler                        0x080001b7   Thumb Code     0  startup_stm32f103xb.o(.text)
    USBWakeUp_IRQHandler                     0x080001b7   Thumb Code     0  startup_stm32f103xb.o(.text)
    USB_HP_CAN1_TX_IRQHandler                0x080001b7   Thumb Code     0  startup_stm32f103xb.o(.text)
    USB_LP_CAN1_RX0_IRQHandler               0x080001b7   Thumb Code     0  startup_stm32f103xb.o(.text)
    WWDG_IRQHandler                          0x080001b7   Thumb Code     0  startup_stm32f103xb.o(.text)
    __aeabi_llsr                             0x080001c1   Thumb Code    32  llushr.o(.text)
    _ll_ushift_r                             0x080001c1   Thumb Code     0  llushr.o(.text)
    __aeabi_memset                           0x080001e1   Thumb Code    14  memseta.o(.text)
    __aeabi_memset4                          0x080001e1   Thumb Code     0  memseta.o(.text)
    __aeabi_memset8                          0x080001e1   Thumb Code     0  memseta.o(.text)
    __aeabi_memclr                           0x080001ef   Thumb Code     4  memseta.o(.text)
    __aeabi_memclr4                          0x080001ef   Thumb Code     0  memseta.o(.text)
    __aeabi_memclr8                          0x080001ef   Thumb Code     0  memseta.o(.text)
    _memset$wrapper                          0x080001f3   Thumb Code    18  memseta.o(.text)
    strlen                                   0x08000205   Thumb Code    14  strlen.o(.text)
    __aeabi_fadd                             0x08000213   Thumb Code   164  fadd.o(.text)
    __aeabi_fsub                             0x080002b7   Thumb Code     6  fadd.o(.text)
    __aeabi_frsub                            0x080002bd   Thumb Code     6  fadd.o(.text)
    __aeabi_fmul                             0x080002c3   Thumb Code   100  fmul.o(.text)
    __aeabi_fdiv                             0x08000327   Thumb Code   124  fdiv.o(.text)
    __aeabi_dadd                             0x080003a3   Thumb Code   322  dadd.o(.text)
    __aeabi_dsub                             0x080004e5   Thumb Code     6  dadd.o(.text)
    __aeabi_drsub                            0x080004eb   Thumb Code     6  dadd.o(.text)
    __aeabi_dmul                             0x080004f1   Thumb Code   228  dmul.o(.text)
    __aeabi_ddiv                             0x080005d5   Thumb Code   222  ddiv.o(.text)
    __aeabi_i2f                              0x080006b3   Thumb Code    18  fflti.o(.text)
    __aeabi_ui2f                             0x080006c5   Thumb Code    10  ffltui.o(.text)
    __aeabi_i2d                              0x080006cf   Thumb Code    34  dflti.o(.text)
    __aeabi_ui2d                             0x080006f1   Thumb Code    26  dfltui.o(.text)
    __aeabi_f2iz                             0x0800070b   Thumb Code    50  ffixi.o(.text)
    __aeabi_f2uiz                            0x0800073d   Thumb Code    40  ffixui.o(.text)
    __aeabi_d2uiz                            0x08000765   Thumb Code    50  dfixui.o(.text)
    __aeabi_f2d                              0x08000797   Thumb Code    38  f2d.o(.text)
    __aeabi_d2f                              0x080007bd   Thumb Code    56  d2f.o(.text)
    __aeabi_cfcmpeq                          0x080007f5   Thumb Code     0  cfcmple.o(.text)
    __aeabi_cfcmple                          0x080007f5   Thumb Code    20  cfcmple.o(.text)
    __aeabi_cfrcmple                         0x08000809   Thumb Code    20  cfrcmple.o(.text)
    __aeabi_uidiv                            0x0800081d   Thumb Code     0  uidiv.o(.text)
    __aeabi_uidivmod                         0x0800081d   Thumb Code    44  uidiv.o(.text)
    __aeabi_uldivmod                         0x08000849   Thumb Code    98  uldiv.o(.text)
    __aeabi_llsl                             0x080008ab   Thumb Code    30  llshl.o(.text)
    _ll_shift_l                              0x080008ab   Thumb Code     0  llshl.o(.text)
    __aeabi_lasr                             0x080008c9   Thumb Code    36  llsshr.o(.text)
    _ll_sshift_r                             0x080008c9   Thumb Code     0  llsshr.o(.text)
    __I$use$fp                               0x080008ed   Thumb Code     0  iusefp.o(.text)
    _float_round                             0x080008ed   Thumb Code    18  fepilogue.o(.text)
    _float_epilogue                          0x080008ff   Thumb Code    92  fepilogue.o(.text)
    _frnd                                    0x0800095b   Thumb Code    60  frnd.o(.text)
    _double_round                            0x08000997   Thumb Code    30  depilogue.o(.text)
    _double_epilogue                         0x080009b5   Thumb Code   156  depilogue.o(.text)
    __aeabi_d2ulz                            0x08000a51   Thumb Code    48  dfixul.o(.text)
    __aeabi_cdrcmple                         0x08000a81   Thumb Code    48  cdrcmple.o(.text)
    __ARM_fcmp4                              0x08000ab1   Thumb Code    54  fcmp4.o(.text)
    _fcmp4                                   0x08000ab1   Thumb Code     0  fcmp4.o(.text)
    __scatterload                            0x08000ae9   Thumb Code    28  init.o(.text)
    __scatterload_rt2                        0x08000ae9   Thumb Code     0  init.o(.text)
    __decompress                             0x08000b0d   Thumb Code     0  __dczerorl2.o(.text)
    __decompress1                            0x08000b0d   Thumb Code    86  __dczerorl2.o(.text)
    App_Batman_CalcCoulomb                   0x08000b65   Thumb Code    24  app_batman.o(i.App_Batman_CalcCoulomb)
    App_Batman_CalcSoc                       0x08000b81   Thumb Code    74  app_batman.o(i.App_Batman_CalcSoc)
    App_Batman_CellBalance                   0x08000c19   Thumb Code   350  app_batman.o(i.App_Batman_CellBalance)
    App_Batman_Init                          0x08000e45   Thumb Code   114  app_batman.o(i.App_Batman_Init)
    App_Batman_SocFilter                     0x08000f15   Thumb Code   132  app_batman.o(i.App_Batman_SocFilter)
    App_Batman_loadBatVoltage                0x08000fbd   Thumb Code    80  app_batman.o(i.App_Batman_loadBatVoltage)
    App_Batman_loadCellsVoltage              0x08001029   Thumb Code   182  app_batman.o(i.App_Batman_loadCellsVoltage)
    App_Batman_loadCurrent                   0x08001135   Thumb Code    70  app_batman.o(i.App_Batman_loadCurrent)
    App_Batman_loadTemperature               0x080011a9   Thumb Code   116  app_batman.o(i.App_Batman_loadTemperature)
    App_Display_Init                         0x0800124d   Thumb Code     4  app_display.o(i.App_Display_Init)
    App_Display_Show                         0x08001251   Thumb Code    84  app_display.o(i.App_Display_Show)
    App_Main                                 0x080012a9   Thumb Code    84  app_main.o(i.App_Main)
    App_Soc_ConfigInit                       0x0800134d   Thumb Code    34  app_soc.o(i.App_Soc_ConfigInit)
    App_Soc_GetSocPercent                    0x08001389   Thumb Code    36  app_soc.o(i.App_Soc_GetSocPercent)
    App_Soc_Init                             0x080013b5   Thumb Code    30  app_soc.o(i.App_Soc_Init)
    App_Soc_Update                           0x080013dd   Thumb Code   424  app_soc.o(i.App_Soc_Update)
    BusFault_Handler                         0x080015b5   Thumb Code     2  stm32f1xx_it.o(i.BusFault_Handler)
    Com_BQ769_getPercentByVoltage            0x080015b9   Thumb Code    32  com_bq769.o(i.Com_BQ769_getPercentByVoltage)
    Com_BQ769_getTemperByResist              0x080015e9   Thumb Code    24  com_bq769.o(i.Com_BQ769_getTemperByResist)
    DebugMon_Handler                         0x08001605   Thumb Code     2  stm32f1xx_it.o(i.DebugMon_Handler)
    Error_Handler                            0x08001607   Thumb Code     4  main.o(i.Error_Handler)
    HAL_CAN_Init                             0x0800160b   Thumb Code   282  stm32f1xx_hal_can.o(i.HAL_CAN_Init)
    HAL_CAN_MspInit                          0x08001725   Thumb Code    96  can.o(i.HAL_CAN_MspInit)
    HAL_Delay                                0x08001791   Thumb Code    32  stm32f1xx_hal.o(i.HAL_Delay)
    HAL_GPIO_Init                            0x080017b5   Thumb Code   446  stm32f1xx_hal_gpio.o(i.HAL_GPIO_Init)
    HAL_GPIO_ReadPin                         0x08001995   Thumb Code    10  stm32f1xx_hal_gpio.o(i.HAL_GPIO_ReadPin)
    HAL_GPIO_WritePin                        0x0800199f   Thumb Code    10  stm32f1xx_hal_gpio.o(i.HAL_GPIO_WritePin)
    HAL_GetTick                              0x080019a9   Thumb Code     6  stm32f1xx_hal.o(i.HAL_GetTick)
    HAL_I2C_Init                             0x080019b5   Thumb Code   376  stm32f1xx_hal_i2c.o(i.HAL_I2C_Init)
    HAL_I2C_Master_Transmit                  0x08001b3d   Thumb Code   290  stm32f1xx_hal_i2c.o(i.HAL_I2C_Master_Transmit)
    HAL_I2C_Mem_Read                         0x08001c69   Thumb Code   586  stm32f1xx_hal_i2c.o(i.HAL_I2C_Mem_Read)
    HAL_I2C_Mem_Write                        0x08001ec5   Thumb Code   294  stm32f1xx_hal_i2c.o(i.HAL_I2C_Mem_Write)
    HAL_I2C_MspInit                          0x08001ff5   Thumb Code    82  i2c.o(i.HAL_I2C_MspInit)
    HAL_IncTick                              0x08002055   Thumb Code    12  stm32f1xx_hal.o(i.HAL_IncTick)
    HAL_Init                                 0x08002065   Thumb Code    32  stm32f1xx_hal.o(i.HAL_Init)
    HAL_InitTick                             0x08002089   Thumb Code    54  stm32f1xx_hal.o(i.HAL_InitTick)
    HAL_MspInit                              0x080020c9   Thumb Code    52  stm32f1xx_hal_msp.o(i.HAL_MspInit)
    HAL_NVIC_SetPriority                     0x08002105   Thumb Code    60  stm32f1xx_hal_cortex.o(i.HAL_NVIC_SetPriority)
    HAL_NVIC_SetPriorityGrouping             0x08002145   Thumb Code    26  stm32f1xx_hal_cortex.o(i.HAL_NVIC_SetPriorityGrouping)
    HAL_RCC_ClockConfig                      0x08002169   Thumb Code   280  stm32f1xx_hal_rcc.o(i.HAL_RCC_ClockConfig)
    HAL_RCC_GetPCLK1Freq                     0x08002295   Thumb Code    20  stm32f1xx_hal_rcc.o(i.HAL_RCC_GetPCLK1Freq)
    HAL_RCC_GetPCLK2Freq                     0x080022b5   Thumb Code    20  stm32f1xx_hal_rcc.o(i.HAL_RCC_GetPCLK2Freq)
    HAL_RCC_GetSysClockFreq                  0x080022d5   Thumb Code    58  stm32f1xx_hal_rcc.o(i.HAL_RCC_GetSysClockFreq)
    HAL_RCC_OscConfig                        0x08002321   Thumb Code   778  stm32f1xx_hal_rcc.o(i.HAL_RCC_OscConfig)
    HAL_SYSTICK_Config                       0x08002641   Thumb Code    40  stm32f1xx_hal_cortex.o(i.HAL_SYSTICK_Config)
    HAL_UART_Init                            0x08002669   Thumb Code   100  stm32f1xx_hal_uart.o(i.HAL_UART_Init)
    HAL_UART_MspInit                         0x080026cd   Thumb Code   100  usart.o(i.HAL_UART_MspInit)
    HAL_UART_Transmit                        0x0800273d   Thumb Code   160  stm32f1xx_hal_uart.o(i.HAL_UART_Transmit)
    HardFault_Handler                        0x080027dd   Thumb Code     2  stm32f1xx_it.o(i.HardFault_Handler)
    Inf_OLED_Clear                           0x08002cb9   Thumb Code    40  int_oled.o(i.Inf_OLED_Clear)
    Inf_OLED_DrawPoint                       0x08002ce5   Thumb Code    40  int_oled.o(i.Inf_OLED_DrawPoint)
    Inf_OLED_Init                            0x08002d11   Thumb Code   242  int_oled.o(i.Inf_OLED_Init)
    Inf_OLED_Refresh                         0x08002e05   Thumb Code    70  int_oled.o(i.Inf_OLED_Refresh)
    Inf_OLED_ShowChar                        0x08002e51   Thumb Code   212  int_oled.o(i.Inf_OLED_ShowChar)
    Inf_OLED_ShowChinese                     0x08002f35   Thumb Code   144  int_oled.o(i.Inf_OLED_ShowChinese)
    Inf_OLED_ShowString                      0x08002fc9   Thumb Code    74  int_oled.o(i.Inf_OLED_ShowString)
    Inf_OLED_WR_Byte                         0x08003015   Thumb Code    32  int_oled.o(i.Inf_OLED_WR_Byte)
    Int_BQ769_ReadReg                        0x08003039   Thumb Code   170  int_bq769.o(i.Int_BQ769_ReadReg)
    Int_BQ769_Reset                          0x08003115   Thumb Code    14  int_bq769.o(i.Int_BQ769_Reset)
    Int_BQ769_Ship                           0x08003125   Thumb Code    74  int_bq769.o(i.Int_BQ769_Ship)
    Int_BQ769_WakeUp                         0x08003175   Thumb Code    44  int_bq769.o(i.Int_BQ769_WakeUp)
    Int_BQ769_WriteReg                       0x080031a5   Thumb Code    74  int_bq769.o(i.Int_BQ769_WriteReg)
    MX_CAN_Init                              0x080031f9   Thumb Code    52  can.o(i.MX_CAN_Init)
    MX_GPIO_Init                             0x08003235   Thumb Code   174  gpio.o(i.MX_GPIO_Init)
    MX_I2C2_Init                             0x080032f1   Thumb Code    50  i2c.o(i.MX_I2C2_Init)
    MX_USART1_UART_Init                      0x08003331   Thumb Code    48  usart.o(i.MX_USART1_UART_Init)
    MemManage_Handler                        0x08003369   Thumb Code     2  stm32f1xx_it.o(i.MemManage_Handler)
    NMI_Handler                              0x0800336b   Thumb Code     2  stm32f1xx_it.o(i.NMI_Handler)
    SysTick_Handler                          0x0800336d   Thumb Code    24  stm32f1xx_it.o(i.SysTick_Handler)
    SystemClock_Config                       0x08003385   Thumb Code    94  main.o(i.SystemClock_Config)
    SystemInit                               0x080033e3   Thumb Code     2  system_stm32f1xx.o(i.SystemInit)
    UsageFault_Handler                       0x0800355f   Thumb Code     2  stm32f1xx_it.o(i.UsageFault_Handler)
    __0printf                                0x08003561   Thumb Code    22  printfa.o(i.__0printf)
    __1printf                                0x08003561   Thumb Code     0  printfa.o(i.__0printf)
    __2printf                                0x08003561   Thumb Code     0  printfa.o(i.__0printf)
    __c89printf                              0x08003561   Thumb Code     0  printfa.o(i.__0printf)
    printf                                   0x08003561   Thumb Code     0  printfa.o(i.__0printf)
    __0sprintf                               0x08003581   Thumb Code    34  printfa.o(i.__0sprintf)
    __1sprintf                               0x08003581   Thumb Code     0  printfa.o(i.__0sprintf)
    __2sprintf                               0x08003581   Thumb Code     0  printfa.o(i.__0sprintf)
    __c89sprintf                             0x08003581   Thumb Code     0  printfa.o(i.__0sprintf)
    sprintf                                  0x08003581   Thumb Code     0  printfa.o(i.__0sprintf)
    __scatterload_copy                       0x080035c9   Thumb Code    14  handlers.o(i.__scatterload_copy)
    __scatterload_null                       0x080035d7   Thumb Code     2  handlers.o(i.__scatterload_null)
    __scatterload_zeroinit                   0x080035d9   Thumb Code    14  handlers.o(i.__scatterload_zeroinit)
    batman_task                              0x08003e7d   Thumb Code    46  app_main.o(i.batman_task)
    cell_balance_task                        0x08003eab   Thumb Code    24  app_main.o(i.cell_balance_task)
    configProtectSet                         0x08003f11   Thumb Code   178  app_batman.o(i.configProtectSet)
    coulomb_task                             0x08003fd9   Thumb Code    14  app_main.o(i.coulomb_task)
    display_task                             0x08004019   Thumb Code    26  app_main.o(i.display_task)
    fmaxf                                    0x0800404d   Thumb Code    40  fmaxf.o(i.fmaxf)
    fputc                                    0x08004075   Thumb Code    20  usart.o(i.fputc)
    free                                     0x0800408d   Thumb Code    76  malloc.o(i.free)
    getTableIndexByValue                     0x080040dd   Thumb Code    94  com_bq769.o(i.getTableIndexByValue)
    main                                     0x080041ad   Thumb Code    74  main.o(i.main)
    malloc                                   0x08004235   Thumb Code    92  malloc.o(i.malloc)
    pvPortMalloc                             0x080045b9   Thumb Code   146  heap_4.o(i.pvPortMalloc)
    pxPortInitialiseStack                    0x08004651   Thumb Code    32  port.o(i.pxPortInitialiseStack)
    roundf                                   0x08004675   Thumb Code   114  roundf.o(i.roundf)
    uxListRemove                             0x080047d1   Thumb Code    38  list.o(i.uxListRemove)
    vListInitialise                          0x080047f7   Thumb Code    22  list.o(i.vListInitialise)
    vListInitialiseItem                      0x0800480d   Thumb Code     6  list.o(i.vListInitialiseItem)
    vListInsert                              0x08004813   Thumb Code    48  list.o(i.vListInsert)
    vPortEnterCritical                       0x08004845   Thumb Code    24  port.o(i.vPortEnterCritical)
    vPortExitCritical                        0x08004861   Thumb Code    16  port.o(i.vPortExitCritical)
    vPortFree                                0x08004875   Thumb Code    64  heap_4.o(i.vPortFree)
    vPortSetupTimerInterrupt                 0x080048b9   Thumb Code    20  port.o(i.vPortSetupTimerInterrupt)
    vTaskDelay                               0x080048d1   Thumb Code    44  tasks.o(i.vTaskDelay)
    vTaskStartScheduler                      0x08004901   Thumb Code    64  tasks.o(i.vTaskStartScheduler)
    vTaskSuspendAll                          0x08004951   Thumb Code    10  tasks.o(i.vTaskSuspendAll)
    vTaskSwitchContext                       0x08004961   Thumb Code    60  tasks.o(i.vTaskSwitchContext)
    xPortStartScheduler                      0x080049a5   Thumb Code    38  port.o(i.xPortStartScheduler)
    xPortSysTickHandler                      0x080049d5   Thumb Code    38  port.o(i.xPortSysTickHandler)
    xTaskCreate                              0x08004a01   Thumb Code    92  tasks.o(i.xTaskCreate)
    xTaskGetSchedulerState                   0x08004a5d   Thumb Code    22  tasks.o(i.xTaskGetSchedulerState)
    xTaskIncrementTick                       0x08004a79   Thumb Code   282  tasks.o(i.xTaskIncrementTick)
    xTaskResumeAll                           0x08004b9d   Thumb Code   266  tasks.o(i.xTaskResumeAll)
    AHBPrescTable                            0x08004cc6   Data          16  system_stm32f1xx.o(.constdata)
    APBPrescTable                            0x08004cd6   Data           8  system_stm32f1xx.o(.constdata)
    asc2_0806                                0x08004cde   Data         552  int_oled.o(.constdata)
    asc2_1206                                0x08004f06   Data        1140  int_oled.o(.constdata)
    asc2_1608                                0x0800537a   Data        1520  int_oled.o(.constdata)
    asc2_2412                                0x0800596a   Data        3420  int_oled.o(.constdata)
    Hzk1                                     0x080066c6   Data         160  int_oled.o(.constdata)
    Region$$Table$$Base                      0x08006768   Number         0  anon$$obj.o(Region$$Table)
    Region$$Table$$Limit                     0x08006788   Number         0  anon$$obj.o(Region$$Table)
    uwTickFreq                               0x20000000   Data           1  stm32f1xx_hal.o(.data)
    uwTickPrio                               0x20000004   Data           4  stm32f1xx_hal.o(.data)
    uwTick                                   0x20000008   Data           4  stm32f1xx_hal.o(.data)
    SystemCoreClock                          0x2000000c   Data           4  system_stm32f1xx.o(.data)
    tempr                                    0x20000011   Data           1  app_batman.o(.data)
    default_coulomb_mas                      0x20000014   Data           4  app_batman.o(.data)
    cur_coulomb_mas                          0x20000018   Data           4  app_batman.o(.data)
    soc_percent                              0x2000001c   Data           4  app_batman.o(.data)
    display_soc_percent                      0x20000020   Data           4  app_batman.o(.data)
    bat_mv                                   0x20000024   Data           4  app_batman.o(.data)
    current_a                                0x20000028   Data           4  app_batman.o(.data)
    pxCurrentTCB                             0x20000054   Data           4  tasks.o(.data)
    uxTopUsedPriority                        0x20000084   Data           4  tasks.o(.data)
    resist_temper_table                      0x200000a0   Data         724  com_bq769.o(.data)
    voltage_soc_ocv_table                    0x20000374   Data         404  com_bq769.o(.data)
    __stdout                                 0x20000508   Data           4  stdout.o(.data)
    __microlib_freelist                      0x2000050c   Data           4  mvars.o(.data)
    __microlib_freelist_initialised          0x20000510   Data           4  mvars.o(.data)
    hcan                                     0x20000514   Data          40  can.o(.bss)
    hi2c2                                    0x2000053c   Data          84  i2c.o(.bss)
    huart1                                   0x20000590   Data          72  usart.o(.bss)
    cell_mv                                  0x200005d8   Data          12  app_batman.o(.bss)
    BQ769_RegisterGroup                      0x20000610   Data          56  int_bq769.o(.bss)
    OLED_GRAM                                0x20000648   Data        1152  int_oled.o(.bss)
    __heap_base                              0x20004790   Data           0  startup_stm32f103xb.o(HEAP)
    __heap_limit                             0x20004990   Data           0  startup_stm32f103xb.o(HEAP)
    __initial_sp                             0x20004d90   Data           0  startup_stm32f103xb.o(STACK)



==============================================================================

Memory Map of the image

  Image Entry point : 0x080000ed

  Load Region LR_IROM1 (Base: 0x08000000, Size: 0x00006c9c, Max: 0x00010000, ABSOLUTE, COMPRESSED[0x00006b24])

    Execution Region ER_IROM1 (Exec base: 0x08000000, Load base: 0x08000000, Size: 0x00006788, Max: 0x00010000, ABSOLUTE)

    Exec Addr    Load Addr    Size         Type   Attr      Idx    E Section Name        Object

    0x08000000   0x08000000   0x000000ec   Data   RO            3    RESET               startup_stm32f103xb.o
    0x080000ec   0x080000ec   0x00000000   Code   RO         4013  * .ARM.Collect$$$$00000000  mc_w.l(entry.o)
    0x080000ec   0x080000ec   0x00000004   Code   RO         4351    .ARM.Collect$$$$00000001  mc_w.l(entry2.o)
    0x080000f0   0x080000f0   0x00000004   Code   RO         4354    .ARM.Collect$$$$00000004  mc_w.l(entry5.o)
    0x080000f4   0x080000f4   0x00000000   Code   RO         4356    .ARM.Collect$$$$00000008  mc_w.l(entry7b.o)
    0x080000f4   0x080000f4   0x00000000   Code   RO         4358    .ARM.Collect$$$$0000000A  mc_w.l(entry8b.o)
    0x080000f4   0x080000f4   0x00000008   Code   RO         4359    .ARM.Collect$$$$0000000B  mc_w.l(entry9a.o)
    0x080000fc   0x080000fc   0x00000004   Code   RO         4366    .ARM.Collect$$$$0000000E  mc_w.l(entry12b.o)
    0x08000100   0x08000100   0x00000000   Code   RO         4361    .ARM.Collect$$$$0000000F  mc_w.l(entry10a.o)
    0x08000100   0x08000100   0x00000000   Code   RO         4363    .ARM.Collect$$$$00000011  mc_w.l(entry11a.o)
    0x08000100   0x08000100   0x00000004   Code   RO         4352    .ARM.Collect$$$$00002712  mc_w.l(entry2.o)
    0x08000104   0x08000104   0x00000096   Code   RO         3212    .emb_text           port.o
    0x0800019a   0x0800019a   0x00000002   PAD
    0x0800019c   0x0800019c   0x00000024   Code   RO            4    .text               startup_stm32f103xb.o
    0x080001c0   0x080001c0   0x00000020   Code   RO         4016    .text               mc_w.l(llushr.o)
    0x080001e0   0x080001e0   0x00000024   Code   RO         4020    .text               mc_w.l(memseta.o)
    0x08000204   0x08000204   0x0000000e   Code   RO         4022    .text               mc_w.l(strlen.o)
    0x08000212   0x08000212   0x000000b0   Code   RO         4315    .text               mf_w.l(fadd.o)
    0x080002c2   0x080002c2   0x00000064   Code   RO         4317    .text               mf_w.l(fmul.o)
    0x08000326   0x08000326   0x0000007c   Code   RO         4319    .text               mf_w.l(fdiv.o)
    0x080003a2   0x080003a2   0x0000014e   Code   RO         4321    .text               mf_w.l(dadd.o)
    0x080004f0   0x080004f0   0x000000e4   Code   RO         4323    .text               mf_w.l(dmul.o)
    0x080005d4   0x080005d4   0x000000de   Code   RO         4325    .text               mf_w.l(ddiv.o)
    0x080006b2   0x080006b2   0x00000012   Code   RO         4327    .text               mf_w.l(fflti.o)
    0x080006c4   0x080006c4   0x0000000a   Code   RO         4329    .text               mf_w.l(ffltui.o)
    0x080006ce   0x080006ce   0x00000022   Code   RO         4331    .text               mf_w.l(dflti.o)
    0x080006f0   0x080006f0   0x0000001a   Code   RO         4333    .text               mf_w.l(dfltui.o)
    0x0800070a   0x0800070a   0x00000032   Code   RO         4335    .text               mf_w.l(ffixi.o)
    0x0800073c   0x0800073c   0x00000028   Code   RO         4337    .text               mf_w.l(ffixui.o)
    0x08000764   0x08000764   0x00000032   Code   RO         4339    .text               mf_w.l(dfixui.o)
    0x08000796   0x08000796   0x00000026   Code   RO         4341    .text               mf_w.l(f2d.o)
    0x080007bc   0x080007bc   0x00000038   Code   RO         4345    .text               mf_w.l(d2f.o)
    0x080007f4   0x080007f4   0x00000014   Code   RO         4347    .text               mf_w.l(cfcmple.o)
    0x08000808   0x08000808   0x00000014   Code   RO         4349    .text               mf_w.l(cfrcmple.o)
    0x0800081c   0x0800081c   0x0000002c   Code   RO         4368    .text               mc_w.l(uidiv.o)
    0x08000848   0x08000848   0x00000062   Code   RO         4370    .text               mc_w.l(uldiv.o)
    0x080008aa   0x080008aa   0x0000001e   Code   RO         4372    .text               mc_w.l(llshl.o)
    0x080008c8   0x080008c8   0x00000024   Code   RO         4374    .text               mc_w.l(llsshr.o)
    0x080008ec   0x080008ec   0x00000000   Code   RO         4378    .text               mc_w.l(iusefp.o)
    0x080008ec   0x080008ec   0x0000006e   Code   RO         4379    .text               mf_w.l(fepilogue.o)
    0x0800095a   0x0800095a   0x0000003c   Code   RO         4381    .text               mf_w.l(frnd.o)
    0x08000996   0x08000996   0x000000ba   Code   RO         4383    .text               mf_w.l(depilogue.o)
    0x08000a50   0x08000a50   0x00000030   Code   RO         4385    .text               mf_w.l(dfixul.o)
    0x08000a80   0x08000a80   0x00000030   Code   RO         4387    .text               mf_w.l(cdrcmple.o)
    0x08000ab0   0x08000ab0   0x00000036   Code   RO         4389    .text               mf_w.l(fcmp4.o)
    0x08000ae6   0x08000ae6   0x00000002   PAD
    0x08000ae8   0x08000ae8   0x00000024   Code   RO         4391    .text               mc_w.l(init.o)
    0x08000b0c   0x08000b0c   0x00000056   Code   RO         4401    .text               mc_w.l(__dczerorl2.o)
    0x08000b62   0x08000b62   0x00000002   PAD
    0x08000b64   0x08000b64   0x0000001c   Code   RO         2696    i.App_Batman_CalcCoulomb  app_batman.o
    0x08000b80   0x08000b80   0x00000098   Code   RO         2697    i.App_Batman_CalcSoc  app_batman.o
    0x08000c18   0x08000c18   0x0000022c   Code   RO         2699    i.App_Batman_CellBalance  app_batman.o
    0x08000e44   0x08000e44   0x000000d0   Code   RO         2700    i.App_Batman_Init   app_batman.o
    0x08000f14   0x08000f14   0x000000a8   Code   RO         2703    i.App_Batman_SocFilter  app_batman.o
    0x08000fbc   0x08000fbc   0x0000006c   Code   RO         2704    i.App_Batman_loadBatVoltage  app_batman.o
    0x08001028   0x08001028   0x0000010c   Code   RO         2705    i.App_Batman_loadCellsVoltage  app_batman.o
    0x08001134   0x08001134   0x00000074   Code   RO         2706    i.App_Batman_loadCurrent  app_batman.o
    0x080011a8   0x080011a8   0x000000a4   Code   RO         2707    i.App_Batman_loadTemperature  app_batman.o
    0x0800124c   0x0800124c   0x00000004   Code   RO         2588    i.App_Display_Init  app_display.o
    0x08001250   0x08001250   0x00000058   Code   RO         2589    i.App_Display_Show  app_display.o
    0x080012a8   0x080012a8   0x000000a4   Code   RO         2627    i.App_Main          app_main.o
    0x0800134c   0x0800134c   0x0000003c   Code   RO         2844    i.App_Soc_ConfigInit  app_soc.o
    0x08001388   0x08001388   0x0000002c   Code   RO         2845    i.App_Soc_GetSocPercent  app_soc.o
    0x080013b4   0x080013b4   0x00000028   Code   RO         2846    i.App_Soc_Init      app_soc.o
    0x080013dc   0x080013dc   0x000001d8   Code   RO         2847    i.App_Soc_Update    app_soc.o
    0x080015b4   0x080015b4   0x00000002   Code   RO          380    i.BusFault_Handler  stm32f1xx_it.o
    0x080015b6   0x080015b6   0x00000002   PAD
    0x080015b8   0x080015b8   0x00000030   Code   RO         3979    i.Com_BQ769_getPercentByVoltage  com_bq769.o
    0x080015e8   0x080015e8   0x0000001c   Code   RO         3980    i.Com_BQ769_getTemperByResist  com_bq769.o
    0x08001604   0x08001604   0x00000002   Code   RO          381    i.DebugMon_Handler  stm32f1xx_it.o
    0x08001606   0x08001606   0x00000004   Code   RO           13    i.Error_Handler     main.o
    0x0800160a   0x0800160a   0x0000011a   Code   RO          517    i.HAL_CAN_Init      stm32f1xx_hal_can.o
    0x08001724   0x08001724   0x0000006c   Code   RO          249    i.HAL_CAN_MspInit   can.o
    0x08001790   0x08001790   0x00000024   Code   RO          744    i.HAL_Delay         stm32f1xx_hal.o
    0x080017b4   0x080017b4   0x000001e0   Code   RO         1054    i.HAL_GPIO_Init     stm32f1xx_hal_gpio.o
    0x08001994   0x08001994   0x0000000a   Code   RO         1056    i.HAL_GPIO_ReadPin  stm32f1xx_hal_gpio.o
    0x0800199e   0x0800199e   0x0000000a   Code   RO         1058    i.HAL_GPIO_WritePin  stm32f1xx_hal_gpio.o
    0x080019a8   0x080019a8   0x0000000c   Code   RO          748    i.HAL_GetTick       stm32f1xx_hal.o
    0x080019b4   0x080019b4   0x00000188   Code   RO         1725    i.HAL_I2C_Init      stm32f1xx_hal_i2c.o
    0x08001b3c   0x08001b3c   0x0000012c   Code   RO         1738    i.HAL_I2C_Master_Transmit  stm32f1xx_hal_i2c.o
    0x08001c68   0x08001c68   0x0000025c   Code   RO         1743    i.HAL_I2C_Mem_Read  stm32f1xx_hal_i2c.o
    0x08001ec4   0x08001ec4   0x00000130   Code   RO         1746    i.HAL_I2C_Mem_Write  stm32f1xx_hal_i2c.o
    0x08001ff4   0x08001ff4   0x00000060   Code   RO          291    i.HAL_I2C_MspInit   i2c.o
    0x08002054   0x08002054   0x00000010   Code   RO          754    i.HAL_IncTick       stm32f1xx_hal.o
    0x08002064   0x08002064   0x00000024   Code   RO          755    i.HAL_Init          stm32f1xx_hal.o
    0x08002088   0x08002088   0x00000040   Code   RO          756    i.HAL_InitTick      stm32f1xx_hal.o
    0x080020c8   0x080020c8   0x0000003c   Code   RO          443    i.HAL_MspInit       stm32f1xx_hal_msp.o
    0x08002104   0x08002104   0x00000040   Code   RO         1220    i.HAL_NVIC_SetPriority  stm32f1xx_hal_cortex.o
    0x08002144   0x08002144   0x00000024   Code   RO         1221    i.HAL_NVIC_SetPriorityGrouping  stm32f1xx_hal_cortex.o
    0x08002168   0x08002168   0x0000012c   Code   RO          912    i.HAL_RCC_ClockConfig  stm32f1xx_hal_rcc.o
    0x08002294   0x08002294   0x00000020   Code   RO          919    i.HAL_RCC_GetPCLK1Freq  stm32f1xx_hal_rcc.o
    0x080022b4   0x080022b4   0x00000020   Code   RO          920    i.HAL_RCC_GetPCLK2Freq  stm32f1xx_hal_rcc.o
    0x080022d4   0x080022d4   0x0000004c   Code   RO          921    i.HAL_RCC_GetSysClockFreq  stm32f1xx_hal_rcc.o
    0x08002320   0x08002320   0x00000320   Code   RO          924    i.HAL_RCC_OscConfig  stm32f1xx_hal_rcc.o
    0x08002640   0x08002640   0x00000028   Code   RO         1225    i.HAL_SYSTICK_Config  stm32f1xx_hal_cortex.o
    0x08002668   0x08002668   0x00000064   Code   RO         2217    i.HAL_UART_Init     stm32f1xx_hal_uart.o
    0x080026cc   0x080026cc   0x00000070   Code   RO          333    i.HAL_UART_MspInit  usart.o
    0x0800273c   0x0800273c   0x000000a0   Code   RO         2225    i.HAL_UART_Transmit  stm32f1xx_hal_uart.o
    0x080027dc   0x080027dc   0x00000002   Code   RO          382    i.HardFault_Handler  stm32f1xx_it.o
    0x080027de   0x080027de   0x0000002e   Code   RO         1768    i.I2C_IsAcknowledgeFailed  stm32f1xx_hal_i2c.o
    0x0800280c   0x0800280c   0x0000009c   Code   RO         1772    i.I2C_MasterRequestWrite  stm32f1xx_hal_i2c.o
    0x080028a8   0x080028a8   0x000000fc   Code   RO         1778    i.I2C_RequestMemoryRead  stm32f1xx_hal_i2c.o
    0x080029a4   0x080029a4   0x000000a8   Code   RO         1779    i.I2C_RequestMemoryWrite  stm32f1xx_hal_i2c.o
    0x08002a4c   0x08002a4c   0x00000056   Code   RO         1783    i.I2C_WaitOnBTFFlagUntilTimeout  stm32f1xx_hal_i2c.o
    0x08002aa2   0x08002aa2   0x00000002   PAD
    0x08002aa4   0x08002aa4   0x00000090   Code   RO         1784    i.I2C_WaitOnFlagUntilTimeout  stm32f1xx_hal_i2c.o
    0x08002b34   0x08002b34   0x000000bc   Code   RO         1785    i.I2C_WaitOnMasterAddressFlagUntilTimeout  stm32f1xx_hal_i2c.o
    0x08002bf0   0x08002bf0   0x00000070   Code   RO         1786    i.I2C_WaitOnRXNEFlagUntilTimeout  stm32f1xx_hal_i2c.o
    0x08002c60   0x08002c60   0x00000056   Code   RO         1787    i.I2C_WaitOnTXEFlagUntilTimeout  stm32f1xx_hal_i2c.o
    0x08002cb6   0x08002cb6   0x00000002   PAD
    0x08002cb8   0x08002cb8   0x0000002c   Code   RO         2999    i.Inf_OLED_Clear    int_oled.o
    0x08002ce4   0x08002ce4   0x0000002c   Code   RO         3006    i.Inf_OLED_DrawPoint  int_oled.o
    0x08002d10   0x08002d10   0x000000f2   Code   RO         3007    i.Inf_OLED_Init     int_oled.o
    0x08002e02   0x08002e02   0x00000002   PAD
    0x08002e04   0x08002e04   0x0000004c   Code   RO         3009    i.Inf_OLED_Refresh  int_oled.o
    0x08002e50   0x08002e50   0x000000e4   Code   RO         3011    i.Inf_OLED_ShowChar  int_oled.o
    0x08002f34   0x08002f34   0x00000094   Code   RO         3012    i.Inf_OLED_ShowChinese  int_oled.o
    0x08002fc8   0x08002fc8   0x0000004a   Code   RO         3015    i.Inf_OLED_ShowString  int_oled.o
    0x08003012   0x08003012   0x00000002   PAD
    0x08003014   0x08003014   0x00000024   Code   RO         3016    i.Inf_OLED_WR_Byte  int_oled.o
    0x08003038   0x08003038   0x000000dc   Code   RO         2894    i.Int_BQ769_ReadReg  int_bq769.o
    0x08003114   0x08003114   0x0000000e   Code   RO         2895    i.Int_BQ769_Reset   int_bq769.o
    0x08003122   0x08003122   0x00000002   PAD
    0x08003124   0x08003124   0x00000050   Code   RO         2896    i.Int_BQ769_Ship    int_bq769.o
    0x08003174   0x08003174   0x00000030   Code   RO         2897    i.Int_BQ769_WakeUp  int_bq769.o
    0x080031a4   0x080031a4   0x00000054   Code   RO         2898    i.Int_BQ769_WriteReg  int_bq769.o
    0x080031f8   0x080031f8   0x0000003c   Code   RO          250    i.MX_CAN_Init       can.o
    0x08003234   0x08003234   0x000000bc   Code   RO          224    i.MX_GPIO_Init      gpio.o
    0x080032f0   0x080032f0   0x00000040   Code   RO          292    i.MX_I2C2_Init      i2c.o
    0x08003330   0x08003330   0x00000038   Code   RO          334    i.MX_USART1_UART_Init  usart.o
    0x08003368   0x08003368   0x00000002   Code   RO          383    i.MemManage_Handler  stm32f1xx_it.o
    0x0800336a   0x0800336a   0x00000002   Code   RO          384    i.NMI_Handler       stm32f1xx_it.o
    0x0800336c   0x0800336c   0x00000018   Code   RO          385    i.SysTick_Handler   stm32f1xx_it.o
    0x08003384   0x08003384   0x0000005e   Code   RO           14    i.SystemClock_Config  main.o
    0x080033e2   0x080033e2   0x00000002   Code   RO         2551    i.SystemInit        system_stm32f1xx.o
    0x080033e4   0x080033e4   0x0000004e   Code   RO         2240    i.UART_EndRxTransfer  stm32f1xx_hal_uart.o
    0x08003432   0x08003432   0x00000002   PAD
    0x08003434   0x08003434   0x000000b8   Code   RO         2243    i.UART_SetConfig    stm32f1xx_hal_uart.o
    0x080034ec   0x080034ec   0x00000072   Code   RO         2246    i.UART_WaitOnFlagUntilTimeout  stm32f1xx_hal_uart.o
    0x0800355e   0x0800355e   0x00000002   Code   RO          386    i.UsageFault_Handler  stm32f1xx_it.o
    0x08003560   0x08003560   0x00000020   Code   RO         4259    i.__0printf         mc_w.l(printfa.o)
    0x08003580   0x08003580   0x00000028   Code   RO         4261    i.__0sprintf        mc_w.l(printfa.o)
    0x080035a8   0x080035a8   0x00000020   Code   RO         1227    i.__NVIC_SetPriority  stm32f1xx_hal_cortex.o
    0x080035c8   0x080035c8   0x0000000e   Code   RO         4395    i.__scatterload_copy  mc_w.l(handlers.o)
    0x080035d6   0x080035d6   0x00000002   Code   RO         4396    i.__scatterload_null  mc_w.l(handlers.o)
    0x080035d8   0x080035d8   0x0000000e   Code   RO         4397    i.__scatterload_zeroinit  mc_w.l(handlers.o)
    0x080035e6   0x080035e6   0x00000002   PAD
    0x080035e8   0x080035e8   0x00000184   Code   RO         4266    i._fp_digits        mc_w.l(printfa.o)
    0x0800376c   0x0800376c   0x000006b4   Code   RO         4267    i._printf_core      mc_w.l(printfa.o)
    0x08003e20   0x08003e20   0x00000024   Code   RO         4268    i._printf_post_padding  mc_w.l(printfa.o)
    0x08003e44   0x08003e44   0x0000002e   Code   RO         4269    i._printf_pre_padding  mc_w.l(printfa.o)
    0x08003e72   0x08003e72   0x0000000a   Code   RO         4271    i._sputc            mc_w.l(printfa.o)
    0x08003e7c   0x08003e7c   0x0000002e   Code   RO         2628    i.batman_task       app_main.o
    0x08003eaa   0x08003eaa   0x00000018   Code   RO         2630    i.cell_balance_task  app_main.o
    0x08003ec2   0x08003ec2   0x00000024   Code   RO         2848    i.clampf            app_soc.o
    0x08003ee6   0x08003ee6   0x00000002   PAD
    0x08003ee8   0x08003ee8   0x00000028   Code   RO         2708    i.configParameters  app_batman.o
    0x08003f10   0x08003f10   0x000000c8   Code   RO         2709    i.configProtectSet  app_batman.o
    0x08003fd8   0x08003fd8   0x0000000e   Code   RO         2631    i.coulomb_task      app_main.o
    0x08003fe6   0x08003fe6   0x00000030   Code   RO         2899    i.crc8_calculate    int_bq769.o
    0x08004016   0x08004016   0x00000002   PAD
    0x08004018   0x08004018   0x00000034   Code   RO         2632    i.display_task      app_main.o
    0x0800404c   0x0800404c   0x00000028   Code   RO         4009    i.fmaxf             m_ws.l(fmaxf.o)
    0x08004074   0x08004074   0x00000018   Code   RO          335    i.fputc             usart.o
    0x0800408c   0x0800408c   0x00000050   Code   RO         4287    i.free              mc_w.l(malloc.o)
    0x080040dc   0x080040dc   0x0000005e   Code   RO         3981    i.getTableIndexByValue  com_bq769.o
    0x0800413a   0x0800413a   0x00000002   PAD
    0x0800413c   0x0800413c   0x00000070   Code   RO         2710    i.loadGainAndOffset  app_batman.o
    0x080041ac   0x080041ac   0x00000088   Code   RO           15    i.main              main.o
    0x08004234   0x08004234   0x0000006c   Code   RO         4288    i.malloc            mc_w.l(malloc.o)
    0x080042a0   0x080042a0   0x00000088   Code   RO         3678    i.prvAddCurrentTaskToDelayedList  tasks.o
    0x08004328   0x08004328   0x000000f0   Code   RO         3679    i.prvAddNewTaskToReadyList  tasks.o
    0x08004418   0x08004418   0x00000014   Code   RO         3680    i.prvDeleteTCB      tasks.o
    0x0800442c   0x0800442c   0x00000044   Code   RO         3130    i.prvHeapInit       heap_4.o
    0x08004470   0x08004470   0x00000060   Code   RO         3681    i.prvIdleTask       tasks.o
    0x080044d0   0x080044d0   0x00000070   Code   RO         3682    i.prvInitialiseNewTask  tasks.o
    0x08004540   0x08004540   0x0000004c   Code   RO         3131    i.prvInsertBlockIntoFreeList  heap_4.o
    0x0800458c   0x0800458c   0x0000001c   Code   RO         3683    i.prvResetNextTaskUnblockTime  tasks.o
    0x080045a8   0x080045a8   0x00000010   Code   RO         3213    i.prvTaskExitError  port.o
    0x080045b8   0x080045b8   0x00000098   Code   RO         3133    i.pvPortMalloc      heap_4.o
    0x08004650   0x08004650   0x00000024   Code   RO         3214    i.pxPortInitialiseStack  port.o
    0x08004674   0x08004674   0x00000072   Code   RO         4011    i.roundf            m_ws.l(roundf.o)
    0x080046e6   0x080046e6   0x00000002   PAD
    0x080046e8   0x080046e8   0x000000e8   Code   RO         2590    i.show_battery_data  app_display.o
    0x080047d0   0x080047d0   0x00000026   Code   RO         3375    i.uxListRemove      list.o
    0x080047f6   0x080047f6   0x00000016   Code   RO         3376    i.vListInitialise   list.o
    0x0800480c   0x0800480c   0x00000006   Code   RO         3377    i.vListInitialiseItem  list.o
    0x08004812   0x08004812   0x00000030   Code   RO         3378    i.vListInsert       list.o
    0x08004842   0x08004842   0x00000002   PAD
    0x08004844   0x08004844   0x0000001c   Code   RO         3216    i.vPortEnterCritical  port.o
    0x08004860   0x08004860   0x00000014   Code   RO         3217    i.vPortExitCritical  port.o
    0x08004874   0x08004874   0x00000044   Code   RO         3135    i.vPortFree         heap_4.o
    0x080048b8   0x080048b8   0x00000018   Code   RO         3218    i.vPortSetupTimerInterrupt  port.o
    0x080048d0   0x080048d0   0x00000030   Code   RO         3691    i.vTaskDelay        tasks.o
    0x08004900   0x08004900   0x00000050   Code   RO         3703    i.vTaskStartScheduler  tasks.o
    0x08004950   0x08004950   0x00000010   Code   RO         3705    i.vTaskSuspendAll   tasks.o
    0x08004960   0x08004960   0x00000044   Code   RO         3706    i.vTaskSwitchContext  tasks.o
    0x080049a4   0x080049a4   0x00000030   Code   RO         3219    i.xPortStartScheduler  port.o
    0x080049d4   0x080049d4   0x0000002c   Code   RO         3220    i.xPortSysTickHandler  port.o
    0x08004a00   0x08004a00   0x0000005c   Code   RO         3709    i.xTaskCreate       tasks.o
    0x08004a5c   0x08004a5c   0x0000001c   Code   RO         3716    i.xTaskGetSchedulerState  tasks.o
    0x08004a78   0x08004a78   0x00000124   Code   RO         3719    i.xTaskIncrementTick  tasks.o
    0x08004b9c   0x08004b9c   0x00000118   Code   RO         3721    i.xTaskResumeAll    tasks.o
    0x08004cb4   0x08004cb4   0x00000012   Data   RO          925    .constdata          stm32f1xx_hal_rcc.o
    0x08004cc6   0x08004cc6   0x00000010   Data   RO         2552    .constdata          system_stm32f1xx.o
    0x08004cd6   0x08004cd6   0x00000008   Data   RO         2553    .constdata          system_stm32f1xx.o
    0x08004cde   0x08004cde   0x00001a88   Data   RO         3018    .constdata          int_oled.o
    0x08006766   0x08006766   0x00000002   PAD
    0x08006768   0x08006768   0x00000020   Data   RO         4393    Region$$Table       anon$$obj.o


    Execution Region RW_IRAM1 (Exec base: 0x20000000, Load base: 0x08006788, Size: 0x00004d90, Max: 0x00005000, ABSOLUTE, COMPRESSED[0x0000039c])

    Exec Addr    Load Addr    Size         Type   Attr      Idx    E Section Name        Object

    0x20000000   COMPRESSED   0x0000000c   Data   RW          762    .data               stm32f1xx_hal.o
    0x2000000c   COMPRESSED   0x00000004   Data   RW         2554    .data               system_stm32f1xx.o
    0x20000010   COMPRESSED   0x00000022   Data   RW         2712    .data               app_batman.o
    0x20000032   COMPRESSED   0x00000002   PAD
    0x20000034   COMPRESSED   0x0000001c   Data   RW         3141    .data               heap_4.o
    0x20000050   COMPRESSED   0x00000004   Data   RW         3221    .data               port.o
    0x20000054   COMPRESSED   0x00000040   Data   RW         3724    .data               tasks.o
    0x20000094   COMPRESSED   0x00000474   Data   RW         3982    .data               com_bq769.o
    0x20000508   COMPRESSED   0x00000004   Data   RW         4367    .data               mc_w.l(stdout.o)
    0x2000050c   COMPRESSED   0x00000004   Data   RW         4376    .data               mc_w.l(mvars.o)
    0x20000510   COMPRESSED   0x00000004   Data   RW         4377    .data               mc_w.l(mvars.o)
    0x20000514        -       0x00000028   Zero   RW          251    .bss                can.o
    0x2000053c        -       0x00000054   Zero   RW          293    .bss                i2c.o
    0x20000590        -       0x00000048   Zero   RW          336    .bss                usart.o
    0x200005d8        -       0x0000000c   Zero   RW         2711    .bss                app_batman.o
    0x200005e4        -       0x0000002c   Zero   RW         2849    .bss                app_soc.o
    0x20000610        -       0x00000038   Zero   RW         2900    .bss                int_bq769.o
    0x20000648        -       0x00000480   Zero   RW         3017    .bss                int_oled.o
    0x20000ac8        -       0x00003c00   Zero   RW         3140    .bss                heap_4.o
    0x200046c8        -       0x000000c8   Zero   RW         3723    .bss                tasks.o
    0x20004790        -       0x00000200   Zero   RW            2    HEAP                startup_stm32f103xb.o
    0x20004990        -       0x00000400   Zero   RW            1    STACK               startup_stm32f103xb.o


==============================================================================

Image component sizes


      Code (inc. data)   RO Data    RW Data    ZI Data      Debug   Object Name

      2120        688          0         34         12       9651   app_batman.o
       324         56          0          0          0       2159   app_display.o
       300        106          0          0          0       2395   app_main.o
       652         92          0          0         44       4179   app_soc.o
       168         20          0          0         40       1731   can.o
       170         20          0       1140          0       2865   com_bq769.o
       188         14          0          0          0       1015   gpio.o
       364         22          0         28      15360       7235   heap_4.o
       160         28          0          0         84       1713   i2c.o
       494         70          0          0         56       9969   int_bq769.o
       892         38       6792          0       1152       7137   int_oled.o
       114          0          0          0          0       2693   list.o
       234         62          0          0          0     429476   main.o
       366         44          0          4          0       9116   port.o
        36          8        236          0       1536        812   startup_stm32f103xb.o
       164         28          0         12          0       6081   stm32f1xx_hal.o
       282          0          0          0          0       1435   stm32f1xx_hal_can.o
       172         14          0          0          0      28394   stm32f1xx_hal_cortex.o
       500         34          0          0          0       3599   stm32f1xx_hal_gpio.o
      2838         72          0          0          0      15296   stm32f1xx_hal_i2c.o
        60          8          0          0          0        914   stm32f1xx_hal_msp.o
      1240         84         18          0          0       5244   stm32f1xx_hal_rcc.o
       636          6          0          0          0       4768   stm32f1xx_hal_uart.o
        36          0          0          0          0       3247   stm32f1xx_it.o
         2          0         24          4          0       1179   system_stm32f1xx.o
      1536        104          0         64        200      26209   tasks.o
       192         24          0          0         72       2266   usart.o

    ----------------------------------------------------------------------
     14264       1642       7104       1288      18556     590778   Object Totals
         0          0         32          0          0          0   (incl. Generated)
        24          0          2          2          0          0   (incl. Padding)

    ----------------------------------------------------------------------

      Code (inc. data)   RO Data    RW Data    ZI Data      Debug   Library Member Name

        40          0          0          0          0         80   fmaxf.o
       114          0          0          0          0         80   roundf.o
        86          0          0          0          0          0   __dczerorl2.o
         0          0          0          0          0          0   entry.o
         0          0          0          0          0          0   entry10a.o
         0          0          0          0          0          0   entry11a.o
         4          0          0          0          0          0   entry12b.o
         8          4          0          0          0          0   entry2.o
         4          0          0          0          0          0   entry5.o
         0          0          0          0          0          0   entry7b.o
         0          0          0          0          0          0   entry8b.o
         8          4          0          0          0          0   entry9a.o
        30          0          0          0          0          0   handlers.o
        36          8          0          0          0         68   init.o
         0          0          0          0          0          0   iusefp.o
        30          0          0          0          0         68   llshl.o
        36          0          0          0          0         68   llsshr.o
        32          0          0          0          0         68   llushr.o
       188         20          0          0          0        160   malloc.o
        36          0          0          0          0        108   memseta.o
         0          0          0          8          0          0   mvars.o
      2268         96          0          0          0        616   printfa.o
         0          0          0          4          0          0   stdout.o
        14          0          0          0          0         68   strlen.o
        44          0          0          0          0         80   uidiv.o
        98          0          0          0          0         92   uldiv.o
        48          0          0          0          0         68   cdrcmple.o
        20          0          0          0          0         68   cfcmple.o
        20          0          0          0          0         68   cfrcmple.o
        56          0          0          0          0         88   d2f.o
       334          0          0          0          0        148   dadd.o
       222          0          0          0          0        100   ddiv.o
       186          0          0          0          0        176   depilogue.o
        50          0          0          0          0         76   dfixui.o
        48          0          0          0          0         68   dfixul.o
        34          0          0          0          0         76   dflti.o
        26          0          0          0          0         76   dfltui.o
       228          0          0          0          0         96   dmul.o
        38          0          0          0          0         68   f2d.o
       176          0          0          0          0        140   fadd.o
        54          0          0          0          0         68   fcmp4.o
       124          0          0          0          0         88   fdiv.o
       110          0          0          0          0        168   fepilogue.o
        50          0          0          0          0         68   ffixi.o
        40          0          0          0          0         68   ffixui.o
        18          0          0          0          0         68   fflti.o
        10          0          0          0          0         68   ffltui.o
       100          0          0          0          0         76   fmul.o
        60          0          0          0          0         76   frnd.o

    ----------------------------------------------------------------------
      5136        132          0         12          0       3620   Library Totals
         8          0          0          0          0          0   (incl. Padding)

    ----------------------------------------------------------------------

      Code (inc. data)   RO Data    RW Data    ZI Data      Debug   Library Name

       154          0          0          0          0        160   m_ws.l
      2922        132          0         12          0       1396   mc_w.l
      2052          0          0          0          0       2064   mf_w.l

    ----------------------------------------------------------------------
      5136        132          0         12          0       3620   Library Totals

    ----------------------------------------------------------------------

==============================================================================


      Code (inc. data)   RO Data    RW Data    ZI Data      Debug   

     19400       1774       7104       1300      18556     586102   Grand Totals
     19400       1774       7104        924      18556     586102   ELF Image Totals (compressed)
     19400       1774       7104        924          0          0   ROM Totals

==============================================================================

    Total RO  Size (Code + RO Data)                26504 (  25.88kB)
    Total RW  Size (RW Data + ZI Data)             19856 (  19.39kB)
    Total ROM Size (Code + RO Data + RW Data)      27428 (  26.79kB)

==============================================================================

