<!doctype html public "-//w3c//dtd html 4.0 transitional//en">
<html><head>
<title>Static Call Graph - [bms24v_platform\bms24v_platform.axf]</title></head>
<body><HR>
<H1>Static Call Graph for image bms24v_platform\bms24v_platform.axf</H1><HR>
<BR><P>#&#060CALLGRAPH&#062# ARM Linker, 5060960: Last Updated: Tue Jun 30 15:22:28 2026
<BR><P>
<H3>Maximum Stack Usage =        392 bytes + Unknown(Cycles, Untraceable Function Pointers)</H3><H3>
Call chain for Maximum Stack Depth:</H3>
main &rArr; App_BatMan_Init &rArr; App_BatMan_KeepMainFetsOff &rArr; Int_BQ76952_ReadSubcommand &rArr; Int_BQ76952_ReadTransfer &rArr; Int_BQ76952_ReadDirect &rArr; HAL_I2C_Mem_Read &rArr; I2C_RequestMemoryRead &rArr; I2C_WaitOnFlagUntilTimeout &rArr; I2C_IsErrorOccurred
<P>
<H3>
Mutually Recursive functions
</H3> <LI><a href="#[3]">SVC_Handler</a>&nbsp;&nbsp;&nbsp;&rArr;&nbsp;&nbsp;&nbsp;<a href="#[3]">SVC_Handler</a><BR>
 <LI><a href="#[4]">PendSV_Handler</a>&nbsp;&nbsp;&nbsp;&rArr;&nbsp;&nbsp;&nbsp;<a href="#[4]">PendSV_Handler</a><BR>
 <LI><a href="#[5]">SysTick_Handler</a>&nbsp;&nbsp;&nbsp;&rArr;&nbsp;&nbsp;&nbsp;<a href="#[5]">SysTick_Handler</a><BR>
 <LI><a href="#[12]">ADC1_COMP_IRQHandler</a>&nbsp;&nbsp;&nbsp;&rArr;&nbsp;&nbsp;&nbsp;<a href="#[12]">ADC1_COMP_IRQHandler</a><BR>
 <LI><a href="#[2]">HardFault_Handler</a>&nbsp;&nbsp;&nbsp;&rArr;&nbsp;&nbsp;&nbsp;<a href="#[2]">HardFault_Handler</a><BR>
 <LI><a href="#[1]">NMI_Handler</a>&nbsp;&nbsp;&nbsp;&rArr;&nbsp;&nbsp;&nbsp;<a href="#[1]">NMI_Handler</a><BR>
</UL>
<P>
<H3>
Function Pointers
</H3><UL>
 <LI><a href="#[12]">ADC1_COMP_IRQHandler</a> from startup_stm32g0b1xx.o(.text) referenced from startup_stm32g0b1xx.o(RESET)
 <LI><a href="#[24]">CEC_IRQHandler</a> from startup_stm32g0b1xx.o(.text) referenced from startup_stm32g0b1xx.o(RESET)
 <LI><a href="#[11]">DMA1_Ch4_7_DMA2_Ch1_5_DMAMUX1_OVR_IRQHandler</a> from startup_stm32g0b1xx.o(.text) referenced from startup_stm32g0b1xx.o(RESET)
 <LI><a href="#[f]">DMA1_Channel1_IRQHandler</a> from startup_stm32g0b1xx.o(.text) referenced from startup_stm32g0b1xx.o(RESET)
 <LI><a href="#[10]">DMA1_Channel2_3_IRQHandler</a> from startup_stm32g0b1xx.o(.text) referenced from startup_stm32g0b1xx.o(RESET)
 <LI><a href="#[b]">EXTI0_1_IRQHandler</a> from startup_stm32g0b1xx.o(.text) referenced from startup_stm32g0b1xx.o(RESET)
 <LI><a href="#[c]">EXTI2_3_IRQHandler</a> from startup_stm32g0b1xx.o(.text) referenced from startup_stm32g0b1xx.o(RESET)
 <LI><a href="#[d]">EXTI4_15_IRQHandler</a> from stm32g0xx_it.o(i.EXTI4_15_IRQHandler) referenced from startup_stm32g0b1xx.o(RESET)
 <LI><a href="#[9]">FLASH_IRQHandler</a> from startup_stm32g0b1xx.o(.text) referenced from startup_stm32g0b1xx.o(RESET)
 <LI><a href="#[2]">HardFault_Handler</a> from stm32g0xx_it.o(i.HardFault_Handler) referenced from startup_stm32g0b1xx.o(RESET)
 <LI><a href="#[1d]">I2C1_IRQHandler</a> from startup_stm32g0b1xx.o(.text) referenced from startup_stm32g0b1xx.o(RESET)
 <LI><a href="#[1e]">I2C2_3_IRQHandler</a> from startup_stm32g0b1xx.o(.text) referenced from startup_stm32g0b1xx.o(RESET)
 <LI><a href="#[1]">NMI_Handler</a> from stm32g0xx_it.o(i.NMI_Handler) referenced from startup_stm32g0b1xx.o(RESET)
 <LI><a href="#[7]">PVD_VDDIO2_IRQHandler</a> from startup_stm32g0b1xx.o(.text) referenced from startup_stm32g0b1xx.o(RESET)
 <LI><a href="#[4]">PendSV_Handler</a> from startup_stm32g0b1xx.o(.text) referenced from startup_stm32g0b1xx.o(RESET)
 <LI><a href="#[a]">RCC_CRS_IRQHandler</a> from startup_stm32g0b1xx.o(.text) referenced from startup_stm32g0b1xx.o(RESET)
 <LI><a href="#[8]">RTC_TAMP_IRQHandler</a> from startup_stm32g0b1xx.o(.text) referenced from startup_stm32g0b1xx.o(RESET)
 <LI><a href="#[0]">Reset_Handler</a> from startup_stm32g0b1xx.o(.text) referenced from startup_stm32g0b1xx.o(RESET)
 <LI><a href="#[1f]">SPI1_IRQHandler</a> from startup_stm32g0b1xx.o(.text) referenced from startup_stm32g0b1xx.o(RESET)
 <LI><a href="#[20]">SPI2_3_IRQHandler</a> from startup_stm32g0b1xx.o(.text) referenced from startup_stm32g0b1xx.o(RESET)
 <LI><a href="#[3]">SVC_Handler</a> from startup_stm32g0b1xx.o(.text) referenced from startup_stm32g0b1xx.o(RESET)
 <LI><a href="#[5]">SysTick_Handler</a> from startup_stm32g0b1xx.o(.text) referenced from startup_stm32g0b1xx.o(RESET)
 <LI><a href="#[26]">SystemInit</a> from system_stm32g0xx.o(i.SystemInit) referenced from startup_stm32g0b1xx.o(.text)
 <LI><a href="#[19]">TIM14_IRQHandler</a> from stm32g0xx_it.o(i.TIM14_IRQHandler) referenced from startup_stm32g0b1xx.o(RESET)
 <LI><a href="#[1a]">TIM15_IRQHandler</a> from startup_stm32g0b1xx.o(.text) referenced from startup_stm32g0b1xx.o(RESET)
 <LI><a href="#[1b]">TIM16_FDCAN_IT0_IRQHandler</a> from startup_stm32g0b1xx.o(.text) referenced from startup_stm32g0b1xx.o(RESET)
 <LI><a href="#[1c]">TIM17_FDCAN_IT1_IRQHandler</a> from startup_stm32g0b1xx.o(.text) referenced from startup_stm32g0b1xx.o(RESET)
 <LI><a href="#[13]">TIM1_BRK_UP_TRG_COM_IRQHandler</a> from startup_stm32g0b1xx.o(.text) referenced from startup_stm32g0b1xx.o(RESET)
 <LI><a href="#[14]">TIM1_CC_IRQHandler</a> from startup_stm32g0b1xx.o(.text) referenced from startup_stm32g0b1xx.o(RESET)
 <LI><a href="#[15]">TIM2_IRQHandler</a> from startup_stm32g0b1xx.o(.text) referenced from startup_stm32g0b1xx.o(RESET)
 <LI><a href="#[16]">TIM3_TIM4_IRQHandler</a> from startup_stm32g0b1xx.o(.text) referenced from startup_stm32g0b1xx.o(RESET)
 <LI><a href="#[17]">TIM6_DAC_LPTIM1_IRQHandler</a> from startup_stm32g0b1xx.o(.text) referenced from startup_stm32g0b1xx.o(RESET)
 <LI><a href="#[18]">TIM7_LPTIM2_IRQHandler</a> from startup_stm32g0b1xx.o(.text) referenced from startup_stm32g0b1xx.o(RESET)
 <LI><a href="#[21]">USART1_IRQHandler</a> from startup_stm32g0b1xx.o(.text) referenced from startup_stm32g0b1xx.o(RESET)
 <LI><a href="#[22]">USART2_LPUART2_IRQHandler</a> from startup_stm32g0b1xx.o(.text) referenced from startup_stm32g0b1xx.o(RESET)
 <LI><a href="#[23]">USART3_4_5_6_LPUART1_IRQHandler</a> from startup_stm32g0b1xx.o(.text) referenced from startup_stm32g0b1xx.o(RESET)
 <LI><a href="#[e]">USB_UCPD1_2_IRQHandler</a> from startup_stm32g0b1xx.o(.text) referenced from startup_stm32g0b1xx.o(RESET)
 <LI><a href="#[6]">WWDG_IRQHandler</a> from startup_stm32g0b1xx.o(.text) referenced from startup_stm32g0b1xx.o(RESET)
 <LI><a href="#[27]">__main</a> from entry.o(.ARM.Collect$$$$00000000) referenced from startup_stm32g0b1xx.o(.text)
 <LI><a href="#[28]">fputc</a> from retarget.o(i.fputc) referenced from printfa.o(i.__0printf)
 <LI><a href="#[25]">main</a> from main.o(i.main) referenced from entry9a.o(.ARM.Collect$$$$0000000B)
</UL>
<P>
<H3>
Global Symbols
</H3>
<P><STRONG><a name="[27]"></a>__main</STRONG> (Thumb, 0 bytes, Stack size unknown bytes, entry.o(.ARM.Collect$$$$00000000))
<BR>[Address Reference Count : 1]<UL><LI> startup_stm32g0b1xx.o(.text)
</UL>
<P><STRONG><a name="[14e]"></a>_main_stk</STRONG> (Thumb, 0 bytes, Stack size unknown bytes, entry2.o(.ARM.Collect$$$$00000001))

<P><STRONG><a name="[29]"></a>_main_scatterload</STRONG> (Thumb, 0 bytes, Stack size unknown bytes, entry5.o(.ARM.Collect$$$$00000004))
<BR><BR>[Calls]<UL><LI><a href="#[2a]">&gt;&gt;</a>&nbsp;&nbsp;&nbsp;__scatterload
</UL>

<P><STRONG><a name="[46]"></a>__main_after_scatterload</STRONG> (Thumb, 0 bytes, Stack size unknown bytes, entry5.o(.ARM.Collect$$$$00000004))
<BR><BR>[Called By]<UL><LI><a href="#[2a]">&gt;&gt;</a>&nbsp;&nbsp;&nbsp;__scatterload
</UL>

<P><STRONG><a name="[14f]"></a>_main_clock</STRONG> (Thumb, 0 bytes, Stack size unknown bytes, entry7b.o(.ARM.Collect$$$$00000008))

<P><STRONG><a name="[150]"></a>_main_cpp_init</STRONG> (Thumb, 0 bytes, Stack size unknown bytes, entry8b.o(.ARM.Collect$$$$0000000A))

<P><STRONG><a name="[151]"></a>_main_init</STRONG> (Thumb, 0 bytes, Stack size unknown bytes, entry9a.o(.ARM.Collect$$$$0000000B))

<P><STRONG><a name="[2b]"></a>__rt_lib_shutdown_fini</STRONG> (Thumb, 0 bytes, Stack size unknown bytes, entry12b.o(.ARM.Collect$$$$0000000E))
<BR><BR>[Calls]<UL><LI><a href="#[2c]">&gt;&gt;</a>&nbsp;&nbsp;&nbsp;__arm_fini_ (Weak Reference)
</UL>

<P><STRONG><a name="[152]"></a>__rt_final_cpp</STRONG> (Thumb, 0 bytes, Stack size unknown bytes, entry10a.o(.ARM.Collect$$$$0000000F))

<P><STRONG><a name="[153]"></a>__rt_final_exit</STRONG> (Thumb, 0 bytes, Stack size unknown bytes, entry11a.o(.ARM.Collect$$$$00000011))

<P><STRONG><a name="[0]"></a>Reset_Handler</STRONG> (Thumb, 8 bytes, Stack size 0 bytes, startup_stm32g0b1xx.o(.text))
<BR>[Address Reference Count : 1]<UL><LI> startup_stm32g0b1xx.o(RESET)
</UL>
<P><STRONG><a name="[3]"></a>SVC_Handler</STRONG> (Thumb, 2 bytes, Stack size 0 bytes, startup_stm32g0b1xx.o(.text))
<BR><BR>[Calls]<UL><LI><a href="#[3]">&gt;&gt;</a>&nbsp;&nbsp;&nbsp;SVC_Handler
</UL>
<BR>[Called By]<UL><LI><a href="#[3]">&gt;&gt;</a>&nbsp;&nbsp;&nbsp;SVC_Handler
</UL>
<BR>[Address Reference Count : 1]<UL><LI> startup_stm32g0b1xx.o(RESET)
</UL>
<P><STRONG><a name="[4]"></a>PendSV_Handler</STRONG> (Thumb, 2 bytes, Stack size 0 bytes, startup_stm32g0b1xx.o(.text))
<BR><BR>[Calls]<UL><LI><a href="#[4]">&gt;&gt;</a>&nbsp;&nbsp;&nbsp;PendSV_Handler
</UL>
<BR>[Called By]<UL><LI><a href="#[4]">&gt;&gt;</a>&nbsp;&nbsp;&nbsp;PendSV_Handler
</UL>
<BR>[Address Reference Count : 1]<UL><LI> startup_stm32g0b1xx.o(RESET)
</UL>
<P><STRONG><a name="[5]"></a>SysTick_Handler</STRONG> (Thumb, 2 bytes, Stack size 0 bytes, startup_stm32g0b1xx.o(.text))
<BR><BR>[Calls]<UL><LI><a href="#[5]">&gt;&gt;</a>&nbsp;&nbsp;&nbsp;SysTick_Handler
</UL>
<BR>[Called By]<UL><LI><a href="#[5]">&gt;&gt;</a>&nbsp;&nbsp;&nbsp;SysTick_Handler
</UL>
<BR>[Address Reference Count : 1]<UL><LI> startup_stm32g0b1xx.o(RESET)
</UL>
<P><STRONG><a name="[12]"></a>ADC1_COMP_IRQHandler</STRONG> (Thumb, 0 bytes, Stack size 0 bytes, startup_stm32g0b1xx.o(.text))
<BR><BR>[Calls]<UL><LI><a href="#[12]">&gt;&gt;</a>&nbsp;&nbsp;&nbsp;ADC1_COMP_IRQHandler
</UL>
<BR>[Called By]<UL><LI><a href="#[12]">&gt;&gt;</a>&nbsp;&nbsp;&nbsp;ADC1_COMP_IRQHandler
</UL>
<BR>[Address Reference Count : 1]<UL><LI> startup_stm32g0b1xx.o(RESET)
</UL>
<P><STRONG><a name="[24]"></a>CEC_IRQHandler</STRONG> (Thumb, 0 bytes, Stack size 0 bytes, startup_stm32g0b1xx.o(.text))
<BR>[Address Reference Count : 1]<UL><LI> startup_stm32g0b1xx.o(RESET)
</UL>
<P><STRONG><a name="[11]"></a>DMA1_Ch4_7_DMA2_Ch1_5_DMAMUX1_OVR_IRQHandler</STRONG> (Thumb, 0 bytes, Stack size 0 bytes, startup_stm32g0b1xx.o(.text))
<BR>[Address Reference Count : 1]<UL><LI> startup_stm32g0b1xx.o(RESET)
</UL>
<P><STRONG><a name="[f]"></a>DMA1_Channel1_IRQHandler</STRONG> (Thumb, 0 bytes, Stack size 0 bytes, startup_stm32g0b1xx.o(.text))
<BR>[Address Reference Count : 1]<UL><LI> startup_stm32g0b1xx.o(RESET)
</UL>
<P><STRONG><a name="[10]"></a>DMA1_Channel2_3_IRQHandler</STRONG> (Thumb, 0 bytes, Stack size 0 bytes, startup_stm32g0b1xx.o(.text))
<BR>[Address Reference Count : 1]<UL><LI> startup_stm32g0b1xx.o(RESET)
</UL>
<P><STRONG><a name="[b]"></a>EXTI0_1_IRQHandler</STRONG> (Thumb, 0 bytes, Stack size 0 bytes, startup_stm32g0b1xx.o(.text))
<BR>[Address Reference Count : 1]<UL><LI> startup_stm32g0b1xx.o(RESET)
</UL>
<P><STRONG><a name="[c]"></a>EXTI2_3_IRQHandler</STRONG> (Thumb, 0 bytes, Stack size 0 bytes, startup_stm32g0b1xx.o(.text))
<BR>[Address Reference Count : 1]<UL><LI> startup_stm32g0b1xx.o(RESET)
</UL>
<P><STRONG><a name="[9]"></a>FLASH_IRQHandler</STRONG> (Thumb, 0 bytes, Stack size 0 bytes, startup_stm32g0b1xx.o(.text))
<BR>[Address Reference Count : 1]<UL><LI> startup_stm32g0b1xx.o(RESET)
</UL>
<P><STRONG><a name="[1d]"></a>I2C1_IRQHandler</STRONG> (Thumb, 0 bytes, Stack size 0 bytes, startup_stm32g0b1xx.o(.text))
<BR>[Address Reference Count : 1]<UL><LI> startup_stm32g0b1xx.o(RESET)
</UL>
<P><STRONG><a name="[1e]"></a>I2C2_3_IRQHandler</STRONG> (Thumb, 0 bytes, Stack size 0 bytes, startup_stm32g0b1xx.o(.text))
<BR>[Address Reference Count : 1]<UL><LI> startup_stm32g0b1xx.o(RESET)
</UL>
<P><STRONG><a name="[7]"></a>PVD_VDDIO2_IRQHandler</STRONG> (Thumb, 0 bytes, Stack size 0 bytes, startup_stm32g0b1xx.o(.text))
<BR>[Address Reference Count : 1]<UL><LI> startup_stm32g0b1xx.o(RESET)
</UL>
<P><STRONG><a name="[a]"></a>RCC_CRS_IRQHandler</STRONG> (Thumb, 0 bytes, Stack size 0 bytes, startup_stm32g0b1xx.o(.text))
<BR>[Address Reference Count : 1]<UL><LI> startup_stm32g0b1xx.o(RESET)
</UL>
<P><STRONG><a name="[8]"></a>RTC_TAMP_IRQHandler</STRONG> (Thumb, 0 bytes, Stack size 0 bytes, startup_stm32g0b1xx.o(.text))
<BR>[Address Reference Count : 1]<UL><LI> startup_stm32g0b1xx.o(RESET)
</UL>
<P><STRONG><a name="[1f]"></a>SPI1_IRQHandler</STRONG> (Thumb, 0 bytes, Stack size 0 bytes, startup_stm32g0b1xx.o(.text))
<BR>[Address Reference Count : 1]<UL><LI> startup_stm32g0b1xx.o(RESET)
</UL>
<P><STRONG><a name="[20]"></a>SPI2_3_IRQHandler</STRONG> (Thumb, 0 bytes, Stack size 0 bytes, startup_stm32g0b1xx.o(.text))
<BR>[Address Reference Count : 1]<UL><LI> startup_stm32g0b1xx.o(RESET)
</UL>
<P><STRONG><a name="[1a]"></a>TIM15_IRQHandler</STRONG> (Thumb, 0 bytes, Stack size 0 bytes, startup_stm32g0b1xx.o(.text))
<BR>[Address Reference Count : 1]<UL><LI> startup_stm32g0b1xx.o(RESET)
</UL>
<P><STRONG><a name="[1b]"></a>TIM16_FDCAN_IT0_IRQHandler</STRONG> (Thumb, 0 bytes, Stack size 0 bytes, startup_stm32g0b1xx.o(.text))
<BR>[Address Reference Count : 1]<UL><LI> startup_stm32g0b1xx.o(RESET)
</UL>
<P><STRONG><a name="[1c]"></a>TIM17_FDCAN_IT1_IRQHandler</STRONG> (Thumb, 0 bytes, Stack size 0 bytes, startup_stm32g0b1xx.o(.text))
<BR>[Address Reference Count : 1]<UL><LI> startup_stm32g0b1xx.o(RESET)
</UL>
<P><STRONG><a name="[13]"></a>TIM1_BRK_UP_TRG_COM_IRQHandler</STRONG> (Thumb, 0 bytes, Stack size 0 bytes, startup_stm32g0b1xx.o(.text))
<BR>[Address Reference Count : 1]<UL><LI> startup_stm32g0b1xx.o(RESET)
</UL>
<P><STRONG><a name="[14]"></a>TIM1_CC_IRQHandler</STRONG> (Thumb, 0 bytes, Stack size 0 bytes, startup_stm32g0b1xx.o(.text))
<BR>[Address Reference Count : 1]<UL><LI> startup_stm32g0b1xx.o(RESET)
</UL>
<P><STRONG><a name="[15]"></a>TIM2_IRQHandler</STRONG> (Thumb, 0 bytes, Stack size 0 bytes, startup_stm32g0b1xx.o(.text))
<BR>[Address Reference Count : 1]<UL><LI> startup_stm32g0b1xx.o(RESET)
</UL>
<P><STRONG><a name="[16]"></a>TIM3_TIM4_IRQHandler</STRONG> (Thumb, 0 bytes, Stack size 0 bytes, startup_stm32g0b1xx.o(.text))
<BR>[Address Reference Count : 1]<UL><LI> startup_stm32g0b1xx.o(RESET)
</UL>
<P><STRONG><a name="[17]"></a>TIM6_DAC_LPTIM1_IRQHandler</STRONG> (Thumb, 0 bytes, Stack size 0 bytes, startup_stm32g0b1xx.o(.text))
<BR>[Address Reference Count : 1]<UL><LI> startup_stm32g0b1xx.o(RESET)
</UL>
<P><STRONG><a name="[18]"></a>TIM7_LPTIM2_IRQHandler</STRONG> (Thumb, 0 bytes, Stack size 0 bytes, startup_stm32g0b1xx.o(.text))
<BR>[Address Reference Count : 1]<UL><LI> startup_stm32g0b1xx.o(RESET)
</UL>
<P><STRONG><a name="[21]"></a>USART1_IRQHandler</STRONG> (Thumb, 0 bytes, Stack size 0 bytes, startup_stm32g0b1xx.o(.text))
<BR>[Address Reference Count : 1]<UL><LI> startup_stm32g0b1xx.o(RESET)
</UL>
<P><STRONG><a name="[22]"></a>USART2_LPUART2_IRQHandler</STRONG> (Thumb, 0 bytes, Stack size 0 bytes, startup_stm32g0b1xx.o(.text))
<BR>[Address Reference Count : 1]<UL><LI> startup_stm32g0b1xx.o(RESET)
</UL>
<P><STRONG><a name="[23]"></a>USART3_4_5_6_LPUART1_IRQHandler</STRONG> (Thumb, 0 bytes, Stack size 0 bytes, startup_stm32g0b1xx.o(.text))
<BR>[Address Reference Count : 1]<UL><LI> startup_stm32g0b1xx.o(RESET)
</UL>
<P><STRONG><a name="[e]"></a>USB_UCPD1_2_IRQHandler</STRONG> (Thumb, 0 bytes, Stack size 0 bytes, startup_stm32g0b1xx.o(.text))
<BR>[Address Reference Count : 1]<UL><LI> startup_stm32g0b1xx.o(RESET)
</UL>
<P><STRONG><a name="[6]"></a>WWDG_IRQHandler</STRONG> (Thumb, 0 bytes, Stack size 0 bytes, startup_stm32g0b1xx.o(.text))
<BR>[Address Reference Count : 1]<UL><LI> startup_stm32g0b1xx.o(RESET)
</UL>
<P><STRONG><a name="[154]"></a>__aeabi_uidiv</STRONG> (Thumb, 0 bytes, Stack size 12 bytes, uidiv.o(.text), UNUSED)

<P><STRONG><a name="[2e]"></a>__aeabi_uidivmod</STRONG> (Thumb, 44 bytes, Stack size 12 bytes, uidiv.o(.text))
<BR><BR>[Stack]<UL><LI>Max Depth = 12<LI>Call Chain = __aeabi_uidivmod
</UL>
<BR>[Called By]<UL><LI><a href="#[d6]">&gt;&gt;</a>&nbsp;&nbsp;&nbsp;HAL_InitTick
<LI><a href="#[e3]">&gt;&gt;</a>&nbsp;&nbsp;&nbsp;HAL_RCC_OscConfig
<LI><a href="#[e0]">&gt;&gt;</a>&nbsp;&nbsp;&nbsp;HAL_PWREx_ControlVoltageScaling
<LI><a href="#[aa]">&gt;&gt;</a>&nbsp;&nbsp;&nbsp;Com_BatteryParam_GetSoc0p01ByVoltage
<LI><a href="#[9c]">&gt;&gt;</a>&nbsp;&nbsp;&nbsp;Int_SC8815_SetCurrentLimitMa
<LI><a href="#[a4]">&gt;&gt;</a>&nbsp;&nbsp;&nbsp;Int_SC8815_ReadAdcVoltageMv
<LI><a href="#[a5]">&gt;&gt;</a>&nbsp;&nbsp;&nbsp;Int_SC8815_ReadAdcCurrentMa
<LI><a href="#[73]">&gt;&gt;</a>&nbsp;&nbsp;&nbsp;App_BatMan_LoadCellsVoltage
<LI><a href="#[121]">&gt;&gt;</a>&nbsp;&nbsp;&nbsp;Int_Buzzer_SetPwm
<LI><a href="#[133]">&gt;&gt;</a>&nbsp;&nbsp;&nbsp;Int_SC8815_CurrentLimitCodeToMa
<LI><a href="#[e2]">&gt;&gt;</a>&nbsp;&nbsp;&nbsp;HAL_RCC_GetSysClockFreq
<LI><a href="#[149]">&gt;&gt;</a>&nbsp;&nbsp;&nbsp;_printf_core
<LI><a href="#[2d]">&gt;&gt;</a>&nbsp;&nbsp;&nbsp;__aeabi_idivmod
<LI><a href="#[108]">&gt;&gt;</a>&nbsp;&nbsp;&nbsp;UARTEx_SetNbDataToProcess
<LI><a href="#[10d]">&gt;&gt;</a>&nbsp;&nbsp;&nbsp;UART_SetConfig
</UL>

<P><STRONG><a name="[155]"></a>__aeabi_idiv</STRONG> (Thumb, 0 bytes, Stack size 16 bytes, idiv.o(.text), UNUSED)

<P><STRONG><a name="[2d]"></a>__aeabi_idivmod</STRONG> (Thumb, 40 bytes, Stack size 16 bytes, idiv.o(.text))
<BR><BR>[Stack]<UL><LI>Max Depth = 28<LI>Call Chain = __aeabi_idivmod &rArr; __aeabi_uidivmod
</UL>
<BR>[Calls]<UL><LI><a href="#[2e]">&gt;&gt;</a>&nbsp;&nbsp;&nbsp;__aeabi_uidivmod
</UL>
<BR>[Called By]<UL><LI><a href="#[75]">&gt;&gt;</a>&nbsp;&nbsp;&nbsp;Com_BQ76952_Temp0p1KToC
</UL>

<P><STRONG><a name="[2f]"></a>__aeabi_uldivmod</STRONG> (Thumb, 96 bytes, Stack size 48 bytes, uldiv.o(.text))
<BR><BR>[Stack]<UL><LI>Max Depth = 56<LI>Call Chain = __aeabi_uldivmod &rArr; __aeabi_llsr
</UL>
<BR>[Calls]<UL><LI><a href="#[30]">&gt;&gt;</a>&nbsp;&nbsp;&nbsp;__aeabi_llsr
<LI><a href="#[31]">&gt;&gt;</a>&nbsp;&nbsp;&nbsp;__aeabi_llsl
</UL>
<BR>[Called By]<UL><LI><a href="#[149]">&gt;&gt;</a>&nbsp;&nbsp;&nbsp;_printf_core
<LI><a href="#[14a]">&gt;&gt;</a>&nbsp;&nbsp;&nbsp;_fp_digits
<LI><a href="#[10d]">&gt;&gt;</a>&nbsp;&nbsp;&nbsp;UART_SetConfig
</UL>

<P><STRONG><a name="[156]"></a>__aeabi_memcpy</STRONG> (Thumb, 36 bytes, Stack size 0 bytes, memcpya.o(.text), UNUSED)

<P><STRONG><a name="[b4]"></a>__aeabi_memcpy4</STRONG> (Thumb, 0 bytes, Stack size 0 bytes, memcpya.o(.text))
<BR><BR>[Called By]<UL><LI><a href="#[89]">&gt;&gt;</a>&nbsp;&nbsp;&nbsp;Com_SOH_GetResult
<LI><a href="#[6b]">&gt;&gt;</a>&nbsp;&nbsp;&nbsp;Com_SOC_Init
<LI><a href="#[8b]">&gt;&gt;</a>&nbsp;&nbsp;&nbsp;Com_SOC_GetResult
</UL>

<P><STRONG><a name="[157]"></a>__aeabi_memcpy8</STRONG> (Thumb, 0 bytes, Stack size 0 bytes, memcpya.o(.text), UNUSED)

<P><STRONG><a name="[33]"></a>__aeabi_memset</STRONG> (Thumb, 14 bytes, Stack size 0 bytes, memseta.o(.text))
<BR><BR>[Called By]<UL><LI><a href="#[34]">&gt;&gt;</a>&nbsp;&nbsp;&nbsp;_memset$wrapper
<LI><a href="#[32]">&gt;&gt;</a>&nbsp;&nbsp;&nbsp;__aeabi_memclr
</UL>

<P><STRONG><a name="[158]"></a>__aeabi_memset4</STRONG> (Thumb, 0 bytes, Stack size 0 bytes, memseta.o(.text), UNUSED)

<P><STRONG><a name="[159]"></a>__aeabi_memset8</STRONG> (Thumb, 0 bytes, Stack size 0 bytes, memseta.o(.text), UNUSED)

<P><STRONG><a name="[32]"></a>__aeabi_memclr</STRONG> (Thumb, 4 bytes, Stack size 0 bytes, memseta.o(.text))
<BR><BR>[Calls]<UL><LI><a href="#[33]">&gt;&gt;</a>&nbsp;&nbsp;&nbsp;__aeabi_memset
</UL>
<BR>[Called By]<UL><LI><a href="#[92]">&gt;&gt;</a>&nbsp;&nbsp;&nbsp;Inf_OLED_Clear
</UL>

<P><STRONG><a name="[6a]"></a>__aeabi_memclr4</STRONG> (Thumb, 0 bytes, Stack size 0 bytes, memseta.o(.text))
<BR><BR>[Called By]<UL><LI><a href="#[50]">&gt;&gt;</a>&nbsp;&nbsp;&nbsp;App_BatMan_InitAlgorithms
<LI><a href="#[10b]">&gt;&gt;</a>&nbsp;&nbsp;&nbsp;HAL_UART_MspInit
<LI><a href="#[f9]">&gt;&gt;</a>&nbsp;&nbsp;&nbsp;HAL_TIM_MspPostInit
<LI><a href="#[e5]">&gt;&gt;</a>&nbsp;&nbsp;&nbsp;HAL_RTC_MspInit
<LI><a href="#[ca]">&gt;&gt;</a>&nbsp;&nbsp;&nbsp;HAL_I2C_MspInit
<LI><a href="#[c2]">&gt;&gt;</a>&nbsp;&nbsp;&nbsp;HAL_FDCAN_MspInit
<LI><a href="#[141]">&gt;&gt;</a>&nbsp;&nbsp;&nbsp;MX_TIM3_Init
<LI><a href="#[13b]">&gt;&gt;</a>&nbsp;&nbsp;&nbsp;MX_GPIO_Init
<LI><a href="#[129]">&gt;&gt;</a>&nbsp;&nbsp;&nbsp;Int_Led_Init
<LI><a href="#[123]">&gt;&gt;</a>&nbsp;&nbsp;&nbsp;Int_CanFd_Init
<LI><a href="#[11c]">&gt;&gt;</a>&nbsp;&nbsp;&nbsp;Int_Button_Init
<LI><a href="#[145]">&gt;&gt;</a>&nbsp;&nbsp;&nbsp;SystemClock_Config
</UL>

<P><STRONG><a name="[15a]"></a>__aeabi_memclr8</STRONG> (Thumb, 0 bytes, Stack size 0 bytes, memseta.o(.text), UNUSED)

<P><STRONG><a name="[34]"></a>_memset$wrapper</STRONG> (Thumb, 18 bytes, Stack size 8 bytes, memseta.o(.text), UNUSED)
<BR><BR>[Calls]<UL><LI><a href="#[33]">&gt;&gt;</a>&nbsp;&nbsp;&nbsp;__aeabi_memset
</UL>

<P><STRONG><a name="[a8]"></a>strlen</STRONG> (Thumb, 14 bytes, Stack size 0 bytes, strlen.o(.text))
<BR><BR>[Called By]<UL><LI><a href="#[a7]">&gt;&gt;</a>&nbsp;&nbsp;&nbsp;Bringup_UartPrint
</UL>

<P><STRONG><a name="[35]"></a>__aeabi_fadd</STRONG> (Thumb, 162 bytes, Stack size 24 bytes, fadd.o(.text))
<BR><BR>[Stack]<UL><LI>Max Depth = 36<LI>Call Chain = __aeabi_fadd &rArr; _float_epilogue
</UL>
<BR>[Calls]<UL><LI><a href="#[37]">&gt;&gt;</a>&nbsp;&nbsp;&nbsp;_float_round
<LI><a href="#[36]">&gt;&gt;</a>&nbsp;&nbsp;&nbsp;_float_epilogue
</UL>
<BR>[Called By]<UL><LI><a href="#[39]">&gt;&gt;</a>&nbsp;&nbsp;&nbsp;__aeabi_frsub
<LI><a href="#[38]">&gt;&gt;</a>&nbsp;&nbsp;&nbsp;__aeabi_fsub
<LI><a href="#[b5]">&gt;&gt;</a>&nbsp;&nbsp;&nbsp;Com_SOC_UpdatePublicResult
<LI><a href="#[ba]">&gt;&gt;</a>&nbsp;&nbsp;&nbsp;Com_SOC_UpdateDisplay
<LI><a href="#[b8]">&gt;&gt;</a>&nbsp;&nbsp;&nbsp;Com_SOC_Predict
<LI><a href="#[b6]">&gt;&gt;</a>&nbsp;&nbsp;&nbsp;Com_SOC_KalmanByOcv
<LI><a href="#[88]">&gt;&gt;</a>&nbsp;&nbsp;&nbsp;Com_SOH_Update
</UL>

<P><STRONG><a name="[38]"></a>__aeabi_fsub</STRONG> (Thumb, 8 bytes, Stack size 0 bytes, fadd.o(.text))
<BR><BR>[Stack]<UL><LI>Max Depth = 36<LI>Call Chain = __aeabi_fsub &rArr; __aeabi_fadd &rArr; _float_epilogue
</UL>
<BR>[Calls]<UL><LI><a href="#[35]">&gt;&gt;</a>&nbsp;&nbsp;&nbsp;__aeabi_fadd
</UL>
<BR>[Called By]<UL><LI><a href="#[ba]">&gt;&gt;</a>&nbsp;&nbsp;&nbsp;Com_SOC_UpdateDisplay
<LI><a href="#[b6]">&gt;&gt;</a>&nbsp;&nbsp;&nbsp;Com_SOC_KalmanByOcv
</UL>

<P><STRONG><a name="[39]"></a>__aeabi_frsub</STRONG> (Thumb, 8 bytes, Stack size 0 bytes, fadd.o(.text))
<BR><BR>[Stack]<UL><LI>Max Depth = 36<LI>Call Chain = __aeabi_frsub &rArr; __aeabi_fadd &rArr; _float_epilogue
</UL>
<BR>[Calls]<UL><LI><a href="#[35]">&gt;&gt;</a>&nbsp;&nbsp;&nbsp;__aeabi_fadd
</UL>
<BR>[Called By]<UL><LI><a href="#[bd]">&gt;&gt;</a>&nbsp;&nbsp;&nbsp;Com_SOH_AddWholeMah
<LI><a href="#[88]">&gt;&gt;</a>&nbsp;&nbsp;&nbsp;Com_SOH_Update
</UL>

<P><STRONG><a name="[b7]"></a>__aeabi_fmul</STRONG> (Thumb, 122 bytes, Stack size 16 bytes, fmul.o(.text))
<BR><BR>[Stack]<UL><LI>Max Depth = 16<LI>Call Chain = __aeabi_fmul
</UL>
<BR>[Called By]<UL><LI><a href="#[b5]">&gt;&gt;</a>&nbsp;&nbsp;&nbsp;Com_SOC_UpdatePublicResult
<LI><a href="#[ba]">&gt;&gt;</a>&nbsp;&nbsp;&nbsp;Com_SOC_UpdateDisplay
<LI><a href="#[b8]">&gt;&gt;</a>&nbsp;&nbsp;&nbsp;Com_SOC_Predict
<LI><a href="#[b6]">&gt;&gt;</a>&nbsp;&nbsp;&nbsp;Com_SOC_KalmanByOcv
<LI><a href="#[88]">&gt;&gt;</a>&nbsp;&nbsp;&nbsp;Com_SOH_Update
<LI><a href="#[8a]">&gt;&gt;</a>&nbsp;&nbsp;&nbsp;Com_SOC_Update
</UL>

<P><STRONG><a name="[3a]"></a>__aeabi_fdiv</STRONG> (Thumb, 124 bytes, Stack size 16 bytes, fdiv.o(.text))
<BR><BR>[Stack]<UL><LI>Max Depth = 16<LI>Call Chain = __aeabi_fdiv
</UL>
<BR>[Calls]<UL><LI><a href="#[37]">&gt;&gt;</a>&nbsp;&nbsp;&nbsp;_float_round
</UL>
<BR>[Called By]<UL><LI><a href="#[64]">&gt;&gt;</a>&nbsp;&nbsp;&nbsp;App_BatMan_Sample
<LI><a href="#[b5]">&gt;&gt;</a>&nbsp;&nbsp;&nbsp;Com_SOC_UpdatePublicResult
<LI><a href="#[ba]">&gt;&gt;</a>&nbsp;&nbsp;&nbsp;Com_SOC_UpdateDisplay
<LI><a href="#[b8]">&gt;&gt;</a>&nbsp;&nbsp;&nbsp;Com_SOC_Predict
<LI><a href="#[b6]">&gt;&gt;</a>&nbsp;&nbsp;&nbsp;Com_SOC_KalmanByOcv
<LI><a href="#[88]">&gt;&gt;</a>&nbsp;&nbsp;&nbsp;Com_SOH_Update
<LI><a href="#[8a]">&gt;&gt;</a>&nbsp;&nbsp;&nbsp;Com_SOC_Update
</UL>

<P><STRONG><a name="[3b]"></a>__aeabi_i2f</STRONG> (Thumb, 22 bytes, Stack size 8 bytes, fflti.o(.text))
<BR><BR>[Stack]<UL><LI>Max Depth = 20<LI>Call Chain = __aeabi_i2f &rArr; _float_epilogue
</UL>
<BR>[Calls]<UL><LI><a href="#[36]">&gt;&gt;</a>&nbsp;&nbsp;&nbsp;_float_epilogue
</UL>
<BR>[Called By]<UL><LI><a href="#[64]">&gt;&gt;</a>&nbsp;&nbsp;&nbsp;App_BatMan_Sample
<LI><a href="#[b8]">&gt;&gt;</a>&nbsp;&nbsp;&nbsp;Com_SOC_Predict
</UL>

<P><STRONG><a name="[3c]"></a>__aeabi_ui2f</STRONG> (Thumb, 14 bytes, Stack size 8 bytes, ffltui.o(.text))
<BR><BR>[Stack]<UL><LI>Max Depth = 20<LI>Call Chain = __aeabi_ui2f &rArr; _float_epilogue
</UL>
<BR>[Calls]<UL><LI><a href="#[36]">&gt;&gt;</a>&nbsp;&nbsp;&nbsp;_float_epilogue
</UL>
<BR>[Called By]<UL><LI><a href="#[bd]">&gt;&gt;</a>&nbsp;&nbsp;&nbsp;Com_SOH_AddWholeMah
<LI><a href="#[ba]">&gt;&gt;</a>&nbsp;&nbsp;&nbsp;Com_SOC_UpdateDisplay
<LI><a href="#[b8]">&gt;&gt;</a>&nbsp;&nbsp;&nbsp;Com_SOC_Predict
<LI><a href="#[b6]">&gt;&gt;</a>&nbsp;&nbsp;&nbsp;Com_SOC_KalmanByOcv
<LI><a href="#[88]">&gt;&gt;</a>&nbsp;&nbsp;&nbsp;Com_SOH_Update
<LI><a href="#[8a]">&gt;&gt;</a>&nbsp;&nbsp;&nbsp;Com_SOC_Update
<LI><a href="#[6b]">&gt;&gt;</a>&nbsp;&nbsp;&nbsp;Com_SOC_Init
</UL>

<P><STRONG><a name="[bc]"></a>__aeabi_f2uiz</STRONG> (Thumb, 40 bytes, Stack size 0 bytes, ffixui.o(.text))
<BR><BR>[Called By]<UL><LI><a href="#[bd]">&gt;&gt;</a>&nbsp;&nbsp;&nbsp;Com_SOH_AddWholeMah
<LI><a href="#[b5]">&gt;&gt;</a>&nbsp;&nbsp;&nbsp;Com_SOC_UpdatePublicResult
</UL>

<P><STRONG><a name="[7b]"></a>__aeabi_f2d</STRONG> (Thumb, 40 bytes, Stack size 0 bytes, f2d.o(.text))
<BR><BR>[Called By]<UL><LI><a href="#[7a]">&gt;&gt;</a>&nbsp;&nbsp;&nbsp;App_BatMan_PrintDebug
</UL>

<P><STRONG><a name="[15b]"></a>__aeabi_cfcmpeq</STRONG> (Thumb, 0 bytes, Stack size 0 bytes, cfcmple.o(.text), UNUSED)

<P><STRONG><a name="[b2]"></a>__aeabi_cfcmple</STRONG> (Thumb, 20 bytes, Stack size 0 bytes, cfcmple.o(.text))
<BR><BR>[Called By]<UL><LI><a href="#[b0]">&gt;&gt;</a>&nbsp;&nbsp;&nbsp;Com_SOC_ClampFloat
<LI><a href="#[88]">&gt;&gt;</a>&nbsp;&nbsp;&nbsp;Com_SOH_Update
</UL>

<P><STRONG><a name="[b3]"></a>__aeabi_cfrcmple</STRONG> (Thumb, 20 bytes, Stack size 0 bytes, cfrcmple.o(.text))
<BR><BR>[Called By]<UL><LI><a href="#[ba]">&gt;&gt;</a>&nbsp;&nbsp;&nbsp;Com_SOC_UpdateDisplay
<LI><a href="#[b0]">&gt;&gt;</a>&nbsp;&nbsp;&nbsp;Com_SOC_ClampFloat
</UL>

<P><STRONG><a name="[31]"></a>__aeabi_llsl</STRONG> (Thumb, 32 bytes, Stack size 8 bytes, llshl.o(.text))
<BR><BR>[Stack]<UL><LI>Max Depth = 8<LI>Call Chain = __aeabi_llsl
</UL>
<BR>[Called By]<UL><LI><a href="#[3f]">&gt;&gt;</a>&nbsp;&nbsp;&nbsp;_double_epilogue
<LI><a href="#[3d]">&gt;&gt;</a>&nbsp;&nbsp;&nbsp;__aeabi_dadd
<LI><a href="#[45]">&gt;&gt;</a>&nbsp;&nbsp;&nbsp;__aeabi_d2ulz
<LI><a href="#[2f]">&gt;&gt;</a>&nbsp;&nbsp;&nbsp;__aeabi_uldivmod
</UL>

<P><STRONG><a name="[15c]"></a>_ll_shift_l</STRONG> (Thumb, 0 bytes, Stack size 8 bytes, llshl.o(.text), UNUSED)

<P><STRONG><a name="[30]"></a>__aeabi_llsr</STRONG> (Thumb, 34 bytes, Stack size 8 bytes, llushr.o(.text))
<BR><BR>[Stack]<UL><LI>Max Depth = 8<LI>Call Chain = __aeabi_llsr
</UL>
<BR>[Called By]<UL><LI><a href="#[3f]">&gt;&gt;</a>&nbsp;&nbsp;&nbsp;_double_epilogue
<LI><a href="#[45]">&gt;&gt;</a>&nbsp;&nbsp;&nbsp;__aeabi_d2ulz
<LI><a href="#[2f]">&gt;&gt;</a>&nbsp;&nbsp;&nbsp;__aeabi_uldivmod
</UL>

<P><STRONG><a name="[15d]"></a>_ll_ushift_r</STRONG> (Thumb, 0 bytes, Stack size 8 bytes, llushr.o(.text), UNUSED)

<P><STRONG><a name="[15e]"></a>__I$use$fp</STRONG> (Thumb, 0 bytes, Stack size 0 bytes, iusefp.o(.text), UNUSED)

<P><STRONG><a name="[37]"></a>_float_round</STRONG> (Thumb, 16 bytes, Stack size 0 bytes, fepilogue.o(.text))
<BR><BR>[Called By]<UL><LI><a href="#[35]">&gt;&gt;</a>&nbsp;&nbsp;&nbsp;__aeabi_fadd
<LI><a href="#[3a]">&gt;&gt;</a>&nbsp;&nbsp;&nbsp;__aeabi_fdiv
</UL>

<P><STRONG><a name="[36]"></a>_float_epilogue</STRONG> (Thumb, 114 bytes, Stack size 12 bytes, fepilogue.o(.text))
<BR><BR>[Stack]<UL><LI>Max Depth = 12<LI>Call Chain = _float_epilogue
</UL>
<BR>[Called By]<UL><LI><a href="#[3c]">&gt;&gt;</a>&nbsp;&nbsp;&nbsp;__aeabi_ui2f
<LI><a href="#[35]">&gt;&gt;</a>&nbsp;&nbsp;&nbsp;__aeabi_fadd
<LI><a href="#[3b]">&gt;&gt;</a>&nbsp;&nbsp;&nbsp;__aeabi_i2f
</UL>

<P><STRONG><a name="[3d]"></a>__aeabi_dadd</STRONG> (Thumb, 330 bytes, Stack size 48 bytes, dadd.o(.text), UNUSED)
<BR><BR>[Calls]<UL><LI><a href="#[3e]">&gt;&gt;</a>&nbsp;&nbsp;&nbsp;__aeabi_lasr
<LI><a href="#[40]">&gt;&gt;</a>&nbsp;&nbsp;&nbsp;_double_round
<LI><a href="#[3f]">&gt;&gt;</a>&nbsp;&nbsp;&nbsp;_double_epilogue
<LI><a href="#[31]">&gt;&gt;</a>&nbsp;&nbsp;&nbsp;__aeabi_llsl
</UL>
<BR>[Called By]<UL><LI><a href="#[42]">&gt;&gt;</a>&nbsp;&nbsp;&nbsp;__aeabi_drsub
<LI><a href="#[41]">&gt;&gt;</a>&nbsp;&nbsp;&nbsp;__aeabi_dsub
<LI><a href="#[14a]">&gt;&gt;</a>&nbsp;&nbsp;&nbsp;_fp_digits
</UL>

<P><STRONG><a name="[41]"></a>__aeabi_dsub</STRONG> (Thumb, 12 bytes, Stack size 8 bytes, dadd.o(.text), UNUSED)
<BR><BR>[Calls]<UL><LI><a href="#[3d]">&gt;&gt;</a>&nbsp;&nbsp;&nbsp;__aeabi_dadd
</UL>

<P><STRONG><a name="[42]"></a>__aeabi_drsub</STRONG> (Thumb, 12 bytes, Stack size 8 bytes, dadd.o(.text), UNUSED)
<BR><BR>[Calls]<UL><LI><a href="#[3d]">&gt;&gt;</a>&nbsp;&nbsp;&nbsp;__aeabi_dadd
</UL>

<P><STRONG><a name="[43]"></a>__aeabi_dmul</STRONG> (Thumb, 202 bytes, Stack size 72 bytes, dmul.o(.text), UNUSED)
<BR><BR>[Calls]<UL><LI><a href="#[3f]">&gt;&gt;</a>&nbsp;&nbsp;&nbsp;_double_epilogue
</UL>
<BR>[Called By]<UL><LI><a href="#[14a]">&gt;&gt;</a>&nbsp;&nbsp;&nbsp;_fp_digits
</UL>

<P><STRONG><a name="[44]"></a>__aeabi_ddiv</STRONG> (Thumb, 234 bytes, Stack size 40 bytes, ddiv.o(.text), UNUSED)
<BR><BR>[Calls]<UL><LI><a href="#[40]">&gt;&gt;</a>&nbsp;&nbsp;&nbsp;_double_round
</UL>
<BR>[Called By]<UL><LI><a href="#[14a]">&gt;&gt;</a>&nbsp;&nbsp;&nbsp;_fp_digits
</UL>

<P><STRONG><a name="[45]"></a>__aeabi_d2ulz</STRONG> (Thumb, 54 bytes, Stack size 8 bytes, dfixul.o(.text), UNUSED)
<BR><BR>[Calls]<UL><LI><a href="#[30]">&gt;&gt;</a>&nbsp;&nbsp;&nbsp;__aeabi_llsr
<LI><a href="#[31]">&gt;&gt;</a>&nbsp;&nbsp;&nbsp;__aeabi_llsl
</UL>
<BR>[Called By]<UL><LI><a href="#[14a]">&gt;&gt;</a>&nbsp;&nbsp;&nbsp;_fp_digits
</UL>

<P><STRONG><a name="[14b]"></a>__aeabi_cdrcmple</STRONG> (Thumb, 38 bytes, Stack size 0 bytes, cdrcmple.o(.text), UNUSED)
<BR><BR>[Called By]<UL><LI><a href="#[14a]">&gt;&gt;</a>&nbsp;&nbsp;&nbsp;_fp_digits
</UL>

<P><STRONG><a name="[2a]"></a>__scatterload</STRONG> (Thumb, 28 bytes, Stack size 0 bytes, init.o(.text))
<BR><BR>[Calls]<UL><LI><a href="#[46]">&gt;&gt;</a>&nbsp;&nbsp;&nbsp;__main_after_scatterload
</UL>
<BR>[Called By]<UL><LI><a href="#[29]">&gt;&gt;</a>&nbsp;&nbsp;&nbsp;_main_scatterload
</UL>

<P><STRONG><a name="[15f]"></a>__scatterload_rt2</STRONG> (Thumb, 0 bytes, Stack size 0 bytes, init.o(.text), UNUSED)

<P><STRONG><a name="[3e]"></a>__aeabi_lasr</STRONG> (Thumb, 38 bytes, Stack size 8 bytes, llsshr.o(.text), UNUSED)
<BR><BR>[Called By]<UL><LI><a href="#[3d]">&gt;&gt;</a>&nbsp;&nbsp;&nbsp;__aeabi_dadd
</UL>

<P><STRONG><a name="[160]"></a>_ll_sshift_r</STRONG> (Thumb, 0 bytes, Stack size 8 bytes, llsshr.o(.text), UNUSED)

<P><STRONG><a name="[40]"></a>_double_round</STRONG> (Thumb, 26 bytes, Stack size 8 bytes, depilogue.o(.text), UNUSED)
<BR><BR>[Called By]<UL><LI><a href="#[3f]">&gt;&gt;</a>&nbsp;&nbsp;&nbsp;_double_epilogue
<LI><a href="#[44]">&gt;&gt;</a>&nbsp;&nbsp;&nbsp;__aeabi_ddiv
<LI><a href="#[3d]">&gt;&gt;</a>&nbsp;&nbsp;&nbsp;__aeabi_dadd
</UL>

<P><STRONG><a name="[3f]"></a>_double_epilogue</STRONG> (Thumb, 164 bytes, Stack size 48 bytes, depilogue.o(.text), UNUSED)
<BR><BR>[Calls]<UL><LI><a href="#[47]">&gt;&gt;</a>&nbsp;&nbsp;&nbsp;__ARM_clz
<LI><a href="#[40]">&gt;&gt;</a>&nbsp;&nbsp;&nbsp;_double_round
<LI><a href="#[30]">&gt;&gt;</a>&nbsp;&nbsp;&nbsp;__aeabi_llsr
<LI><a href="#[31]">&gt;&gt;</a>&nbsp;&nbsp;&nbsp;__aeabi_llsl
</UL>
<BR>[Called By]<UL><LI><a href="#[43]">&gt;&gt;</a>&nbsp;&nbsp;&nbsp;__aeabi_dmul
<LI><a href="#[3d]">&gt;&gt;</a>&nbsp;&nbsp;&nbsp;__aeabi_dadd
</UL>

<P><STRONG><a name="[48]"></a>App_BatMan_ClearStartupAlarms</STRONG> (Thumb, 22 bytes, Stack size 8 bytes, app_batman_config.o(i.App_BatMan_ClearStartupAlarms))
<BR><BR>[Stack]<UL><LI>Max Depth = 248<LI>Call Chain = App_BatMan_ClearStartupAlarms &rArr; Int_BQ76952_WriteDirect &rArr; HAL_I2C_Mem_Write &rArr; I2C_RequestMemoryWrite &rArr; I2C_WaitOnFlagUntilTimeout &rArr; I2C_IsErrorOccurred
</UL>
<BR>[Calls]<UL><LI><a href="#[49]">&gt;&gt;</a>&nbsp;&nbsp;&nbsp;App_BatMan_WriteU16Le
<LI><a href="#[4a]">&gt;&gt;</a>&nbsp;&nbsp;&nbsp;Int_BQ76952_WriteDirect
</UL>
<BR>[Called By]<UL><LI><a href="#[4e]">&gt;&gt;</a>&nbsp;&nbsp;&nbsp;App_BatMan_Init
</UL>

<P><STRONG><a name="[4b]"></a>App_BatMan_ConfigBq</STRONG> (Thumb, 234 bytes, Stack size 8 bytes, app_batman_config.o(i.App_BatMan_ConfigBq))
<BR><BR>[Stack]<UL><LI>Max Depth = 320<LI>Call Chain = App_BatMan_ConfigBq &rArr; App_BatMan_WriteConfigU8 &rArr; Int_BQ76952_WriteDataMemory &rArr; Int_BQ76952_WriteDirect &rArr; HAL_I2C_Mem_Write &rArr; I2C_RequestMemoryWrite &rArr; I2C_WaitOnFlagUntilTimeout &rArr; I2C_IsErrorOccurred
</UL>
<BR>[Calls]<UL><LI><a href="#[4c]">&gt;&gt;</a>&nbsp;&nbsp;&nbsp;App_BatMan_WriteConfigU8
<LI><a href="#[4d]">&gt;&gt;</a>&nbsp;&nbsp;&nbsp;App_BatMan_WriteConfigU16
</UL>
<BR>[Called By]<UL><LI><a href="#[4e]">&gt;&gt;</a>&nbsp;&nbsp;&nbsp;App_BatMan_Init
</UL>

<P><STRONG><a name="[4e]"></a>App_BatMan_Init</STRONG> (Thumb, 224 bytes, Stack size 16 bytes, app_batman.o(i.App_BatMan_Init))
<BR><BR>[Stack]<UL><LI>Max Depth = 392<LI>Call Chain = App_BatMan_Init &rArr; App_BatMan_KeepMainFetsOff &rArr; Int_BQ76952_ReadSubcommand &rArr; Int_BQ76952_ReadTransfer &rArr; Int_BQ76952_ReadDirect &rArr; HAL_I2C_Mem_Read &rArr; I2C_RequestMemoryRead &rArr; I2C_WaitOnFlagUntilTimeout &rArr; I2C_IsErrorOccurred
</UL>
<BR>[Calls]<UL><LI><a href="#[54]">&gt;&gt;</a>&nbsp;&nbsp;&nbsp;Int_BQ76952_Reset
<LI><a href="#[57]">&gt;&gt;</a>&nbsp;&nbsp;&nbsp;Int_BQ76952_ReadSubcommand
<LI><a href="#[5c]">&gt;&gt;</a>&nbsp;&nbsp;&nbsp;Int_BQ76952_ReadDataMemory
<LI><a href="#[52]">&gt;&gt;</a>&nbsp;&nbsp;&nbsp;Int_BQ76952_InitBoard
<LI><a href="#[5e]">&gt;&gt;</a>&nbsp;&nbsp;&nbsp;Int_BQ76952_ExitConfigUpdate
<LI><a href="#[5a]">&gt;&gt;</a>&nbsp;&nbsp;&nbsp;Int_BQ76952_EnterConfigUpdate
<LI><a href="#[66]">&gt;&gt;</a>&nbsp;&nbsp;&nbsp;App_BatMan_UpdateSoc
<LI><a href="#[68]">&gt;&gt;</a>&nbsp;&nbsp;&nbsp;App_BatMan_UpdateRuntimeOledStatus
<LI><a href="#[65]">&gt;&gt;</a>&nbsp;&nbsp;&nbsp;App_BatMan_UpdateHealth
<LI><a href="#[67]">&gt;&gt;</a>&nbsp;&nbsp;&nbsp;App_BatMan_UpdateBalance
<LI><a href="#[5f]">&gt;&gt;</a>&nbsp;&nbsp;&nbsp;App_BatMan_ShowPowerConfig
<LI><a href="#[51]">&gt;&gt;</a>&nbsp;&nbsp;&nbsp;App_BatMan_ShowIicStatus
<LI><a href="#[64]">&gt;&gt;</a>&nbsp;&nbsp;&nbsp;App_BatMan_Sample
<LI><a href="#[69]">&gt;&gt;</a>&nbsp;&nbsp;&nbsp;App_BatMan_PrintInitOk
<LI><a href="#[55]">&gt;&gt;</a>&nbsp;&nbsp;&nbsp;App_BatMan_PrintBqResetFail
<LI><a href="#[60]">&gt;&gt;</a>&nbsp;&nbsp;&nbsp;App_BatMan_PrintBqPowerConfig
<LI><a href="#[59]">&gt;&gt;</a>&nbsp;&nbsp;&nbsp;App_BatMan_PrintBqOkDev
<LI><a href="#[63]">&gt;&gt;</a>&nbsp;&nbsp;&nbsp;App_BatMan_PrintBqFetOffFail
<LI><a href="#[58]">&gt;&gt;</a>&nbsp;&nbsp;&nbsp;App_BatMan_PrintBqDeviceFail
<LI><a href="#[5d]">&gt;&gt;</a>&nbsp;&nbsp;&nbsp;App_BatMan_PrintBqCfgWriteFail
<LI><a href="#[61]">&gt;&gt;</a>&nbsp;&nbsp;&nbsp;App_BatMan_PrintBqCfgExitFail
<LI><a href="#[5b]">&gt;&gt;</a>&nbsp;&nbsp;&nbsp;App_BatMan_PrintBqCfgEnterFail
<LI><a href="#[62]">&gt;&gt;</a>&nbsp;&nbsp;&nbsp;App_BatMan_KeepMainFetsOff
<LI><a href="#[50]">&gt;&gt;</a>&nbsp;&nbsp;&nbsp;App_BatMan_InitAlgorithms
<LI><a href="#[4b]">&gt;&gt;</a>&nbsp;&nbsp;&nbsp;App_BatMan_ConfigBq
<LI><a href="#[48]">&gt;&gt;</a>&nbsp;&nbsp;&nbsp;App_BatMan_ClearStartupAlarms
<LI><a href="#[4f]">&gt;&gt;</a>&nbsp;&nbsp;&nbsp;App_BatMan_ResetState
<LI><a href="#[56]">&gt;&gt;</a>&nbsp;&nbsp;&nbsp;HAL_Delay
<LI><a href="#[53]">&gt;&gt;</a>&nbsp;&nbsp;&nbsp;Int_BQ76952_SetCrcEnabled
</UL>
<BR>[Called By]<UL><LI><a href="#[25]">&gt;&gt;</a>&nbsp;&nbsp;&nbsp;main
</UL>

<P><STRONG><a name="[50]"></a>App_BatMan_InitAlgorithms</STRONG> (Thumb, 126 bytes, Stack size 88 bytes, app_batman_estimator.o(i.App_BatMan_InitAlgorithms))
<BR><BR>[Stack]<UL><LI>Max Depth = 164<LI>Call Chain = App_BatMan_InitAlgorithms &rArr; Com_SOC_Init &rArr; Com_SOC_UpdatePublicResult &rArr; __aeabi_fadd &rArr; _float_epilogue
</UL>
<BR>[Calls]<UL><LI><a href="#[6c]">&gt;&gt;</a>&nbsp;&nbsp;&nbsp;Com_SOH_Init
<LI><a href="#[6b]">&gt;&gt;</a>&nbsp;&nbsp;&nbsp;Com_SOC_Init
<LI><a href="#[6a]">&gt;&gt;</a>&nbsp;&nbsp;&nbsp;__aeabi_memclr4
</UL>
<BR>[Called By]<UL><LI><a href="#[4e]">&gt;&gt;</a>&nbsp;&nbsp;&nbsp;App_BatMan_Init
</UL>

<P><STRONG><a name="[62]"></a>App_BatMan_KeepMainFetsOff</STRONG> (Thumb, 56 bytes, Stack size 16 bytes, app_batman_config.o(i.App_BatMan_KeepMainFetsOff))
<BR><BR>[Stack]<UL><LI>Max Depth = 376<LI>Call Chain = App_BatMan_KeepMainFetsOff &rArr; Int_BQ76952_ReadSubcommand &rArr; Int_BQ76952_ReadTransfer &rArr; Int_BQ76952_ReadDirect &rArr; HAL_I2C_Mem_Read &rArr; I2C_RequestMemoryRead &rArr; I2C_WaitOnFlagUntilTimeout &rArr; I2C_IsErrorOccurred
</UL>
<BR>[Calls]<UL><LI><a href="#[57]">&gt;&gt;</a>&nbsp;&nbsp;&nbsp;Int_BQ76952_ReadSubcommand
<LI><a href="#[6d]">&gt;&gt;</a>&nbsp;&nbsp;&nbsp;App_BatMan_ReadU16Le
<LI><a href="#[6f]">&gt;&gt;</a>&nbsp;&nbsp;&nbsp;Int_BQ76952_WriteSubcommandData
<LI><a href="#[6e]">&gt;&gt;</a>&nbsp;&nbsp;&nbsp;Int_BQ76952_SendSubcommand
</UL>
<BR>[Called By]<UL><LI><a href="#[4e]">&gt;&gt;</a>&nbsp;&nbsp;&nbsp;App_BatMan_Init
</UL>

<P><STRONG><a name="[5b]"></a>App_BatMan_PrintBqCfgEnterFail</STRONG> (Thumb, 10 bytes, Stack size 8 bytes, app_batman_debug.o(i.App_BatMan_PrintBqCfgEnterFail))
<BR><BR>[Stack]<UL><LI>Max Depth = 32<LI>Call Chain = App_BatMan_PrintBqCfgEnterFail &rArr; __2printf
</UL>
<BR>[Calls]<UL><LI><a href="#[77]">&gt;&gt;</a>&nbsp;&nbsp;&nbsp;__2printf
</UL>
<BR>[Called By]<UL><LI><a href="#[4e]">&gt;&gt;</a>&nbsp;&nbsp;&nbsp;App_BatMan_Init
</UL>

<P><STRONG><a name="[61]"></a>App_BatMan_PrintBqCfgExitFail</STRONG> (Thumb, 10 bytes, Stack size 8 bytes, app_batman_debug.o(i.App_BatMan_PrintBqCfgExitFail))
<BR><BR>[Stack]<UL><LI>Max Depth = 32<LI>Call Chain = App_BatMan_PrintBqCfgExitFail &rArr; __2printf
</UL>
<BR>[Calls]<UL><LI><a href="#[77]">&gt;&gt;</a>&nbsp;&nbsp;&nbsp;__2printf
</UL>
<BR>[Called By]<UL><LI><a href="#[4e]">&gt;&gt;</a>&nbsp;&nbsp;&nbsp;App_BatMan_Init
</UL>

<P><STRONG><a name="[5d]"></a>App_BatMan_PrintBqCfgWriteFail</STRONG> (Thumb, 10 bytes, Stack size 8 bytes, app_batman_debug.o(i.App_BatMan_PrintBqCfgWriteFail))
<BR><BR>[Stack]<UL><LI>Max Depth = 32<LI>Call Chain = App_BatMan_PrintBqCfgWriteFail &rArr; __2printf
</UL>
<BR>[Calls]<UL><LI><a href="#[77]">&gt;&gt;</a>&nbsp;&nbsp;&nbsp;__2printf
</UL>
<BR>[Called By]<UL><LI><a href="#[4e]">&gt;&gt;</a>&nbsp;&nbsp;&nbsp;App_BatMan_Init
</UL>

<P><STRONG><a name="[58]"></a>App_BatMan_PrintBqDeviceFail</STRONG> (Thumb, 20 bytes, Stack size 8 bytes, app_batman_debug.o(i.App_BatMan_PrintBqDeviceFail))
<BR><BR>[Stack]<UL><LI>Max Depth = 32<LI>Call Chain = App_BatMan_PrintBqDeviceFail &rArr; __2printf
</UL>
<BR>[Calls]<UL><LI><a href="#[78]">&gt;&gt;</a>&nbsp;&nbsp;&nbsp;Int_BQ76952_GetLastHalError
<LI><a href="#[77]">&gt;&gt;</a>&nbsp;&nbsp;&nbsp;__2printf
</UL>
<BR>[Called By]<UL><LI><a href="#[4e]">&gt;&gt;</a>&nbsp;&nbsp;&nbsp;App_BatMan_Init
</UL>

<P><STRONG><a name="[63]"></a>App_BatMan_PrintBqFetOffFail</STRONG> (Thumb, 10 bytes, Stack size 8 bytes, app_batman_debug.o(i.App_BatMan_PrintBqFetOffFail))
<BR><BR>[Stack]<UL><LI>Max Depth = 32<LI>Call Chain = App_BatMan_PrintBqFetOffFail &rArr; __2printf
</UL>
<BR>[Calls]<UL><LI><a href="#[77]">&gt;&gt;</a>&nbsp;&nbsp;&nbsp;__2printf
</UL>
<BR>[Called By]<UL><LI><a href="#[4e]">&gt;&gt;</a>&nbsp;&nbsp;&nbsp;App_BatMan_Init
</UL>

<P><STRONG><a name="[59]"></a>App_BatMan_PrintBqOkDev</STRONG> (Thumb, 20 bytes, Stack size 8 bytes, app_batman_debug.o(i.App_BatMan_PrintBqOkDev))
<BR><BR>[Stack]<UL><LI>Max Depth = 32<LI>Call Chain = App_BatMan_PrintBqOkDev &rArr; __2printf
</UL>
<BR>[Calls]<UL><LI><a href="#[79]">&gt;&gt;</a>&nbsp;&nbsp;&nbsp;Int_BQ76952_IsCrcEnabled
<LI><a href="#[77]">&gt;&gt;</a>&nbsp;&nbsp;&nbsp;__2printf
</UL>
<BR>[Called By]<UL><LI><a href="#[4e]">&gt;&gt;</a>&nbsp;&nbsp;&nbsp;App_BatMan_Init
</UL>

<P><STRONG><a name="[60]"></a>App_BatMan_PrintBqPowerConfig</STRONG> (Thumb, 12 bytes, Stack size 8 bytes, app_batman_debug.o(i.App_BatMan_PrintBqPowerConfig))
<BR><BR>[Stack]<UL><LI>Max Depth = 32<LI>Call Chain = App_BatMan_PrintBqPowerConfig &rArr; __2printf
</UL>
<BR>[Calls]<UL><LI><a href="#[77]">&gt;&gt;</a>&nbsp;&nbsp;&nbsp;__2printf
</UL>
<BR>[Called By]<UL><LI><a href="#[4e]">&gt;&gt;</a>&nbsp;&nbsp;&nbsp;App_BatMan_Init
</UL>

<P><STRONG><a name="[55]"></a>App_BatMan_PrintBqResetFail</STRONG> (Thumb, 20 bytes, Stack size 8 bytes, app_batman_debug.o(i.App_BatMan_PrintBqResetFail))
<BR><BR>[Stack]<UL><LI>Max Depth = 32<LI>Call Chain = App_BatMan_PrintBqResetFail &rArr; __2printf
</UL>
<BR>[Calls]<UL><LI><a href="#[78]">&gt;&gt;</a>&nbsp;&nbsp;&nbsp;Int_BQ76952_GetLastHalError
<LI><a href="#[77]">&gt;&gt;</a>&nbsp;&nbsp;&nbsp;__2printf
</UL>
<BR>[Called By]<UL><LI><a href="#[4e]">&gt;&gt;</a>&nbsp;&nbsp;&nbsp;App_BatMan_Init
</UL>

<P><STRONG><a name="[7c]"></a>App_BatMan_PrintDmWrite16Fail</STRONG> (Thumb, 12 bytes, Stack size 8 bytes, app_batman_debug.o(i.App_BatMan_PrintDmWrite16Fail))
<BR><BR>[Stack]<UL><LI>Max Depth = 32<LI>Call Chain = App_BatMan_PrintDmWrite16Fail &rArr; __2printf
</UL>
<BR>[Calls]<UL><LI><a href="#[77]">&gt;&gt;</a>&nbsp;&nbsp;&nbsp;__2printf
</UL>
<BR>[Called By]<UL><LI><a href="#[4d]">&gt;&gt;</a>&nbsp;&nbsp;&nbsp;App_BatMan_WriteConfigU16
</UL>

<P><STRONG><a name="[7d]"></a>App_BatMan_PrintDmWrite8Fail</STRONG> (Thumb, 12 bytes, Stack size 8 bytes, app_batman_debug.o(i.App_BatMan_PrintDmWrite8Fail))
<BR><BR>[Stack]<UL><LI>Max Depth = 32<LI>Call Chain = App_BatMan_PrintDmWrite8Fail &rArr; __2printf
</UL>
<BR>[Calls]<UL><LI><a href="#[77]">&gt;&gt;</a>&nbsp;&nbsp;&nbsp;__2printf
</UL>
<BR>[Called By]<UL><LI><a href="#[4c]">&gt;&gt;</a>&nbsp;&nbsp;&nbsp;App_BatMan_WriteConfigU8
</UL>

<P><STRONG><a name="[69]"></a>App_BatMan_PrintInitOk</STRONG> (Thumb, 10 bytes, Stack size 8 bytes, app_batman_debug.o(i.App_BatMan_PrintInitOk))
<BR><BR>[Stack]<UL><LI>Max Depth = 32<LI>Call Chain = App_BatMan_PrintInitOk &rArr; __2printf
</UL>
<BR>[Calls]<UL><LI><a href="#[77]">&gt;&gt;</a>&nbsp;&nbsp;&nbsp;__2printf
</UL>
<BR>[Called By]<UL><LI><a href="#[4e]">&gt;&gt;</a>&nbsp;&nbsp;&nbsp;App_BatMan_Init
</UL>

<P><STRONG><a name="[6d]"></a>App_BatMan_ReadU16Le</STRONG> (Thumb, 10 bytes, Stack size 0 bytes, app_batman.o(i.App_BatMan_ReadU16Le))
<BR><BR>[Called By]<UL><LI><a href="#[62]">&gt;&gt;</a>&nbsp;&nbsp;&nbsp;App_BatMan_KeepMainFetsOff
<LI><a href="#[71]">&gt;&gt;</a>&nbsp;&nbsp;&nbsp;App_BatMan_ReadDirectU16
</UL>

<P><STRONG><a name="[80]"></a>App_BatMan_ResetDebugState</STRONG> (Thumb, 8 bytes, Stack size 0 bytes, app_batman_debug.o(i.App_BatMan_ResetDebugState))
<BR><BR>[Called By]<UL><LI><a href="#[4f]">&gt;&gt;</a>&nbsp;&nbsp;&nbsp;App_BatMan_ResetState
</UL>

<P><STRONG><a name="[81]"></a>App_BatMan_ResetEstimatorState</STRONG> (Thumb, 10 bytes, Stack size 0 bytes, app_batman_estimator.o(i.App_BatMan_ResetEstimatorState))
<BR><BR>[Called By]<UL><LI><a href="#[4f]">&gt;&gt;</a>&nbsp;&nbsp;&nbsp;App_BatMan_ResetState
</UL>

<P><STRONG><a name="[7f]"></a>App_BatMan_ResetSampleState</STRONG> (Thumb, 22 bytes, Stack size 0 bytes, app_batman_sample.o(i.App_BatMan_ResetSampleState))
<BR><BR>[Called By]<UL><LI><a href="#[4f]">&gt;&gt;</a>&nbsp;&nbsp;&nbsp;App_BatMan_ResetState
</UL>

<P><STRONG><a name="[64]"></a>App_BatMan_Sample</STRONG> (Thumb, 152 bytes, Stack size 16 bytes, app_batman_sample.o(i.App_BatMan_Sample))
<BR><BR>[Stack]<UL><LI>Max Depth = 320<LI>Call Chain = App_BatMan_Sample &rArr; App_BatMan_LoadTemperature &rArr; App_BatMan_ReadDirectU16 &rArr; Int_BQ76952_ReadDirect &rArr; HAL_I2C_Mem_Read &rArr; I2C_RequestMemoryRead &rArr; I2C_WaitOnFlagUntilTimeout &rArr; I2C_IsErrorOccurred
</UL>
<BR>[Calls]<UL><LI><a href="#[3b]">&gt;&gt;</a>&nbsp;&nbsp;&nbsp;__aeabi_i2f
<LI><a href="#[3a]">&gt;&gt;</a>&nbsp;&nbsp;&nbsp;__aeabi_fdiv
<LI><a href="#[71]">&gt;&gt;</a>&nbsp;&nbsp;&nbsp;App_BatMan_ReadDirectU16
<LI><a href="#[74]">&gt;&gt;</a>&nbsp;&nbsp;&nbsp;App_BatMan_LoadTemperature
<LI><a href="#[73]">&gt;&gt;</a>&nbsp;&nbsp;&nbsp;App_BatMan_LoadCellsVoltage
<LI><a href="#[70]">&gt;&gt;</a>&nbsp;&nbsp;&nbsp;App_BatMan_LoadBqStatus
</UL>
<BR>[Called By]<UL><LI><a href="#[84]">&gt;&gt;</a>&nbsp;&nbsp;&nbsp;App_BatMan_Task
<LI><a href="#[4e]">&gt;&gt;</a>&nbsp;&nbsp;&nbsp;App_BatMan_Init
</UL>

<P><STRONG><a name="[51]"></a>App_BatMan_ShowIicStatus</STRONG> (Thumb, 8 bytes, Stack size 8 bytes, app_batman_debug.o(i.App_BatMan_ShowIicStatus))
<BR><BR>[Stack]<UL><LI>Max Depth = 200<LI>Call Chain = App_BatMan_ShowIicStatus &rArr; App_OLED_ShowIicStatus &rArr; App_OLED_Render &rArr; Inf_OLED_Clear &rArr; Inf_OLED_Refresh &rArr; Inf_OLED_WR_Byte &rArr; HAL_I2C_Master_Transmit &rArr; I2C_WaitOnFlagUntilTimeout &rArr; I2C_IsErrorOccurred
</UL>
<BR>[Calls]<UL><LI><a href="#[82]">&gt;&gt;</a>&nbsp;&nbsp;&nbsp;App_OLED_ShowIicStatus
</UL>
<BR>[Called By]<UL><LI><a href="#[4e]">&gt;&gt;</a>&nbsp;&nbsp;&nbsp;App_BatMan_Init
</UL>

<P><STRONG><a name="[5f]"></a>App_BatMan_ShowPowerConfig</STRONG> (Thumb, 8 bytes, Stack size 8 bytes, app_batman_debug.o(i.App_BatMan_ShowPowerConfig))
<BR><BR>[Stack]<UL><LI>Max Depth = 200<LI>Call Chain = App_BatMan_ShowPowerConfig &rArr; App_OLED_ShowBqIicPowerConfig &rArr; App_OLED_Render &rArr; Inf_OLED_Clear &rArr; Inf_OLED_Refresh &rArr; Inf_OLED_WR_Byte &rArr; HAL_I2C_Master_Transmit &rArr; I2C_WaitOnFlagUntilTimeout &rArr; I2C_IsErrorOccurred
</UL>
<BR>[Calls]<UL><LI><a href="#[83]">&gt;&gt;</a>&nbsp;&nbsp;&nbsp;App_OLED_ShowBqIicPowerConfig
</UL>
<BR>[Called By]<UL><LI><a href="#[4e]">&gt;&gt;</a>&nbsp;&nbsp;&nbsp;App_BatMan_Init
</UL>

<P><STRONG><a name="[84]"></a>App_BatMan_Task</STRONG> (Thumb, 44 bytes, Stack size 8 bytes, app_batman.o(i.App_BatMan_Task))
<BR><BR>[Stack]<UL><LI>Max Depth = 328<LI>Call Chain = App_BatMan_Task &rArr; App_BatMan_UpdateBalance &rArr; Int_BQ76952_SetBalanceMask &rArr; Int_BQ76952_WriteSubcommandData &rArr; Int_BQ76952_WriteDirect &rArr; HAL_I2C_Mem_Write &rArr; I2C_RequestMemoryWrite &rArr; I2C_WaitOnFlagUntilTimeout &rArr; I2C_IsErrorOccurred
</UL>
<BR>[Calls]<UL><LI><a href="#[66]">&gt;&gt;</a>&nbsp;&nbsp;&nbsp;App_BatMan_UpdateSoc
<LI><a href="#[68]">&gt;&gt;</a>&nbsp;&nbsp;&nbsp;App_BatMan_UpdateRuntimeOledStatus
<LI><a href="#[65]">&gt;&gt;</a>&nbsp;&nbsp;&nbsp;App_BatMan_UpdateHealth
<LI><a href="#[85]">&gt;&gt;</a>&nbsp;&nbsp;&nbsp;App_BatMan_UpdateDebugOutput
<LI><a href="#[67]">&gt;&gt;</a>&nbsp;&nbsp;&nbsp;App_BatMan_UpdateBalance
<LI><a href="#[64]">&gt;&gt;</a>&nbsp;&nbsp;&nbsp;App_BatMan_Sample
</UL>
<BR>[Called By]<UL><LI><a href="#[25]">&gt;&gt;</a>&nbsp;&nbsp;&nbsp;main
</UL>

<P><STRONG><a name="[67]"></a>App_BatMan_UpdateBalance</STRONG> (Thumb, 64 bytes, Stack size 16 bytes, app_batman_estimator.o(i.App_BatMan_UpdateBalance))
<BR><BR>[Stack]<UL><LI>Max Depth = 320<LI>Call Chain = App_BatMan_UpdateBalance &rArr; Int_BQ76952_SetBalanceMask &rArr; Int_BQ76952_WriteSubcommandData &rArr; Int_BQ76952_WriteDirect &rArr; HAL_I2C_Mem_Write &rArr; I2C_RequestMemoryWrite &rArr; I2C_WaitOnFlagUntilTimeout &rArr; I2C_IsErrorOccurred
</UL>
<BR>[Calls]<UL><LI><a href="#[87]">&gt;&gt;</a>&nbsp;&nbsp;&nbsp;Int_BQ76952_SetBalanceMask
<LI><a href="#[86]">&gt;&gt;</a>&nbsp;&nbsp;&nbsp;App_BatMan_MakeBalanceMask
</UL>
<BR>[Called By]<UL><LI><a href="#[84]">&gt;&gt;</a>&nbsp;&nbsp;&nbsp;App_BatMan_Task
<LI><a href="#[4e]">&gt;&gt;</a>&nbsp;&nbsp;&nbsp;App_BatMan_Init
</UL>

<P><STRONG><a name="[85]"></a>App_BatMan_UpdateDebugOutput</STRONG> (Thumb, 28 bytes, Stack size 8 bytes, app_batman_debug.o(i.App_BatMan_UpdateDebugOutput))
<BR><BR>[Stack]<UL><LI>Max Depth = 144<LI>Call Chain = App_BatMan_UpdateDebugOutput &rArr; App_BatMan_PrintDebug &rArr; __2printf
</UL>
<BR>[Calls]<UL><LI><a href="#[7a]">&gt;&gt;</a>&nbsp;&nbsp;&nbsp;App_BatMan_PrintDebug
</UL>
<BR>[Called By]<UL><LI><a href="#[84]">&gt;&gt;</a>&nbsp;&nbsp;&nbsp;App_BatMan_Task
</UL>

<P><STRONG><a name="[65]"></a>App_BatMan_UpdateHealth</STRONG> (Thumb, 124 bytes, Stack size 56 bytes, app_batman_estimator.o(i.App_BatMan_UpdateHealth))
<BR><BR>[Stack]<UL><LI>Max Depth = 132<LI>Call Chain = App_BatMan_UpdateHealth &rArr; Com_SOH_Update &rArr; Com_SOH_AddWholeMah &rArr; __aeabi_frsub &rArr; __aeabi_fadd &rArr; _float_epilogue
</UL>
<BR>[Calls]<UL><LI><a href="#[88]">&gt;&gt;</a>&nbsp;&nbsp;&nbsp;Com_SOH_Update
<LI><a href="#[89]">&gt;&gt;</a>&nbsp;&nbsp;&nbsp;Com_SOH_GetResult
</UL>
<BR>[Called By]<UL><LI><a href="#[84]">&gt;&gt;</a>&nbsp;&nbsp;&nbsp;App_BatMan_Task
<LI><a href="#[4e]">&gt;&gt;</a>&nbsp;&nbsp;&nbsp;App_BatMan_Init
</UL>

<P><STRONG><a name="[68]"></a>App_BatMan_UpdateRuntimeOledStatus</STRONG> (Thumb, 16 bytes, Stack size 8 bytes, app_batman_debug.o(i.App_BatMan_UpdateRuntimeOledStatus))
<BR><BR>[Stack]<UL><LI>Max Depth = 200<LI>Call Chain = App_BatMan_UpdateRuntimeOledStatus &rArr; App_OLED_ShowIicStatus &rArr; App_OLED_Render &rArr; Inf_OLED_Clear &rArr; Inf_OLED_Refresh &rArr; Inf_OLED_WR_Byte &rArr; HAL_I2C_Master_Transmit &rArr; I2C_WaitOnFlagUntilTimeout &rArr; I2C_IsErrorOccurred
</UL>
<BR>[Calls]<UL><LI><a href="#[82]">&gt;&gt;</a>&nbsp;&nbsp;&nbsp;App_OLED_ShowIicStatus
</UL>
<BR>[Called By]<UL><LI><a href="#[84]">&gt;&gt;</a>&nbsp;&nbsp;&nbsp;App_BatMan_Task
<LI><a href="#[4e]">&gt;&gt;</a>&nbsp;&nbsp;&nbsp;App_BatMan_Init
</UL>

<P><STRONG><a name="[66]"></a>App_BatMan_UpdateSoc</STRONG> (Thumb, 154 bytes, Stack size 96 bytes, app_batman_estimator.o(i.App_BatMan_UpdateSoc))
<BR><BR>[Stack]<UL><LI>Max Depth = 212<LI>Call Chain = App_BatMan_UpdateSoc &rArr; Com_SOC_Update &rArr; Com_SOC_KalmanByOcv &rArr; __aeabi_fsub &rArr; __aeabi_fadd &rArr; _float_epilogue
</UL>
<BR>[Calls]<UL><LI><a href="#[8a]">&gt;&gt;</a>&nbsp;&nbsp;&nbsp;Com_SOC_Update
<LI><a href="#[8b]">&gt;&gt;</a>&nbsp;&nbsp;&nbsp;Com_SOC_GetResult
</UL>
<BR>[Called By]<UL><LI><a href="#[84]">&gt;&gt;</a>&nbsp;&nbsp;&nbsp;App_BatMan_Task
<LI><a href="#[4e]">&gt;&gt;</a>&nbsp;&nbsp;&nbsp;App_BatMan_Init
</UL>

<P><STRONG><a name="[49]"></a>App_BatMan_WriteU16Le</STRONG> (Thumb, 8 bytes, Stack size 0 bytes, app_batman.o(i.App_BatMan_WriteU16Le))
<BR><BR>[Called By]<UL><LI><a href="#[48]">&gt;&gt;</a>&nbsp;&nbsp;&nbsp;App_BatMan_ClearStartupAlarms
<LI><a href="#[4d]">&gt;&gt;</a>&nbsp;&nbsp;&nbsp;App_BatMan_WriteConfigU16
</UL>

<P><STRONG><a name="[8d]"></a>App_Buzzer_Init</STRONG> (Thumb, 8 bytes, Stack size 8 bytes, app_buzzer.o(i.App_Buzzer_Init))
<BR><BR>[Stack]<UL><LI>Max Depth = 64<LI>Call Chain = App_Buzzer_Init &rArr; Int_Buzzer_Stop &rArr; Int_Buzzer_SetPwm &rArr; HAL_TIM_PWM_Stop &rArr; TIM_CCxChannelCmd
</UL>
<BR>[Calls]<UL><LI><a href="#[8e]">&gt;&gt;</a>&nbsp;&nbsp;&nbsp;Int_Buzzer_Stop
</UL>
<BR>[Called By]<UL><LI><a href="#[25]">&gt;&gt;</a>&nbsp;&nbsp;&nbsp;main
</UL>

<P><STRONG><a name="[8f]"></a>App_OLED_Init</STRONG> (Thumb, 24 bytes, Stack size 8 bytes, app_oled.o(i.App_OLED_Init))
<BR><BR>[Stack]<UL><LI>Max Depth = 200<LI>Call Chain = App_OLED_Init &rArr; App_OLED_ShowIicStatus &rArr; App_OLED_Render &rArr; Inf_OLED_Clear &rArr; Inf_OLED_Refresh &rArr; Inf_OLED_WR_Byte &rArr; HAL_I2C_Master_Transmit &rArr; I2C_WaitOnFlagUntilTimeout &rArr; I2C_IsErrorOccurred
</UL>
<BR>[Calls]<UL><LI><a href="#[90]">&gt;&gt;</a>&nbsp;&nbsp;&nbsp;Inf_OLED_Init
<LI><a href="#[82]">&gt;&gt;</a>&nbsp;&nbsp;&nbsp;App_OLED_ShowIicStatus
</UL>
<BR>[Called By]<UL><LI><a href="#[25]">&gt;&gt;</a>&nbsp;&nbsp;&nbsp;main
</UL>

<P><STRONG><a name="[83]"></a>App_OLED_ShowBqIicPowerConfig</STRONG> (Thumb, 62 bytes, Stack size 8 bytes, app_oled.o(i.App_OLED_ShowBqIicPowerConfig))
<BR><BR>[Stack]<UL><LI>Max Depth = 192<LI>Call Chain = App_OLED_ShowBqIicPowerConfig &rArr; App_OLED_Render &rArr; Inf_OLED_Clear &rArr; Inf_OLED_Refresh &rArr; Inf_OLED_WR_Byte &rArr; HAL_I2C_Master_Transmit &rArr; I2C_WaitOnFlagUntilTimeout &rArr; I2C_IsErrorOccurred
</UL>
<BR>[Calls]<UL><LI><a href="#[91]">&gt;&gt;</a>&nbsp;&nbsp;&nbsp;App_OLED_Render
</UL>
<BR>[Called By]<UL><LI><a href="#[5f]">&gt;&gt;</a>&nbsp;&nbsp;&nbsp;App_BatMan_ShowPowerConfig
</UL>

<P><STRONG><a name="[82]"></a>App_OLED_ShowIicStatus</STRONG> (Thumb, 40 bytes, Stack size 8 bytes, app_oled.o(i.App_OLED_ShowIicStatus))
<BR><BR>[Stack]<UL><LI>Max Depth = 192<LI>Call Chain = App_OLED_ShowIicStatus &rArr; App_OLED_Render &rArr; Inf_OLED_Clear &rArr; Inf_OLED_Refresh &rArr; Inf_OLED_WR_Byte &rArr; HAL_I2C_Master_Transmit &rArr; I2C_WaitOnFlagUntilTimeout &rArr; I2C_IsErrorOccurred
</UL>
<BR>[Calls]<UL><LI><a href="#[91]">&gt;&gt;</a>&nbsp;&nbsp;&nbsp;App_OLED_Render
</UL>
<BR>[Called By]<UL><LI><a href="#[68]">&gt;&gt;</a>&nbsp;&nbsp;&nbsp;App_BatMan_UpdateRuntimeOledStatus
<LI><a href="#[51]">&gt;&gt;</a>&nbsp;&nbsp;&nbsp;App_BatMan_ShowIicStatus
<LI><a href="#[8f]">&gt;&gt;</a>&nbsp;&nbsp;&nbsp;App_OLED_Init
</UL>

<P><STRONG><a name="[9f]"></a>App_SC8815_Init</STRONG> (Thumb, 82 bytes, Stack size 8 bytes, app_sc8815.o(i.App_SC8815_Init))
<BR><BR>[Stack]<UL><LI>Max Depth = 120<LI>Call Chain = App_SC8815_Init &rArr; App_SC8815_Sample &rArr; Int_SC8815_ReadAdcVoltageMv &rArr; Int_SC8815_ReadAdcRaw &rArr; Int_SC8815_ReadRegRaw &rArr; Int_SC8815_BusWriteByte &rArr; Int_SC8815_IicSdaLow &rArr; Int_SC8815_IicDelay
</UL>
<BR>[Calls]<UL><LI><a href="#[9d]">&gt;&gt;</a>&nbsp;&nbsp;&nbsp;Int_SC8815_SetAdcEnabled
<LI><a href="#[a0]">&gt;&gt;</a>&nbsp;&nbsp;&nbsp;Int_SC8815_InitSafe
<LI><a href="#[97]">&gt;&gt;</a>&nbsp;&nbsp;&nbsp;App_SC8815_SetStandbyMonitor
<LI><a href="#[a1]">&gt;&gt;</a>&nbsp;&nbsp;&nbsp;App_SC8815_Sample
<LI><a href="#[99]">&gt;&gt;</a>&nbsp;&nbsp;&nbsp;App_SC8815_Check
<LI><a href="#[77]">&gt;&gt;</a>&nbsp;&nbsp;&nbsp;__2printf
</UL>
<BR>[Called By]<UL><LI><a href="#[25]">&gt;&gt;</a>&nbsp;&nbsp;&nbsp;main
</UL>

<P><STRONG><a name="[a6]"></a>App_SC8815_Task</STRONG> (Thumb, 40 bytes, Stack size 8 bytes, app_sc8815.o(i.App_SC8815_Task))
<BR><BR>[Stack]<UL><LI>Max Depth = 120<LI>Call Chain = App_SC8815_Task &rArr; App_SC8815_Sample &rArr; Int_SC8815_ReadAdcVoltageMv &rArr; Int_SC8815_ReadAdcRaw &rArr; Int_SC8815_ReadRegRaw &rArr; Int_SC8815_BusWriteByte &rArr; Int_SC8815_IicSdaLow &rArr; Int_SC8815_IicDelay
</UL>
<BR>[Calls]<UL><LI><a href="#[a1]">&gt;&gt;</a>&nbsp;&nbsp;&nbsp;App_SC8815_Sample
<LI><a href="#[a2]">&gt;&gt;</a>&nbsp;&nbsp;&nbsp;App_SC8815_PrintDebug
<LI><a href="#[96]">&gt;&gt;</a>&nbsp;&nbsp;&nbsp;App_SC8815_ApplyChargeRequest
</UL>
<BR>[Called By]<UL><LI><a href="#[25]">&gt;&gt;</a>&nbsp;&nbsp;&nbsp;main
</UL>

<P><STRONG><a name="[75]"></a>Com_BQ76952_Temp0p1KToC</STRONG> (Thumb, 26 bytes, Stack size 8 bytes, com_bq76952.o(i.Com_BQ76952_Temp0p1KToC))
<BR><BR>[Stack]<UL><LI>Max Depth = 36<LI>Call Chain = Com_BQ76952_Temp0p1KToC &rArr; __aeabi_idivmod &rArr; __aeabi_uidivmod
</UL>
<BR>[Calls]<UL><LI><a href="#[2d]">&gt;&gt;</a>&nbsp;&nbsp;&nbsp;__aeabi_idivmod
</UL>
<BR>[Called By]<UL><LI><a href="#[74]">&gt;&gt;</a>&nbsp;&nbsp;&nbsp;App_BatMan_LoadTemperature
</UL>

<P><STRONG><a name="[aa]"></a>Com_BatteryParam_GetSoc0p01ByVoltage</STRONG> (Thumb, 86 bytes, Stack size 16 bytes, com_batteryparam.o(i.Com_BatteryParam_GetSoc0p01ByVoltage))
<BR><BR>[Stack]<UL><LI>Max Depth = 28<LI>Call Chain = Com_BatteryParam_GetSoc0p01ByVoltage &rArr; __aeabi_uidivmod
</UL>
<BR>[Calls]<UL><LI><a href="#[2e]">&gt;&gt;</a>&nbsp;&nbsp;&nbsp;__aeabi_uidivmod
</UL>
<BR>[Called By]<UL><LI><a href="#[b6]">&gt;&gt;</a>&nbsp;&nbsp;&nbsp;Com_SOC_KalmanByOcv
<LI><a href="#[8a]">&gt;&gt;</a>&nbsp;&nbsp;&nbsp;Com_SOC_Update
</UL>

<P><STRONG><a name="[8b]"></a>Com_SOC_GetResult</STRONG> (Thumb, 16 bytes, Stack size 8 bytes, com_soc.o(i.Com_SOC_GetResult))
<BR><BR>[Stack]<UL><LI>Max Depth = 8<LI>Call Chain = Com_SOC_GetResult
</UL>
<BR>[Calls]<UL><LI><a href="#[b4]">&gt;&gt;</a>&nbsp;&nbsp;&nbsp;__aeabi_memcpy4
</UL>
<BR>[Called By]<UL><LI><a href="#[66]">&gt;&gt;</a>&nbsp;&nbsp;&nbsp;App_BatMan_UpdateSoc
</UL>

<P><STRONG><a name="[6b]"></a>Com_SOC_Init</STRONG> (Thumb, 168 bytes, Stack size 16 bytes, com_soc.o(i.Com_SOC_Init))
<BR><BR>[Stack]<UL><LI>Max Depth = 76<LI>Call Chain = Com_SOC_Init &rArr; Com_SOC_UpdatePublicResult &rArr; __aeabi_fadd &rArr; _float_epilogue
</UL>
<BR>[Calls]<UL><LI><a href="#[3c]">&gt;&gt;</a>&nbsp;&nbsp;&nbsp;__aeabi_ui2f
<LI><a href="#[b5]">&gt;&gt;</a>&nbsp;&nbsp;&nbsp;Com_SOC_UpdatePublicResult
<LI><a href="#[af]">&gt;&gt;</a>&nbsp;&nbsp;&nbsp;Com_SOC_CheckConfig
<LI><a href="#[b4]">&gt;&gt;</a>&nbsp;&nbsp;&nbsp;__aeabi_memcpy4
</UL>
<BR>[Called By]<UL><LI><a href="#[50]">&gt;&gt;</a>&nbsp;&nbsp;&nbsp;App_BatMan_InitAlgorithms
</UL>

<P><STRONG><a name="[8a]"></a>Com_SOC_Update</STRONG> (Thumb, 280 bytes, Stack size 24 bytes, com_soc.o(i.Com_SOC_Update))
<BR><BR>[Stack]<UL><LI>Max Depth = 116<LI>Call Chain = Com_SOC_Update &rArr; Com_SOC_KalmanByOcv &rArr; __aeabi_fsub &rArr; __aeabi_fadd &rArr; _float_epilogue
</UL>
<BR>[Calls]<UL><LI><a href="#[3c]">&gt;&gt;</a>&nbsp;&nbsp;&nbsp;__aeabi_ui2f
<LI><a href="#[b7]">&gt;&gt;</a>&nbsp;&nbsp;&nbsp;__aeabi_fmul
<LI><a href="#[b9]">&gt;&gt;</a>&nbsp;&nbsp;&nbsp;Com_SOC_UpdateRestState
<LI><a href="#[b5]">&gt;&gt;</a>&nbsp;&nbsp;&nbsp;Com_SOC_UpdatePublicResult
<LI><a href="#[ba]">&gt;&gt;</a>&nbsp;&nbsp;&nbsp;Com_SOC_UpdateDisplay
<LI><a href="#[bb]">&gt;&gt;</a>&nbsp;&nbsp;&nbsp;Com_SOC_UpdateConfidence
<LI><a href="#[b8]">&gt;&gt;</a>&nbsp;&nbsp;&nbsp;Com_SOC_Predict
<LI><a href="#[b6]">&gt;&gt;</a>&nbsp;&nbsp;&nbsp;Com_SOC_KalmanByOcv
<LI><a href="#[ac]">&gt;&gt;</a>&nbsp;&nbsp;&nbsp;Com_SOC_IsCellSampleValid
<LI><a href="#[ab]">&gt;&gt;</a>&nbsp;&nbsp;&nbsp;Com_SOC_AnchorByVoltage
<LI><a href="#[ad]">&gt;&gt;</a>&nbsp;&nbsp;&nbsp;Com_SOC_AbsI32
<LI><a href="#[aa]">&gt;&gt;</a>&nbsp;&nbsp;&nbsp;Com_BatteryParam_GetSoc0p01ByVoltage
<LI><a href="#[3a]">&gt;&gt;</a>&nbsp;&nbsp;&nbsp;__aeabi_fdiv
</UL>
<BR>[Called By]<UL><LI><a href="#[66]">&gt;&gt;</a>&nbsp;&nbsp;&nbsp;App_BatMan_UpdateSoc
</UL>

<P><STRONG><a name="[89]"></a>Com_SOH_GetResult</STRONG> (Thumb, 16 bytes, Stack size 8 bytes, com_soh.o(i.Com_SOH_GetResult))
<BR><BR>[Stack]<UL><LI>Max Depth = 8<LI>Call Chain = Com_SOH_GetResult
</UL>
<BR>[Calls]<UL><LI><a href="#[b4]">&gt;&gt;</a>&nbsp;&nbsp;&nbsp;__aeabi_memcpy4
</UL>
<BR>[Called By]<UL><LI><a href="#[65]">&gt;&gt;</a>&nbsp;&nbsp;&nbsp;App_BatMan_UpdateHealth
</UL>

<P><STRONG><a name="[6c]"></a>Com_SOH_Init</STRONG> (Thumb, 84 bytes, Stack size 12 bytes, com_soh.o(i.Com_SOH_Init))
<BR><BR>[Stack]<UL><LI>Max Depth = 12<LI>Call Chain = Com_SOH_Init
</UL>
<BR>[Called By]<UL><LI><a href="#[50]">&gt;&gt;</a>&nbsp;&nbsp;&nbsp;App_BatMan_InitAlgorithms
</UL>

<P><STRONG><a name="[88]"></a>Com_SOH_Update</STRONG> (Thumb, 234 bytes, Stack size 24 bytes, com_soh.o(i.Com_SOH_Update))
<BR><BR>[Stack]<UL><LI>Max Depth = 76<LI>Call Chain = Com_SOH_Update &rArr; Com_SOH_AddWholeMah &rArr; __aeabi_frsub &rArr; __aeabi_fadd &rArr; _float_epilogue
</UL>
<BR>[Calls]<UL><LI><a href="#[39]">&gt;&gt;</a>&nbsp;&nbsp;&nbsp;__aeabi_frsub
<LI><a href="#[be]">&gt;&gt;</a>&nbsp;&nbsp;&nbsp;Com_SOH_UpdateScore
<LI><a href="#[bd]">&gt;&gt;</a>&nbsp;&nbsp;&nbsp;Com_SOH_AddWholeMah
<LI><a href="#[3c]">&gt;&gt;</a>&nbsp;&nbsp;&nbsp;__aeabi_ui2f
<LI><a href="#[b7]">&gt;&gt;</a>&nbsp;&nbsp;&nbsp;__aeabi_fmul
<LI><a href="#[35]">&gt;&gt;</a>&nbsp;&nbsp;&nbsp;__aeabi_fadd
<LI><a href="#[b2]">&gt;&gt;</a>&nbsp;&nbsp;&nbsp;__aeabi_cfcmple
<LI><a href="#[3a]">&gt;&gt;</a>&nbsp;&nbsp;&nbsp;__aeabi_fdiv
</UL>
<BR>[Called By]<UL><LI><a href="#[65]">&gt;&gt;</a>&nbsp;&nbsp;&nbsp;App_BatMan_UpdateHealth
</UL>

<P><STRONG><a name="[d]"></a>EXTI4_15_IRQHandler</STRONG> (Thumb, 10 bytes, Stack size 8 bytes, stm32g0xx_it.o(i.EXTI4_15_IRQHandler))
<BR><BR>[Stack]<UL><LI>Max Depth = 24<LI>Call Chain = EXTI4_15_IRQHandler &rArr; HAL_GPIO_EXTI_IRQHandler
</UL>
<BR>[Calls]<UL><LI><a href="#[bf]">&gt;&gt;</a>&nbsp;&nbsp;&nbsp;HAL_GPIO_EXTI_IRQHandler
</UL>
<BR>[Address Reference Count : 1]<UL><LI> startup_stm32g0b1xx.o(RESET)
</UL>
<P><STRONG><a name="[c5]"></a>Error_Handler</STRONG> (Thumb, 4 bytes, Stack size 0 bytes, main.o(i.Error_Handler))
<BR><BR>[Called By]<UL><LI><a href="#[10b]">&gt;&gt;</a>&nbsp;&nbsp;&nbsp;HAL_UART_MspInit
<LI><a href="#[e5]">&gt;&gt;</a>&nbsp;&nbsp;&nbsp;HAL_RTC_MspInit
<LI><a href="#[ca]">&gt;&gt;</a>&nbsp;&nbsp;&nbsp;HAL_I2C_MspInit
<LI><a href="#[c2]">&gt;&gt;</a>&nbsp;&nbsp;&nbsp;HAL_FDCAN_MspInit
<LI><a href="#[143]">&gt;&gt;</a>&nbsp;&nbsp;&nbsp;MX_USART1_UART_Init
<LI><a href="#[141]">&gt;&gt;</a>&nbsp;&nbsp;&nbsp;MX_TIM3_Init
<LI><a href="#[140]">&gt;&gt;</a>&nbsp;&nbsp;&nbsp;MX_RTC_Init
<LI><a href="#[13f]">&gt;&gt;</a>&nbsp;&nbsp;&nbsp;MX_I2C2_Init
<LI><a href="#[13c]">&gt;&gt;</a>&nbsp;&nbsp;&nbsp;MX_I2C1_Init
<LI><a href="#[13a]">&gt;&gt;</a>&nbsp;&nbsp;&nbsp;MX_FDCAN1_Init
</UL>

<P><STRONG><a name="[56]"></a>HAL_Delay</STRONG> (Thumb, 32 bytes, Stack size 16 bytes, stm32g0xx_hal.o(i.HAL_Delay))
<BR><BR>[Stack]<UL><LI>Max Depth = 16<LI>Call Chain = HAL_Delay
</UL>
<BR>[Calls]<UL><LI><a href="#[c0]">&gt;&gt;</a>&nbsp;&nbsp;&nbsp;HAL_GetTick
</UL>
<BR>[Called By]<UL><LI><a href="#[54]">&gt;&gt;</a>&nbsp;&nbsp;&nbsp;Int_BQ76952_Reset
<LI><a href="#[57]">&gt;&gt;</a>&nbsp;&nbsp;&nbsp;Int_BQ76952_ReadSubcommand
<LI><a href="#[5c]">&gt;&gt;</a>&nbsp;&nbsp;&nbsp;Int_BQ76952_ReadDataMemory
<LI><a href="#[5e]">&gt;&gt;</a>&nbsp;&nbsp;&nbsp;Int_BQ76952_ExitConfigUpdate
<LI><a href="#[5a]">&gt;&gt;</a>&nbsp;&nbsp;&nbsp;Int_BQ76952_EnterConfigUpdate
<LI><a href="#[4e]">&gt;&gt;</a>&nbsp;&nbsp;&nbsp;App_BatMan_Init
<LI><a href="#[25]">&gt;&gt;</a>&nbsp;&nbsp;&nbsp;main
<LI><a href="#[116]">&gt;&gt;</a>&nbsp;&nbsp;&nbsp;Int_BQ76952_ReadTransfer
<LI><a href="#[90]">&gt;&gt;</a>&nbsp;&nbsp;&nbsp;Inf_OLED_Init
</UL>

<P><STRONG><a name="[124]"></a>HAL_FDCAN_ConfigFilter</STRONG> (Thumb, 94 bytes, Stack size 8 bytes, stm32g0xx_hal_fdcan.o(i.HAL_FDCAN_ConfigFilter))
<BR><BR>[Stack]<UL><LI>Max Depth = 8<LI>Call Chain = HAL_FDCAN_ConfigFilter
</UL>
<BR>[Called By]<UL><LI><a href="#[123]">&gt;&gt;</a>&nbsp;&nbsp;&nbsp;Int_CanFd_Init
</UL>

<P><STRONG><a name="[125]"></a>HAL_FDCAN_ConfigGlobalFilter</STRONG> (Thumb, 54 bytes, Stack size 12 bytes, stm32g0xx_hal_fdcan.o(i.HAL_FDCAN_ConfigGlobalFilter))
<BR><BR>[Stack]<UL><LI>Max Depth = 12<LI>Call Chain = HAL_FDCAN_ConfigGlobalFilter
</UL>
<BR>[Called By]<UL><LI><a href="#[123]">&gt;&gt;</a>&nbsp;&nbsp;&nbsp;Int_CanFd_Init
</UL>

<P><STRONG><a name="[c1]"></a>HAL_FDCAN_Init</STRONG> (Thumb, 412 bytes, Stack size 24 bytes, stm32g0xx_hal_fdcan.o(i.HAL_FDCAN_Init))
<BR><BR>[Stack]<UL><LI>Max Depth = 168<LI>Call Chain = HAL_FDCAN_Init &rArr; HAL_FDCAN_MspInit &rArr; HAL_RCCEx_PeriphCLKConfig
</UL>
<BR>[Calls]<UL><LI><a href="#[c2]">&gt;&gt;</a>&nbsp;&nbsp;&nbsp;HAL_FDCAN_MspInit
<LI><a href="#[c0]">&gt;&gt;</a>&nbsp;&nbsp;&nbsp;HAL_GetTick
<LI><a href="#[c3]">&gt;&gt;</a>&nbsp;&nbsp;&nbsp;FDCAN_CalcultateRamBlockAddresses
</UL>
<BR>[Called By]<UL><LI><a href="#[13a]">&gt;&gt;</a>&nbsp;&nbsp;&nbsp;MX_FDCAN1_Init
</UL>

<P><STRONG><a name="[c2]"></a>HAL_FDCAN_MspInit</STRONG> (Thumb, 110 bytes, Stack size 112 bytes, fdcan.o(i.HAL_FDCAN_MspInit))
<BR><BR>[Stack]<UL><LI>Max Depth = 144<LI>Call Chain = HAL_FDCAN_MspInit &rArr; HAL_RCCEx_PeriphCLKConfig
</UL>
<BR>[Calls]<UL><LI><a href="#[c4]">&gt;&gt;</a>&nbsp;&nbsp;&nbsp;HAL_RCCEx_PeriphCLKConfig
<LI><a href="#[c6]">&gt;&gt;</a>&nbsp;&nbsp;&nbsp;HAL_GPIO_Init
<LI><a href="#[c5]">&gt;&gt;</a>&nbsp;&nbsp;&nbsp;Error_Handler
<LI><a href="#[6a]">&gt;&gt;</a>&nbsp;&nbsp;&nbsp;__aeabi_memclr4
</UL>
<BR>[Called By]<UL><LI><a href="#[c1]">&gt;&gt;</a>&nbsp;&nbsp;&nbsp;HAL_FDCAN_Init
</UL>

<P><STRONG><a name="[126]"></a>HAL_FDCAN_Start</STRONG> (Thumb, 44 bytes, Stack size 0 bytes, stm32g0xx_hal_fdcan.o(i.HAL_FDCAN_Start))
<BR><BR>[Called By]<UL><LI><a href="#[123]">&gt;&gt;</a>&nbsp;&nbsp;&nbsp;Int_CanFd_Init
</UL>

<P><STRONG><a name="[c8]"></a>HAL_GPIO_EXTI_Falling_Callback</STRONG> (Thumb, 2 bytes, Stack size 0 bytes, stm32g0xx_hal_gpio.o(i.HAL_GPIO_EXTI_Falling_Callback))
<BR><BR>[Called By]<UL><LI><a href="#[bf]">&gt;&gt;</a>&nbsp;&nbsp;&nbsp;HAL_GPIO_EXTI_IRQHandler
</UL>

<P><STRONG><a name="[bf]"></a>HAL_GPIO_EXTI_IRQHandler</STRONG> (Thumb, 36 bytes, Stack size 16 bytes, stm32g0xx_hal_gpio.o(i.HAL_GPIO_EXTI_IRQHandler))
<BR><BR>[Stack]<UL><LI>Max Depth = 16<LI>Call Chain = HAL_GPIO_EXTI_IRQHandler
</UL>
<BR>[Calls]<UL><LI><a href="#[c7]">&gt;&gt;</a>&nbsp;&nbsp;&nbsp;HAL_GPIO_EXTI_Rising_Callback
<LI><a href="#[c8]">&gt;&gt;</a>&nbsp;&nbsp;&nbsp;HAL_GPIO_EXTI_Falling_Callback
</UL>
<BR>[Called By]<UL><LI><a href="#[d]">&gt;&gt;</a>&nbsp;&nbsp;&nbsp;EXTI4_15_IRQHandler
</UL>

<P><STRONG><a name="[c7]"></a>HAL_GPIO_EXTI_Rising_Callback</STRONG> (Thumb, 2 bytes, Stack size 0 bytes, stm32g0xx_hal_gpio.o(i.HAL_GPIO_EXTI_Rising_Callback))
<BR><BR>[Called By]<UL><LI><a href="#[bf]">&gt;&gt;</a>&nbsp;&nbsp;&nbsp;HAL_GPIO_EXTI_IRQHandler
</UL>

<P><STRONG><a name="[c6]"></a>HAL_GPIO_Init</STRONG> (Thumb, 336 bytes, Stack size 20 bytes, stm32g0xx_hal_gpio.o(i.HAL_GPIO_Init))
<BR><BR>[Stack]<UL><LI>Max Depth = 20<LI>Call Chain = HAL_GPIO_Init
</UL>
<BR>[Called By]<UL><LI><a href="#[10b]">&gt;&gt;</a>&nbsp;&nbsp;&nbsp;HAL_UART_MspInit
<LI><a href="#[f9]">&gt;&gt;</a>&nbsp;&nbsp;&nbsp;HAL_TIM_MspPostInit
<LI><a href="#[ca]">&gt;&gt;</a>&nbsp;&nbsp;&nbsp;HAL_I2C_MspInit
<LI><a href="#[c2]">&gt;&gt;</a>&nbsp;&nbsp;&nbsp;HAL_FDCAN_MspInit
<LI><a href="#[13b]">&gt;&gt;</a>&nbsp;&nbsp;&nbsp;MX_GPIO_Init
<LI><a href="#[129]">&gt;&gt;</a>&nbsp;&nbsp;&nbsp;Int_Led_Init
<LI><a href="#[11c]">&gt;&gt;</a>&nbsp;&nbsp;&nbsp;Int_Button_Init
</UL>

<P><STRONG><a name="[11e]"></a>HAL_GPIO_ReadPin</STRONG> (Thumb, 10 bytes, Stack size 0 bytes, stm32g0xx_hal_gpio.o(i.HAL_GPIO_ReadPin))
<BR><BR>[Called By]<UL><LI><a href="#[11d]">&gt;&gt;</a>&nbsp;&nbsp;&nbsp;Int_Button_ReadLevel
<LI><a href="#[132]">&gt;&gt;</a>&nbsp;&nbsp;&nbsp;Int_SC8815_IicSdaRead
</UL>

<P><STRONG><a name="[12a]"></a>HAL_GPIO_WritePin</STRONG> (Thumb, 12 bytes, Stack size 0 bytes, stm32g0xx_hal_gpio.o(i.HAL_GPIO_WritePin))
<BR><BR>[Called By]<UL><LI><a href="#[13b]">&gt;&gt;</a>&nbsp;&nbsp;&nbsp;MX_GPIO_Init
<LI><a href="#[129]">&gt;&gt;</a>&nbsp;&nbsp;&nbsp;Int_Led_Init
<LI><a href="#[98]">&gt;&gt;</a>&nbsp;&nbsp;&nbsp;Int_SC8815_SetStandby
<LI><a href="#[9e]">&gt;&gt;</a>&nbsp;&nbsp;&nbsp;Int_SC8815_SetChipEnabled
<LI><a href="#[a0]">&gt;&gt;</a>&nbsp;&nbsp;&nbsp;Int_SC8815_InitSafe
<LI><a href="#[12e]">&gt;&gt;</a>&nbsp;&nbsp;&nbsp;Int_SC8815_IicSdaLow
<LI><a href="#[12c]">&gt;&gt;</a>&nbsp;&nbsp;&nbsp;Int_SC8815_IicSdaHigh
<LI><a href="#[12f]">&gt;&gt;</a>&nbsp;&nbsp;&nbsp;Int_SC8815_IicSclLow
<LI><a href="#[12d]">&gt;&gt;</a>&nbsp;&nbsp;&nbsp;Int_SC8815_IicSclHigh
</UL>

<P><STRONG><a name="[c0]"></a>HAL_GetTick</STRONG> (Thumb, 6 bytes, Stack size 0 bytes, stm32g0xx_hal.o(i.HAL_GetTick))
<BR><BR>[Called By]<UL><LI><a href="#[c4]">&gt;&gt;</a>&nbsp;&nbsp;&nbsp;HAL_RCCEx_PeriphCLKConfig
<LI><a href="#[c1]">&gt;&gt;</a>&nbsp;&nbsp;&nbsp;HAL_FDCAN_Init
<LI><a href="#[11c]">&gt;&gt;</a>&nbsp;&nbsp;&nbsp;Int_Button_Init
<LI><a href="#[e3]">&gt;&gt;</a>&nbsp;&nbsp;&nbsp;HAL_RCC_OscConfig
<LI><a href="#[e1]">&gt;&gt;</a>&nbsp;&nbsp;&nbsp;HAL_RCC_ClockConfig
<LI><a href="#[56]">&gt;&gt;</a>&nbsp;&nbsp;&nbsp;HAL_Delay
<LI><a href="#[25]">&gt;&gt;</a>&nbsp;&nbsp;&nbsp;main
<LI><a href="#[a9]">&gt;&gt;</a>&nbsp;&nbsp;&nbsp;HAL_UART_Transmit
<LI><a href="#[d3]">&gt;&gt;</a>&nbsp;&nbsp;&nbsp;HAL_I2C_Mem_Write
<LI><a href="#[d1]">&gt;&gt;</a>&nbsp;&nbsp;&nbsp;HAL_I2C_Mem_Read
<LI><a href="#[cd]">&gt;&gt;</a>&nbsp;&nbsp;&nbsp;HAL_I2C_Master_Transmit
<LI><a href="#[cb]">&gt;&gt;</a>&nbsp;&nbsp;&nbsp;HAL_I2C_IsDeviceReady
<LI><a href="#[128]">&gt;&gt;</a>&nbsp;&nbsp;&nbsp;Int_EEPROM_WaitReady
<LI><a href="#[e6]">&gt;&gt;</a>&nbsp;&nbsp;&nbsp;RTC_EnterInitMode
<LI><a href="#[e8]">&gt;&gt;</a>&nbsp;&nbsp;&nbsp;HAL_RTC_WaitForSynchro
<LI><a href="#[cf]">&gt;&gt;</a>&nbsp;&nbsp;&nbsp;I2C_WaitOnTXISFlagUntilTimeout
<LI><a href="#[d0]">&gt;&gt;</a>&nbsp;&nbsp;&nbsp;I2C_WaitOnSTOPFlagUntilTimeout
<LI><a href="#[cc]">&gt;&gt;</a>&nbsp;&nbsp;&nbsp;I2C_WaitOnFlagUntilTimeout
<LI><a href="#[110]">&gt;&gt;</a>&nbsp;&nbsp;&nbsp;I2C_IsErrorOccurred
<LI><a href="#[10f]">&gt;&gt;</a>&nbsp;&nbsp;&nbsp;UART_WaitOnFlagUntilTimeout
<LI><a href="#[10e]">&gt;&gt;</a>&nbsp;&nbsp;&nbsp;UART_CheckIdleState
</UL>

<P><STRONG><a name="[13d]"></a>HAL_I2CEx_ConfigAnalogFilter</STRONG> (Thumb, 74 bytes, Stack size 16 bytes, stm32g0xx_hal_i2c_ex.o(i.HAL_I2CEx_ConfigAnalogFilter))
<BR><BR>[Stack]<UL><LI>Max Depth = 16<LI>Call Chain = HAL_I2CEx_ConfigAnalogFilter
</UL>
<BR>[Called By]<UL><LI><a href="#[13f]">&gt;&gt;</a>&nbsp;&nbsp;&nbsp;MX_I2C2_Init
<LI><a href="#[13c]">&gt;&gt;</a>&nbsp;&nbsp;&nbsp;MX_I2C1_Init
</UL>

<P><STRONG><a name="[13e]"></a>HAL_I2CEx_ConfigDigitalFilter</STRONG> (Thumb, 72 bytes, Stack size 16 bytes, stm32g0xx_hal_i2c_ex.o(i.HAL_I2CEx_ConfigDigitalFilter))
<BR><BR>[Stack]<UL><LI>Max Depth = 16<LI>Call Chain = HAL_I2CEx_ConfigDigitalFilter
</UL>
<BR>[Called By]<UL><LI><a href="#[13f]">&gt;&gt;</a>&nbsp;&nbsp;&nbsp;MX_I2C2_Init
<LI><a href="#[13c]">&gt;&gt;</a>&nbsp;&nbsp;&nbsp;MX_I2C1_Init
</UL>

<P><STRONG><a name="[11b]"></a>HAL_I2C_GetError</STRONG> (Thumb, 4 bytes, Stack size 0 bytes, stm32g0xx_hal_i2c.o(i.HAL_I2C_GetError))
<BR><BR>[Called By]<UL><LI><a href="#[117]">&gt;&gt;</a>&nbsp;&nbsp;&nbsp;Int_BQ76952_RecordHalError
</UL>

<P><STRONG><a name="[c9]"></a>HAL_I2C_Init</STRONG> (Thumb, 182 bytes, Stack size 16 bytes, stm32g0xx_hal_i2c.o(i.HAL_I2C_Init))
<BR><BR>[Stack]<UL><LI>Max Depth = 168<LI>Call Chain = HAL_I2C_Init &rArr; HAL_I2C_MspInit &rArr; HAL_RCCEx_PeriphCLKConfig
</UL>
<BR>[Calls]<UL><LI><a href="#[ca]">&gt;&gt;</a>&nbsp;&nbsp;&nbsp;HAL_I2C_MspInit
</UL>
<BR>[Called By]<UL><LI><a href="#[13f]">&gt;&gt;</a>&nbsp;&nbsp;&nbsp;MX_I2C2_Init
<LI><a href="#[13c]">&gt;&gt;</a>&nbsp;&nbsp;&nbsp;MX_I2C1_Init
</UL>

<P><STRONG><a name="[cb]"></a>HAL_I2C_IsDeviceReady</STRONG> (Thumb, 250 bytes, Stack size 48 bytes, stm32g0xx_hal_i2c.o(i.HAL_I2C_IsDeviceReady))
<BR><BR>[Stack]<UL><LI>Max Depth = 112<LI>Call Chain = HAL_I2C_IsDeviceReady &rArr; I2C_WaitOnFlagUntilTimeout &rArr; I2C_IsErrorOccurred
</UL>
<BR>[Calls]<UL><LI><a href="#[c0]">&gt;&gt;</a>&nbsp;&nbsp;&nbsp;HAL_GetTick
<LI><a href="#[cc]">&gt;&gt;</a>&nbsp;&nbsp;&nbsp;I2C_WaitOnFlagUntilTimeout
</UL>
<BR>[Called By]<UL><LI><a href="#[128]">&gt;&gt;</a>&nbsp;&nbsp;&nbsp;Int_EEPROM_WaitReady
</UL>

<P><STRONG><a name="[cd]"></a>HAL_I2C_Master_Transmit</STRONG> (Thumb, 304 bytes, Stack size 40 bytes, stm32g0xx_hal_i2c.o(i.HAL_I2C_Master_Transmit))
<BR><BR>[Stack]<UL><LI>Max Depth = 104<LI>Call Chain = HAL_I2C_Master_Transmit &rArr; I2C_WaitOnFlagUntilTimeout &rArr; I2C_IsErrorOccurred
</UL>
<BR>[Calls]<UL><LI><a href="#[c0]">&gt;&gt;</a>&nbsp;&nbsp;&nbsp;HAL_GetTick
<LI><a href="#[cf]">&gt;&gt;</a>&nbsp;&nbsp;&nbsp;I2C_WaitOnTXISFlagUntilTimeout
<LI><a href="#[d0]">&gt;&gt;</a>&nbsp;&nbsp;&nbsp;I2C_WaitOnSTOPFlagUntilTimeout
<LI><a href="#[cc]">&gt;&gt;</a>&nbsp;&nbsp;&nbsp;I2C_WaitOnFlagUntilTimeout
<LI><a href="#[ce]">&gt;&gt;</a>&nbsp;&nbsp;&nbsp;I2C_TransferConfig
</UL>
<BR>[Called By]<UL><LI><a href="#[4a]">&gt;&gt;</a>&nbsp;&nbsp;&nbsp;Int_BQ76952_WriteDirect
<LI><a href="#[112]">&gt;&gt;</a>&nbsp;&nbsp;&nbsp;Inf_OLED_WR_Byte
</UL>

<P><STRONG><a name="[d1]"></a>HAL_I2C_Mem_Read</STRONG> (Thumb, 332 bytes, Stack size 48 bytes, stm32g0xx_hal_i2c.o(i.HAL_I2C_Mem_Read))
<BR><BR>[Stack]<UL><LI>Max Depth = 136<LI>Call Chain = HAL_I2C_Mem_Read &rArr; I2C_RequestMemoryRead &rArr; I2C_WaitOnFlagUntilTimeout &rArr; I2C_IsErrorOccurred
</UL>
<BR>[Calls]<UL><LI><a href="#[c0]">&gt;&gt;</a>&nbsp;&nbsp;&nbsp;HAL_GetTick
<LI><a href="#[d0]">&gt;&gt;</a>&nbsp;&nbsp;&nbsp;I2C_WaitOnSTOPFlagUntilTimeout
<LI><a href="#[cc]">&gt;&gt;</a>&nbsp;&nbsp;&nbsp;I2C_WaitOnFlagUntilTimeout
<LI><a href="#[ce]">&gt;&gt;</a>&nbsp;&nbsp;&nbsp;I2C_TransferConfig
<LI><a href="#[d2]">&gt;&gt;</a>&nbsp;&nbsp;&nbsp;I2C_RequestMemoryRead
</UL>
<BR>[Called By]<UL><LI><a href="#[7e]">&gt;&gt;</a>&nbsp;&nbsp;&nbsp;Int_BQ76952_ReadDirect
</UL>

<P><STRONG><a name="[d3]"></a>HAL_I2C_Mem_Write</STRONG> (Thumb, 326 bytes, Stack size 48 bytes, stm32g0xx_hal_i2c.o(i.HAL_I2C_Mem_Write))
<BR><BR>[Stack]<UL><LI>Max Depth = 136<LI>Call Chain = HAL_I2C_Mem_Write &rArr; I2C_RequestMemoryWrite &rArr; I2C_WaitOnFlagUntilTimeout &rArr; I2C_IsErrorOccurred
</UL>
<BR>[Calls]<UL><LI><a href="#[c0]">&gt;&gt;</a>&nbsp;&nbsp;&nbsp;HAL_GetTick
<LI><a href="#[cf]">&gt;&gt;</a>&nbsp;&nbsp;&nbsp;I2C_WaitOnTXISFlagUntilTimeout
<LI><a href="#[d0]">&gt;&gt;</a>&nbsp;&nbsp;&nbsp;I2C_WaitOnSTOPFlagUntilTimeout
<LI><a href="#[cc]">&gt;&gt;</a>&nbsp;&nbsp;&nbsp;I2C_WaitOnFlagUntilTimeout
<LI><a href="#[ce]">&gt;&gt;</a>&nbsp;&nbsp;&nbsp;I2C_TransferConfig
<LI><a href="#[d4]">&gt;&gt;</a>&nbsp;&nbsp;&nbsp;I2C_RequestMemoryWrite
</UL>
<BR>[Called By]<UL><LI><a href="#[4a]">&gt;&gt;</a>&nbsp;&nbsp;&nbsp;Int_BQ76952_WriteDirect
</UL>

<P><STRONG><a name="[ca]"></a>HAL_I2C_MspInit</STRONG> (Thumb, 184 bytes, Stack size 120 bytes, i2c.o(i.HAL_I2C_MspInit))
<BR><BR>[Stack]<UL><LI>Max Depth = 152<LI>Call Chain = HAL_I2C_MspInit &rArr; HAL_RCCEx_PeriphCLKConfig
</UL>
<BR>[Calls]<UL><LI><a href="#[c4]">&gt;&gt;</a>&nbsp;&nbsp;&nbsp;HAL_RCCEx_PeriphCLKConfig
<LI><a href="#[c6]">&gt;&gt;</a>&nbsp;&nbsp;&nbsp;HAL_GPIO_Init
<LI><a href="#[c5]">&gt;&gt;</a>&nbsp;&nbsp;&nbsp;Error_Handler
<LI><a href="#[6a]">&gt;&gt;</a>&nbsp;&nbsp;&nbsp;__aeabi_memclr4
</UL>
<BR>[Called By]<UL><LI><a href="#[c9]">&gt;&gt;</a>&nbsp;&nbsp;&nbsp;HAL_I2C_Init
</UL>

<P><STRONG><a name="[106]"></a>HAL_IncTick</STRONG> (Thumb, 12 bytes, Stack size 0 bytes, stm32g0xx_hal.o(i.HAL_IncTick))
<BR><BR>[Called By]<UL><LI><a href="#[f4]">&gt;&gt;</a>&nbsp;&nbsp;&nbsp;HAL_TIM_PeriodElapsedCallback
</UL>

<P><STRONG><a name="[d5]"></a>HAL_Init</STRONG> (Thumb, 36 bytes, Stack size 8 bytes, stm32g0xx_hal.o(i.HAL_Init))
<BR><BR>[Stack]<UL><LI>Max Depth = 84<LI>Call Chain = HAL_Init &rArr; HAL_InitTick &rArr; HAL_TIM_Base_Init &rArr; TIM_Base_SetConfig
</UL>
<BR>[Calls]<UL><LI><a href="#[d6]">&gt;&gt;</a>&nbsp;&nbsp;&nbsp;HAL_InitTick
<LI><a href="#[d7]">&gt;&gt;</a>&nbsp;&nbsp;&nbsp;HAL_MspInit
</UL>
<BR>[Called By]<UL><LI><a href="#[25]">&gt;&gt;</a>&nbsp;&nbsp;&nbsp;main
</UL>

<P><STRONG><a name="[d6]"></a>HAL_InitTick</STRONG> (Thumb, 132 bytes, Stack size 40 bytes, stm32g0xx_hal_timebase_tim.o(i.HAL_InitTick))
<BR><BR>[Stack]<UL><LI>Max Depth = 76<LI>Call Chain = HAL_InitTick &rArr; HAL_TIM_Base_Init &rArr; TIM_Base_SetConfig
</UL>
<BR>[Calls]<UL><LI><a href="#[db]">&gt;&gt;</a>&nbsp;&nbsp;&nbsp;HAL_TIM_Base_Start_IT
<LI><a href="#[d9]">&gt;&gt;</a>&nbsp;&nbsp;&nbsp;HAL_RCC_GetPCLK1Freq
<LI><a href="#[d8]">&gt;&gt;</a>&nbsp;&nbsp;&nbsp;HAL_RCC_GetClockConfig
<LI><a href="#[da]">&gt;&gt;</a>&nbsp;&nbsp;&nbsp;HAL_TIM_Base_Init
<LI><a href="#[dd]">&gt;&gt;</a>&nbsp;&nbsp;&nbsp;HAL_NVIC_SetPriority
<LI><a href="#[dc]">&gt;&gt;</a>&nbsp;&nbsp;&nbsp;HAL_NVIC_EnableIRQ
<LI><a href="#[2e]">&gt;&gt;</a>&nbsp;&nbsp;&nbsp;__aeabi_uidivmod
</UL>
<BR>[Called By]<UL><LI><a href="#[e3]">&gt;&gt;</a>&nbsp;&nbsp;&nbsp;HAL_RCC_OscConfig
<LI><a href="#[e1]">&gt;&gt;</a>&nbsp;&nbsp;&nbsp;HAL_RCC_ClockConfig
<LI><a href="#[d5]">&gt;&gt;</a>&nbsp;&nbsp;&nbsp;HAL_Init
</UL>

<P><STRONG><a name="[d7]"></a>HAL_MspInit</STRONG> (Thumb, 46 bytes, Stack size 8 bytes, stm32g0xx_hal_msp.o(i.HAL_MspInit))
<BR><BR>[Stack]<UL><LI>Max Depth = 8<LI>Call Chain = HAL_MspInit
</UL>
<BR>[Calls]<UL><LI><a href="#[de]">&gt;&gt;</a>&nbsp;&nbsp;&nbsp;HAL_SYSCFG_StrobeDBattpinsConfig
</UL>
<BR>[Called By]<UL><LI><a href="#[d5]">&gt;&gt;</a>&nbsp;&nbsp;&nbsp;HAL_Init
</UL>

<P><STRONG><a name="[dc]"></a>HAL_NVIC_EnableIRQ</STRONG> (Thumb, 18 bytes, Stack size 0 bytes, stm32g0xx_hal_cortex.o(i.HAL_NVIC_EnableIRQ))
<BR><BR>[Called By]<UL><LI><a href="#[d6]">&gt;&gt;</a>&nbsp;&nbsp;&nbsp;HAL_InitTick
<LI><a href="#[13b]">&gt;&gt;</a>&nbsp;&nbsp;&nbsp;MX_GPIO_Init
</UL>

<P><STRONG><a name="[dd]"></a>HAL_NVIC_SetPriority</STRONG> (Thumb, 8 bytes, Stack size 8 bytes, stm32g0xx_hal_cortex.o(i.HAL_NVIC_SetPriority))
<BR><BR>[Stack]<UL><LI>Max Depth = 8<LI>Call Chain = HAL_NVIC_SetPriority
</UL>
<BR>[Calls]<UL><LI><a href="#[df]">&gt;&gt;</a>&nbsp;&nbsp;&nbsp;__NVIC_SetPriority
</UL>
<BR>[Called By]<UL><LI><a href="#[d6]">&gt;&gt;</a>&nbsp;&nbsp;&nbsp;HAL_InitTick
<LI><a href="#[13b]">&gt;&gt;</a>&nbsp;&nbsp;&nbsp;MX_GPIO_Init
</UL>

<P><STRONG><a name="[e0]"></a>HAL_PWREx_ControlVoltageScaling</STRONG> (Thumb, 62 bytes, Stack size 8 bytes, stm32g0xx_hal_pwr_ex.o(i.HAL_PWREx_ControlVoltageScaling))
<BR><BR>[Stack]<UL><LI>Max Depth = 20<LI>Call Chain = HAL_PWREx_ControlVoltageScaling &rArr; __aeabi_uidivmod
</UL>
<BR>[Calls]<UL><LI><a href="#[2e]">&gt;&gt;</a>&nbsp;&nbsp;&nbsp;__aeabi_uidivmod
</UL>
<BR>[Called By]<UL><LI><a href="#[145]">&gt;&gt;</a>&nbsp;&nbsp;&nbsp;SystemClock_Config
</UL>

<P><STRONG><a name="[146]"></a>HAL_PWR_EnableBkUpAccess</STRONG> (Thumb, 12 bytes, Stack size 0 bytes, stm32g0xx_hal_pwr.o(i.HAL_PWR_EnableBkUpAccess))
<BR><BR>[Called By]<UL><LI><a href="#[145]">&gt;&gt;</a>&nbsp;&nbsp;&nbsp;SystemClock_Config
</UL>

<P><STRONG><a name="[c4]"></a>HAL_RCCEx_PeriphCLKConfig</STRONG> (Thumb, 618 bytes, Stack size 32 bytes, stm32g0xx_hal_rcc_ex.o(i.HAL_RCCEx_PeriphCLKConfig))
<BR><BR>[Stack]<UL><LI>Max Depth = 32<LI>Call Chain = HAL_RCCEx_PeriphCLKConfig
</UL>
<BR>[Calls]<UL><LI><a href="#[c0]">&gt;&gt;</a>&nbsp;&nbsp;&nbsp;HAL_GetTick
</UL>
<BR>[Called By]<UL><LI><a href="#[10b]">&gt;&gt;</a>&nbsp;&nbsp;&nbsp;HAL_UART_MspInit
<LI><a href="#[e5]">&gt;&gt;</a>&nbsp;&nbsp;&nbsp;HAL_RTC_MspInit
<LI><a href="#[ca]">&gt;&gt;</a>&nbsp;&nbsp;&nbsp;HAL_I2C_MspInit
<LI><a href="#[c2]">&gt;&gt;</a>&nbsp;&nbsp;&nbsp;HAL_FDCAN_MspInit
</UL>

<P><STRONG><a name="[e1]"></a>HAL_RCC_ClockConfig</STRONG> (Thumb, 318 bytes, Stack size 24 bytes, stm32g0xx_hal_rcc.o(i.HAL_RCC_ClockConfig))
<BR><BR>[Stack]<UL><LI>Max Depth = 100<LI>Call Chain = HAL_RCC_ClockConfig &rArr; HAL_InitTick &rArr; HAL_TIM_Base_Init &rArr; TIM_Base_SetConfig
</UL>
<BR>[Calls]<UL><LI><a href="#[d6]">&gt;&gt;</a>&nbsp;&nbsp;&nbsp;HAL_InitTick
<LI><a href="#[c0]">&gt;&gt;</a>&nbsp;&nbsp;&nbsp;HAL_GetTick
<LI><a href="#[e2]">&gt;&gt;</a>&nbsp;&nbsp;&nbsp;HAL_RCC_GetSysClockFreq
</UL>
<BR>[Called By]<UL><LI><a href="#[145]">&gt;&gt;</a>&nbsp;&nbsp;&nbsp;SystemClock_Config
</UL>

<P><STRONG><a name="[d8]"></a>HAL_RCC_GetClockConfig</STRONG> (Thumb, 48 bytes, Stack size 8 bytes, stm32g0xx_hal_rcc.o(i.HAL_RCC_GetClockConfig))
<BR><BR>[Stack]<UL><LI>Max Depth = 8<LI>Call Chain = HAL_RCC_GetClockConfig
</UL>
<BR>[Called By]<UL><LI><a href="#[d6]">&gt;&gt;</a>&nbsp;&nbsp;&nbsp;HAL_InitTick
</UL>

<P><STRONG><a name="[d9]"></a>HAL_RCC_GetPCLK1Freq</STRONG> (Thumb, 26 bytes, Stack size 0 bytes, stm32g0xx_hal_rcc.o(i.HAL_RCC_GetPCLK1Freq))
<BR><BR>[Called By]<UL><LI><a href="#[d6]">&gt;&gt;</a>&nbsp;&nbsp;&nbsp;HAL_InitTick
<LI><a href="#[10d]">&gt;&gt;</a>&nbsp;&nbsp;&nbsp;UART_SetConfig
</UL>

<P><STRONG><a name="[e2]"></a>HAL_RCC_GetSysClockFreq</STRONG> (Thumb, 130 bytes, Stack size 8 bytes, stm32g0xx_hal_rcc.o(i.HAL_RCC_GetSysClockFreq))
[...]
<LI><a href="#[137]">&gt;&gt;</a>&nbsp;&nbsp;&nbsp;Int_SC8815_ReadRegRaw
</UL>

<P><STRONG><a name="[135]"></a>Int_SC8815_CheckReservedBits</STRONG> (Thumb, 16 bytes, Stack size 0 bytes, int_sc8815.o(i.Int_SC8815_CheckReservedBits))
<BR><BR>[Called By]<UL><LI><a href="#[134]">&gt;&gt;</a>&nbsp;&nbsp;&nbsp;Int_SC8815_GuardWrite
</UL>

<P><STRONG><a name="[133]"></a>Int_SC8815_CurrentLimitCodeToMa</STRONG> (Thumb, 18 bytes, Stack size 8 bytes, int_sc8815.o(i.Int_SC8815_CurrentLimitCodeToMa))
<BR><BR>[Stack]<UL><LI>Max Depth = 20<LI>Call Chain = Int_SC8815_CurrentLimitCodeToMa &rArr; __aeabi_uidivmod
</UL>
<BR>[Calls]<UL><LI><a href="#[2e]">&gt;&gt;</a>&nbsp;&nbsp;&nbsp;__aeabi_uidivmod
</UL>
<BR>[Called By]<UL><LI><a href="#[9c]">&gt;&gt;</a>&nbsp;&nbsp;&nbsp;Int_SC8815_SetCurrentLimitMa
<LI><a href="#[134]">&gt;&gt;</a>&nbsp;&nbsp;&nbsp;Int_SC8815_GuardWrite
</UL>

<P><STRONG><a name="[134]"></a>Int_SC8815_GuardWrite</STRONG> (Thumb, 298 bytes, Stack size 16 bytes, int_sc8815.o(i.Int_SC8815_GuardWrite))
<BR><BR>[Stack]<UL><LI>Max Depth = 36<LI>Call Chain = Int_SC8815_GuardWrite &rArr; Int_SC8815_CurrentLimitCodeToMa &rArr; __aeabi_uidivmod
</UL>
<BR>[Calls]<UL><LI><a href="#[133]">&gt;&gt;</a>&nbsp;&nbsp;&nbsp;Int_SC8815_CurrentLimitCodeToMa
<LI><a href="#[135]">&gt;&gt;</a>&nbsp;&nbsp;&nbsp;Int_SC8815_CheckReservedBits
</UL>
<BR>[Called By]<UL><LI><a href="#[9a]">&gt;&gt;</a>&nbsp;&nbsp;&nbsp;Int_SC8815_WriteReg
<LI><a href="#[9b]">&gt;&gt;</a>&nbsp;&nbsp;&nbsp;Int_SC8815_UpdateReg
</UL>

<P><STRONG><a name="[136]"></a>Int_SC8815_IicDelay</STRONG> (Thumb, 16 bytes, Stack size 8 bytes, int_sc8815.o(i.Int_SC8815_IicDelay))
<BR><BR>[Stack]<UL><LI>Max Depth = 8<LI>Call Chain = Int_SC8815_IicDelay
</UL>
<BR>[Called By]<UL><LI><a href="#[12e]">&gt;&gt;</a>&nbsp;&nbsp;&nbsp;Int_SC8815_IicSdaLow
<LI><a href="#[12c]">&gt;&gt;</a>&nbsp;&nbsp;&nbsp;Int_SC8815_IicSdaHigh
<LI><a href="#[12f]">&gt;&gt;</a>&nbsp;&nbsp;&nbsp;Int_SC8815_IicSclLow
<LI><a href="#[12d]">&gt;&gt;</a>&nbsp;&nbsp;&nbsp;Int_SC8815_IicSclHigh
</UL>

<P><STRONG><a name="[12d]"></a>Int_SC8815_IicSclHigh</STRONG> (Thumb, 20 bytes, Stack size 8 bytes, int_sc8815.o(i.Int_SC8815_IicSclHigh))
<BR><BR>[Stack]<UL><LI>Max Depth = 16<LI>Call Chain = Int_SC8815_IicSclHigh &rArr; Int_SC8815_IicDelay
</UL>
<BR>[Calls]<UL><LI><a href="#[12a]">&gt;&gt;</a>&nbsp;&nbsp;&nbsp;HAL_GPIO_WritePin
<LI><a href="#[136]">&gt;&gt;</a>&nbsp;&nbsp;&nbsp;Int_SC8815_IicDelay
</UL>
<BR>[Called By]<UL><LI><a href="#[a0]">&gt;&gt;</a>&nbsp;&nbsp;&nbsp;Int_SC8815_InitSafe
<LI><a href="#[137]">&gt;&gt;</a>&nbsp;&nbsp;&nbsp;Int_SC8815_ReadRegRaw
<LI><a href="#[131]">&gt;&gt;</a>&nbsp;&nbsp;&nbsp;Int_SC8815_BusWriteByte
<LI><a href="#[130]">&gt;&gt;</a>&nbsp;&nbsp;&nbsp;Int_SC8815_BusStop
<LI><a href="#[12b]">&gt;&gt;</a>&nbsp;&nbsp;&nbsp;Int_SC8815_BusStart
</UL>

<P><STRONG><a name="[12f]"></a>Int_SC8815_IicSclLow</STRONG> (Thumb, 20 bytes, Stack size 8 bytes, int_sc8815.o(i.Int_SC8815_IicSclLow))
<BR><BR>[Stack]<UL><LI>Max Depth = 16<LI>Call Chain = Int_SC8815_IicSclLow &rArr; Int_SC8815_IicDelay
</UL>
<BR>[Calls]<UL><LI><a href="#[12a]">&gt;&gt;</a>&nbsp;&nbsp;&nbsp;HAL_GPIO_WritePin
<LI><a href="#[136]">&gt;&gt;</a>&nbsp;&nbsp;&nbsp;Int_SC8815_IicDelay
</UL>
<BR>[Called By]<UL><LI><a href="#[137]">&gt;&gt;</a>&nbsp;&nbsp;&nbsp;Int_SC8815_ReadRegRaw
<LI><a href="#[131]">&gt;&gt;</a>&nbsp;&nbsp;&nbsp;Int_SC8815_BusWriteByte
<LI><a href="#[12b]">&gt;&gt;</a>&nbsp;&nbsp;&nbsp;Int_SC8815_BusStart
</UL>

<P><STRONG><a name="[12c]"></a>Int_SC8815_IicSdaHigh</STRONG> (Thumb, 20 bytes, Stack size 8 bytes, int_sc8815.o(i.Int_SC8815_IicSdaHigh))
<BR><BR>[Stack]<UL><LI>Max Depth = 16<LI>Call Chain = Int_SC8815_IicSdaHigh &rArr; Int_SC8815_IicDelay
</UL>
<BR>[Calls]<UL><LI><a href="#[12a]">&gt;&gt;</a>&nbsp;&nbsp;&nbsp;HAL_GPIO_WritePin
<LI><a href="#[136]">&gt;&gt;</a>&nbsp;&nbsp;&nbsp;Int_SC8815_IicDelay
</UL>
<BR>[Called By]<UL><LI><a href="#[a0]">&gt;&gt;</a>&nbsp;&nbsp;&nbsp;Int_SC8815_InitSafe
<LI><a href="#[137]">&gt;&gt;</a>&nbsp;&nbsp;&nbsp;Int_SC8815_ReadRegRaw
<LI><a href="#[131]">&gt;&gt;</a>&nbsp;&nbsp;&nbsp;Int_SC8815_BusWriteByte
<LI><a href="#[130]">&gt;&gt;</a>&nbsp;&nbsp;&nbsp;Int_SC8815_BusStop
<LI><a href="#[12b]">&gt;&gt;</a>&nbsp;&nbsp;&nbsp;Int_SC8815_BusStart
</UL>

<P><STRONG><a name="[12e]"></a>Int_SC8815_IicSdaLow</STRONG> (Thumb, 20 bytes, Stack size 8 bytes, int_sc8815.o(i.Int_SC8815_IicSdaLow))
<BR><BR>[Stack]<UL><LI>Max Depth = 16<LI>Call Chain = Int_SC8815_IicSdaLow &rArr; Int_SC8815_IicDelay
</UL>
<BR>[Calls]<UL><LI><a href="#[12a]">&gt;&gt;</a>&nbsp;&nbsp;&nbsp;HAL_GPIO_WritePin
<LI><a href="#[136]">&gt;&gt;</a>&nbsp;&nbsp;&nbsp;Int_SC8815_IicDelay
</UL>
<BR>[Called By]<UL><LI><a href="#[131]">&gt;&gt;</a>&nbsp;&nbsp;&nbsp;Int_SC8815_BusWriteByte
<LI><a href="#[130]">&gt;&gt;</a>&nbsp;&nbsp;&nbsp;Int_SC8815_BusStop
<LI><a href="#[12b]">&gt;&gt;</a>&nbsp;&nbsp;&nbsp;Int_SC8815_BusStart
</UL>

<P><STRONG><a name="[132]"></a>Int_SC8815_IicSdaRead</STRONG> (Thumb, 20 bytes, Stack size 8 bytes, int_sc8815.o(i.Int_SC8815_IicSdaRead))
<BR><BR>[Stack]<UL><LI>Max Depth = 8<LI>Call Chain = Int_SC8815_IicSdaRead
</UL>
<BR>[Calls]<UL><LI><a href="#[11e]">&gt;&gt;</a>&nbsp;&nbsp;&nbsp;HAL_GPIO_ReadPin
</UL>
<BR>[Called By]<UL><LI><a href="#[137]">&gt;&gt;</a>&nbsp;&nbsp;&nbsp;Int_SC8815_ReadRegRaw
<LI><a href="#[131]">&gt;&gt;</a>&nbsp;&nbsp;&nbsp;Int_SC8815_BusWriteByte
</UL>

<P><STRONG><a name="[137]"></a>Int_SC8815_ReadRegRaw</STRONG> (Thumb, 128 bytes, Stack size 24 bytes, int_sc8815.o(i.Int_SC8815_ReadRegRaw))
<BR><BR>[Stack]<UL><LI>Max Depth = 56<LI>Call Chain = Int_SC8815_ReadRegRaw &rArr; Int_SC8815_BusWriteByte &rArr; Int_SC8815_IicSdaLow &rArr; Int_SC8815_IicDelay
</UL>
<BR>[Calls]<UL><LI><a href="#[132]">&gt;&gt;</a>&nbsp;&nbsp;&nbsp;Int_SC8815_IicSdaRead
<LI><a href="#[12c]">&gt;&gt;</a>&nbsp;&nbsp;&nbsp;Int_SC8815_IicSdaHigh
<LI><a href="#[12f]">&gt;&gt;</a>&nbsp;&nbsp;&nbsp;Int_SC8815_IicSclLow
<LI><a href="#[12d]">&gt;&gt;</a>&nbsp;&nbsp;&nbsp;Int_SC8815_IicSclHigh
<LI><a href="#[131]">&gt;&gt;</a>&nbsp;&nbsp;&nbsp;Int_SC8815_BusWriteByte
<LI><a href="#[130]">&gt;&gt;</a>&nbsp;&nbsp;&nbsp;Int_SC8815_BusStop
<LI><a href="#[12b]">&gt;&gt;</a>&nbsp;&nbsp;&nbsp;Int_SC8815_BusStart
</UL>
<BR>[Called By]<UL><LI><a href="#[9a]">&gt;&gt;</a>&nbsp;&nbsp;&nbsp;Int_SC8815_WriteReg
<LI><a href="#[9b]">&gt;&gt;</a>&nbsp;&nbsp;&nbsp;Int_SC8815_UpdateReg
<LI><a href="#[a3]">&gt;&gt;</a>&nbsp;&nbsp;&nbsp;Int_SC8815_ReadStatus
<LI><a href="#[a5]">&gt;&gt;</a>&nbsp;&nbsp;&nbsp;Int_SC8815_ReadAdcCurrentMa
<LI><a href="#[138]">&gt;&gt;</a>&nbsp;&nbsp;&nbsp;Int_SC8815_ReadAdcRaw
</UL>

<P><STRONG><a name="[139]"></a>Int_SC8815_WriteRegRaw</STRONG> (Thumb, 64 bytes, Stack size 16 bytes, int_sc8815.o(i.Int_SC8815_WriteRegRaw))
<BR><BR>[Stack]<UL><LI>Max Depth = 48<LI>Call Chain = Int_SC8815_WriteRegRaw &rArr; Int_SC8815_BusWriteByte &rArr; Int_SC8815_IicSdaLow &rArr; Int_SC8815_IicDelay
</UL>
<BR>[Calls]<UL><LI><a href="#[131]">&gt;&gt;</a>&nbsp;&nbsp;&nbsp;Int_SC8815_BusWriteByte
<LI><a href="#[130]">&gt;&gt;</a>&nbsp;&nbsp;&nbsp;Int_SC8815_BusStop
<LI><a href="#[12b]">&gt;&gt;</a>&nbsp;&nbsp;&nbsp;Int_SC8815_BusStart
</UL>
<BR>[Called By]<UL><LI><a href="#[9a]">&gt;&gt;</a>&nbsp;&nbsp;&nbsp;Int_SC8815_WriteReg
<LI><a href="#[9b]">&gt;&gt;</a>&nbsp;&nbsp;&nbsp;Int_SC8815_UpdateReg
</UL>

<P><STRONG><a name="[11d]"></a>Int_Button_ReadLevel</STRONG> (Thumb, 18 bytes, Stack size 8 bytes, int_button.o(i.Int_Button_ReadLevel))
<BR><BR>[Stack]<UL><LI>Max Depth = 8<LI>Call Chain = Int_Button_ReadLevel
</UL>
<BR>[Calls]<UL><LI><a href="#[11e]">&gt;&gt;</a>&nbsp;&nbsp;&nbsp;HAL_GPIO_ReadPin
</UL>
<BR>[Called By]<UL><LI><a href="#[11f]">&gt;&gt;</a>&nbsp;&nbsp;&nbsp;Int_Button_Task
<LI><a href="#[11c]">&gt;&gt;</a>&nbsp;&nbsp;&nbsp;Int_Button_Init
</UL>

<P><STRONG><a name="[121]"></a>Int_Buzzer_SetPwm</STRONG> (Thumb, 86 bytes, Stack size 24 bytes, int_buzzer.o(i.Int_Buzzer_SetPwm))
<BR><BR>[Stack]<UL><LI>Max Depth = 48<LI>Call Chain = Int_Buzzer_SetPwm &rArr; HAL_TIM_PWM_Stop &rArr; TIM_CCxChannelCmd
</UL>
<BR>[Calls]<UL><LI><a href="#[105]">&gt;&gt;</a>&nbsp;&nbsp;&nbsp;HAL_TIM_PWM_Stop
<LI><a href="#[103]">&gt;&gt;</a>&nbsp;&nbsp;&nbsp;HAL_TIM_PWM_Start
<LI><a href="#[2e]">&gt;&gt;</a>&nbsp;&nbsp;&nbsp;__aeabi_uidivmod
</UL>
<BR>[Called By]<UL><LI><a href="#[120]">&gt;&gt;</a>&nbsp;&nbsp;&nbsp;Int_Buzzer_Init
<LI><a href="#[8e]">&gt;&gt;</a>&nbsp;&nbsp;&nbsp;Int_Buzzer_Stop
</UL>

<P><STRONG><a name="[128]"></a>Int_EEPROM_WaitReady</STRONG> (Thumb, 54 bytes, Stack size 16 bytes, int_eeprom.o(i.Int_EEPROM_WaitReady))
<BR><BR>[Stack]<UL><LI>Max Depth = 128<LI>Call Chain = Int_EEPROM_WaitReady &rArr; HAL_I2C_IsDeviceReady &rArr; I2C_WaitOnFlagUntilTimeout &rArr; I2C_IsErrorOccurred
</UL>
<BR>[Calls]<UL><LI><a href="#[c0]">&gt;&gt;</a>&nbsp;&nbsp;&nbsp;HAL_GetTick
<LI><a href="#[cb]">&gt;&gt;</a>&nbsp;&nbsp;&nbsp;HAL_I2C_IsDeviceReady
</UL>
<BR>[Called By]<UL><LI><a href="#[127]">&gt;&gt;</a>&nbsp;&nbsp;&nbsp;Int_EEPROM_Init
</UL>

<P><STRONG><a name="[ef]"></a>TIM_ITRx_SetConfig</STRONG> (Thumb, 16 bytes, Stack size 0 bytes, stm32g0xx_hal_tim.o(i.TIM_ITRx_SetConfig))
<BR><BR>[Called By]<UL><LI><a href="#[eb]">&gt;&gt;</a>&nbsp;&nbsp;&nbsp;HAL_TIM_ConfigClockSource
</UL>

<P><STRONG><a name="[fb]"></a>TIM_OC1_SetConfig</STRONG> (Thumb, 124 bytes, Stack size 20 bytes, stm32g0xx_hal_tim.o(i.TIM_OC1_SetConfig))
<BR><BR>[Stack]<UL><LI>Max Depth = 20<LI>Call Chain = TIM_OC1_SetConfig
</UL>
<BR>[Called By]<UL><LI><a href="#[fa]">&gt;&gt;</a>&nbsp;&nbsp;&nbsp;HAL_TIM_PWM_ConfigChannel
</UL>

<P><STRONG><a name="[fd]"></a>TIM_OC3_SetConfig</STRONG> (Thumb, 116 bytes, Stack size 16 bytes, stm32g0xx_hal_tim.o(i.TIM_OC3_SetConfig))
<BR><BR>[Stack]<UL><LI>Max Depth = 16<LI>Call Chain = TIM_OC3_SetConfig
</UL>
<BR>[Called By]<UL><LI><a href="#[fa]">&gt;&gt;</a>&nbsp;&nbsp;&nbsp;HAL_TIM_PWM_ConfigChannel
</UL>

<P><STRONG><a name="[fe]"></a>TIM_OC4_SetConfig</STRONG> (Thumb, 94 bytes, Stack size 12 bytes, stm32g0xx_hal_tim.o(i.TIM_OC4_SetConfig))
<BR><BR>[Stack]<UL><LI>Max Depth = 12<LI>Call Chain = TIM_OC4_SetConfig
</UL>
<BR>[Called By]<UL><LI><a href="#[fa]">&gt;&gt;</a>&nbsp;&nbsp;&nbsp;HAL_TIM_PWM_ConfigChannel
</UL>

<P><STRONG><a name="[ff]"></a>TIM_OC5_SetConfig</STRONG> (Thumb, 82 bytes, Stack size 20 bytes, stm32g0xx_hal_tim.o(i.TIM_OC5_SetConfig))
<BR><BR>[Stack]<UL><LI>Max Depth = 20<LI>Call Chain = TIM_OC5_SetConfig
</UL>
<BR>[Called By]<UL><LI><a href="#[fa]">&gt;&gt;</a>&nbsp;&nbsp;&nbsp;HAL_TIM_PWM_ConfigChannel
</UL>

<P><STRONG><a name="[100]"></a>TIM_OC6_SetConfig</STRONG> (Thumb, 88 bytes, Stack size 12 bytes, stm32g0xx_hal_tim.o(i.TIM_OC6_SetConfig))
<BR><BR>[Stack]<UL><LI>Max Depth = 12<LI>Call Chain = TIM_OC6_SetConfig
</UL>
<BR>[Called By]<UL><LI><a href="#[fa]">&gt;&gt;</a>&nbsp;&nbsp;&nbsp;HAL_TIM_PWM_ConfigChannel
</UL>

<P><STRONG><a name="[ed]"></a>TIM_TI1_ConfigInputStage</STRONG> (Thumb, 66 bytes, Stack size 12 bytes, stm32g0xx_hal_tim.o(i.TIM_TI1_ConfigInputStage))
<BR><BR>[Stack]<UL><LI>Max Depth = 12<LI>Call Chain = TIM_TI1_ConfigInputStage
</UL>
<BR>[Called By]<UL><LI><a href="#[eb]">&gt;&gt;</a>&nbsp;&nbsp;&nbsp;HAL_TIM_ConfigClockSource
</UL>

<P><STRONG><a name="[ee]"></a>TIM_TI2_ConfigInputStage</STRONG> (Thumb, 52 bytes, Stack size 12 bytes, stm32g0xx_hal_tim.o(i.TIM_TI2_ConfigInputStage))
<BR><BR>[Stack]<UL><LI>Max Depth = 12<LI>Call Chain = TIM_TI2_ConfigInputStage
</UL>
<BR>[Called By]<UL><LI><a href="#[eb]">&gt;&gt;</a>&nbsp;&nbsp;&nbsp;HAL_TIM_ConfigClockSource
</UL>

<P><STRONG><a name="[c3]"></a>FDCAN_CalcultateRamBlockAddresses</STRONG> (Thumb, 104 bytes, Stack size 12 bytes, stm32g0xx_hal_fdcan.o(i.FDCAN_CalcultateRamBlockAddresses))
<BR><BR>[Stack]<UL><LI>Max Depth = 12<LI>Call Chain = FDCAN_CalcultateRamBlockAddresses
</UL>
<BR>[Called By]<UL><LI><a href="#[c1]">&gt;&gt;</a>&nbsp;&nbsp;&nbsp;HAL_FDCAN_Init
</UL>

<P><STRONG><a name="[df]"></a>__NVIC_SetPriority</STRONG> (Thumb, 60 bytes, Stack size 0 bytes, stm32g0xx_hal_cortex.o(i.__NVIC_SetPriority))
<BR><BR>[Called By]<UL><LI><a href="#[dd]">&gt;&gt;</a>&nbsp;&nbsp;&nbsp;HAL_NVIC_SetPriority
</UL>

<P><STRONG><a name="[111]"></a>I2C_Flush_TXDR</STRONG> (Thumb, 34 bytes, Stack size 0 bytes, stm32g0xx_hal_i2c.o(i.I2C_Flush_TXDR))
<BR><BR>[Called By]<UL><LI><a href="#[110]">&gt;&gt;</a>&nbsp;&nbsp;&nbsp;I2C_IsErrorOccurred
</UL>

<P><STRONG><a name="[110]"></a>I2C_IsErrorOccurred</STRONG> (Thumb, 266 bytes, Stack size 40 bytes, stm32g0xx_hal_i2c.o(i.I2C_IsErrorOccurred))
<BR><BR>[Stack]<UL><LI>Max Depth = 40<LI>Call Chain = I2C_IsErrorOccurred
</UL>
<BR>[Calls]<UL><LI><a href="#[c0]">&gt;&gt;</a>&nbsp;&nbsp;&nbsp;HAL_GetTick
<LI><a href="#[111]">&gt;&gt;</a>&nbsp;&nbsp;&nbsp;I2C_Flush_TXDR
</UL>
<BR>[Called By]<UL><LI><a href="#[cf]">&gt;&gt;</a>&nbsp;&nbsp;&nbsp;I2C_WaitOnTXISFlagUntilTimeout
<LI><a href="#[d0]">&gt;&gt;</a>&nbsp;&nbsp;&nbsp;I2C_WaitOnSTOPFlagUntilTimeout
<LI><a href="#[cc]">&gt;&gt;</a>&nbsp;&nbsp;&nbsp;I2C_WaitOnFlagUntilTimeout
</UL>

<P><STRONG><a name="[d2]"></a>I2C_RequestMemoryRead</STRONG> (Thumb, 92 bytes, Stack size 24 bytes, stm32g0xx_hal_i2c.o(i.I2C_RequestMemoryRead))
<BR><BR>[Stack]<UL><LI>Max Depth = 88<LI>Call Chain = I2C_RequestMemoryRead &rArr; I2C_WaitOnFlagUntilTimeout &rArr; I2C_IsErrorOccurred
</UL>
<BR>[Calls]<UL><LI><a href="#[cf]">&gt;&gt;</a>&nbsp;&nbsp;&nbsp;I2C_WaitOnTXISFlagUntilTimeout
<LI><a href="#[cc]">&gt;&gt;</a>&nbsp;&nbsp;&nbsp;I2C_WaitOnFlagUntilTimeout
<LI><a href="#[ce]">&gt;&gt;</a>&nbsp;&nbsp;&nbsp;I2C_TransferConfig
</UL>
<BR>[Called By]<UL><LI><a href="#[d1]">&gt;&gt;</a>&nbsp;&nbsp;&nbsp;HAL_I2C_Mem_Read
</UL>

<P><STRONG><a name="[d4]"></a>I2C_RequestMemoryWrite</STRONG> (Thumb, 92 bytes, Stack size 24 bytes, stm32g0xx_hal_i2c.o(i.I2C_RequestMemoryWrite))
<BR><BR>[Stack]<UL><LI>Max Depth = 88<LI>Call Chain = I2C_RequestMemoryWrite &rArr; I2C_WaitOnFlagUntilTimeout &rArr; I2C_IsErrorOccurred
</UL>
<BR>[Calls]<UL><LI><a href="#[cf]">&gt;&gt;</a>&nbsp;&nbsp;&nbsp;I2C_WaitOnTXISFlagUntilTimeout
<LI><a href="#[cc]">&gt;&gt;</a>&nbsp;&nbsp;&nbsp;I2C_WaitOnFlagUntilTimeout
<LI><a href="#[ce]">&gt;&gt;</a>&nbsp;&nbsp;&nbsp;I2C_TransferConfig
</UL>
<BR>[Called By]<UL><LI><a href="#[d3]">&gt;&gt;</a>&nbsp;&nbsp;&nbsp;HAL_I2C_Mem_Write
</UL>

<P><STRONG><a name="[ce]"></a>I2C_TransferConfig</STRONG> (Thumb, 38 bytes, Stack size 8 bytes, stm32g0xx_hal_i2c.o(i.I2C_TransferConfig))
<BR><BR>[Stack]<UL><LI>Max Depth = 8<LI>Call Chain = I2C_TransferConfig
</UL>
<BR>[Called By]<UL><LI><a href="#[d3]">&gt;&gt;</a>&nbsp;&nbsp;&nbsp;HAL_I2C_Mem_Write
<LI><a href="#[d1]">&gt;&gt;</a>&nbsp;&nbsp;&nbsp;HAL_I2C_Mem_Read
<LI><a href="#[cd]">&gt;&gt;</a>&nbsp;&nbsp;&nbsp;HAL_I2C_Master_Transmit
<LI><a href="#[d4]">&gt;&gt;</a>&nbsp;&nbsp;&nbsp;I2C_RequestMemoryWrite
<LI><a href="#[d2]">&gt;&gt;</a>&nbsp;&nbsp;&nbsp;I2C_RequestMemoryRead
</UL>

<P><STRONG><a name="[cc]"></a>I2C_WaitOnFlagUntilTimeout</STRONG> (Thumb, 114 bytes, Stack size 24 bytes, stm32g0xx_hal_i2c.o(i.I2C_WaitOnFlagUntilTimeout))
<BR><BR>[Stack]<UL><LI>Max Depth = 64<LI>Call Chain = I2C_WaitOnFlagUntilTimeout &rArr; I2C_IsErrorOccurred
</UL>
<BR>[Calls]<UL><LI><a href="#[c0]">&gt;&gt;</a>&nbsp;&nbsp;&nbsp;HAL_GetTick
<LI><a href="#[110]">&gt;&gt;</a>&nbsp;&nbsp;&nbsp;I2C_IsErrorOccurred
</UL>
<BR>[Called By]<UL><LI><a href="#[d3]">&gt;&gt;</a>&nbsp;&nbsp;&nbsp;HAL_I2C_Mem_Write
<LI><a href="#[d1]">&gt;&gt;</a>&nbsp;&nbsp;&nbsp;HAL_I2C_Mem_Read
<LI><a href="#[cd]">&gt;&gt;</a>&nbsp;&nbsp;&nbsp;HAL_I2C_Master_Transmit
<LI><a href="#[cb]">&gt;&gt;</a>&nbsp;&nbsp;&nbsp;HAL_I2C_IsDeviceReady
<LI><a href="#[d4]">&gt;&gt;</a>&nbsp;&nbsp;&nbsp;I2C_RequestMemoryWrite
<LI><a href="#[d2]">&gt;&gt;</a>&nbsp;&nbsp;&nbsp;I2C_RequestMemoryRead
</UL>

<P><STRONG><a name="[d0]"></a>I2C_WaitOnSTOPFlagUntilTimeout</STRONG> (Thumb, 86 bytes, Stack size 16 bytes, stm32g0xx_hal_i2c.o(i.I2C_WaitOnSTOPFlagUntilTimeout))
<BR><BR>[Stack]<UL><LI>Max Depth = 56<LI>Call Chain = I2C_WaitOnSTOPFlagUntilTimeout &rArr; I2C_IsErrorOccurred
</UL>
<BR>[Calls]<UL><LI><a href="#[c0]">&gt;&gt;</a>&nbsp;&nbsp;&nbsp;HAL_GetTick
<LI><a href="#[110]">&gt;&gt;</a>&nbsp;&nbsp;&nbsp;I2C_IsErrorOccurred
</UL>
<BR>[Called By]<UL><LI><a href="#[d3]">&gt;&gt;</a>&nbsp;&nbsp;&nbsp;HAL_I2C_Mem_Write
<LI><a href="#[d1]">&gt;&gt;</a>&nbsp;&nbsp;&nbsp;HAL_I2C_Mem_Read
<LI><a href="#[cd]">&gt;&gt;</a>&nbsp;&nbsp;&nbsp;HAL_I2C_Master_Transmit
</UL>

<P><STRONG><a name="[cf]"></a>I2C_WaitOnTXISFlagUntilTimeout</STRONG> (Thumb, 90 bytes, Stack size 16 bytes, stm32g0xx_hal_i2c.o(i.I2C_WaitOnTXISFlagUntilTimeout))
<BR><BR>[Stack]<UL><LI>Max Depth = 56<LI>Call Chain = I2C_WaitOnTXISFlagUntilTimeout &rArr; I2C_IsErrorOccurred
</UL>
<BR>[Calls]<UL><LI><a href="#[c0]">&gt;&gt;</a>&nbsp;&nbsp;&nbsp;HAL_GetTick
<LI><a href="#[110]">&gt;&gt;</a>&nbsp;&nbsp;&nbsp;I2C_IsErrorOccurred
</UL>
<BR>[Called By]<UL><LI><a href="#[d3]">&gt;&gt;</a>&nbsp;&nbsp;&nbsp;HAL_I2C_Mem_Write
<LI><a href="#[cd]">&gt;&gt;</a>&nbsp;&nbsp;&nbsp;HAL_I2C_Master_Transmit
<LI><a href="#[d4]">&gt;&gt;</a>&nbsp;&nbsp;&nbsp;I2C_RequestMemoryWrite
<LI><a href="#[d2]">&gt;&gt;</a>&nbsp;&nbsp;&nbsp;I2C_RequestMemoryRead
</UL>

<P><STRONG><a name="[147]"></a>UART_EndRxTransfer</STRONG> (Thumb, 96 bytes, Stack size 8 bytes, stm32g0xx_hal_uart.o(i.UART_EndRxTransfer))
<BR><BR>[Stack]<UL><LI>Max Depth = 8<LI>Call Chain = UART_EndRxTransfer
</UL>
<BR>[Called By]<UL><LI><a href="#[10f]">&gt;&gt;</a>&nbsp;&nbsp;&nbsp;UART_WaitOnFlagUntilTimeout
</UL>

<P><STRONG><a name="[108]"></a>UARTEx_SetNbDataToProcess</STRONG> (Thumb, 62 bytes, Stack size 24 bytes, stm32g0xx_hal_uart_ex.o(i.UARTEx_SetNbDataToProcess))
<BR><BR>[Stack]<UL><LI>Max Depth = 36<LI>Call Chain = UARTEx_SetNbDataToProcess &rArr; __aeabi_uidivmod
</UL>
<BR>[Calls]<UL><LI><a href="#[2e]">&gt;&gt;</a>&nbsp;&nbsp;&nbsp;__aeabi_uidivmod
</UL>
<BR>[Called By]<UL><LI><a href="#[109]">&gt;&gt;</a>&nbsp;&nbsp;&nbsp;HAL_UARTEx_SetTxFifoThreshold
<LI><a href="#[107]">&gt;&gt;</a>&nbsp;&nbsp;&nbsp;HAL_UARTEx_SetRxFifoThreshold
</UL>

<P><STRONG><a name="[14a]"></a>_fp_digits</STRONG> (Thumb, 344 bytes, Stack size 64 bytes, printfa.o(i._fp_digits), UNUSED)
<BR><BR>[Calls]<UL><LI><a href="#[43]">&gt;&gt;</a>&nbsp;&nbsp;&nbsp;__aeabi_dmul
<LI><a href="#[44]">&gt;&gt;</a>&nbsp;&nbsp;&nbsp;__aeabi_ddiv
<LI><a href="#[3d]">&gt;&gt;</a>&nbsp;&nbsp;&nbsp;__aeabi_dadd
<LI><a href="#[45]">&gt;&gt;</a>&nbsp;&nbsp;&nbsp;__aeabi_d2ulz
<LI><a href="#[14b]">&gt;&gt;</a>&nbsp;&nbsp;&nbsp;__aeabi_cdrcmple
<LI><a href="#[2f]">&gt;&gt;</a>&nbsp;&nbsp;&nbsp;__aeabi_uldivmod
</UL>
<BR>[Called By]<UL><LI><a href="#[149]">&gt;&gt;</a>&nbsp;&nbsp;&nbsp;_printf_core
</UL>

<P><STRONG><a name="[149]"></a>_printf_core</STRONG> (Thumb, 1760 bytes, Stack size 128 bytes, printfa.o(i._printf_core), UNUSED)
<BR><BR>[Calls]<UL><LI><a href="#[14c]">&gt;&gt;</a>&nbsp;&nbsp;&nbsp;_printf_pre_padding
<LI><a href="#[14d]">&gt;&gt;</a>&nbsp;&nbsp;&nbsp;_printf_post_padding
<LI><a href="#[14a]">&gt;&gt;</a>&nbsp;&nbsp;&nbsp;_fp_digits
<LI><a href="#[2f]">&gt;&gt;</a>&nbsp;&nbsp;&nbsp;__aeabi_uldivmod
<LI><a href="#[2e]">&gt;&gt;</a>&nbsp;&nbsp;&nbsp;__aeabi_uidivmod
</UL>
<BR>[Called By]<UL><LI><a href="#[148]">&gt;&gt;</a>&nbsp;&nbsp;&nbsp;__0printf
</UL>

<P><STRONG><a name="[14d]"></a>_printf_post_padding</STRONG> (Thumb, 32 bytes, Stack size 24 bytes, printfa.o(i._printf_post_padding), UNUSED)
<BR><BR>[Called By]<UL><LI><a href="#[149]">&gt;&gt;</a>&nbsp;&nbsp;&nbsp;_printf_core
</UL>

<P><STRONG><a name="[14c]"></a>_printf_pre_padding</STRONG> (Thumb, 44 bytes, Stack size 40 bytes, printfa.o(i._printf_pre_padding), UNUSED)
<BR><BR>[Called By]<UL><LI><a href="#[149]">&gt;&gt;</a>&nbsp;&nbsp;&nbsp;_printf_core
</UL>
<P>
<H3>
Undefined Global Symbols
</H3>
<P><STRONG><a name="[2c]"></a>__arm_fini_</STRONG> (Unknown, 0 bytes, Stack size 0 bytes, UNDEFINED)
<BR><BR>[Called By]<UL><LI><a href="#[2b]">&gt;&gt;</a>&nbsp;&nbsp;&nbsp;__rt_lib_shutdown_fini
</UL>
<HR></body></html>
