Component: ARM Compiler 5.06 update 7 (build 960) Tool: armlink [4d3601]

==============================================================================

Section Cross References

    startup_stm32g0b1xx.o(RESET) refers to startup_stm32g0b1xx.o(STACK) for __initial_sp
    startup_stm32g0b1xx.o(RESET) refers to startup_stm32g0b1xx.o(.text) for Reset_Handler
    startup_stm32g0b1xx.o(RESET) refers to stm32g0xx_it.o(i.NMI_Handler) for NMI_Handler
    startup_stm32g0b1xx.o(RESET) refers to stm32g0xx_it.o(i.HardFault_Handler) for HardFault_Handler
    startup_stm32g0b1xx.o(RESET) refers to port.o(i.SVC_Handler) for SVC_Handler
    startup_stm32g0b1xx.o(RESET) refers to port.o(.emb_text) for PendSV_Handler
    startup_stm32g0b1xx.o(RESET) refers to port.o(i.SysTick_Handler) for SysTick_Handler
    startup_stm32g0b1xx.o(RESET) refers to stm32g0xx_it.o(i.EXTI4_15_IRQHandler) for EXTI4_15_IRQHandler
    startup_stm32g0b1xx.o(RESET) refers to stm32g0xx_it.o(i.TIM14_IRQHandler) for TIM14_IRQHandler
    startup_stm32g0b1xx.o(.text) refers to system_stm32g0xx.o(i.SystemInit) for SystemInit
    startup_stm32g0b1xx.o(.text) refers to entry.o(.ARM.Collect$$$$00000000) for __main
    retarget.o(i._ttywrch) refers to stm32g0xx_hal_uart.o(i.HAL_UART_Transmit) for HAL_UART_Transmit
    retarget.o(i._ttywrch) refers to usart.o(.bss) for huart1
    retarget.o(i.fputc) refers to stm32g0xx_hal_uart.o(i.HAL_UART_Transmit) for HAL_UART_Transmit
    retarget.o(i.fputc) refers to usart.o(.bss) for huart1
    main.o(i.Bringup_UartPrint) refers to strlen.o(.text) for strlen
    main.o(i.Bringup_UartPrint) refers to stm32g0xx_hal_uart.o(i.HAL_UART_Transmit) for HAL_UART_Transmit
    main.o(i.Bringup_UartPrint) refers to usart.o(.bss) for huart1
    main.o(i.HAL_TIM_PeriodElapsedCallback) refers to stm32g0xx_hal.o(i.HAL_IncTick) for HAL_IncTick
    main.o(i.SystemClock_Config) refers to memseta.o(.text) for __aeabi_memclr4
    main.o(i.SystemClock_Config) refers to stm32g0xx_hal_pwr_ex.o(i.HAL_PWREx_ControlVoltageScaling) for HAL_PWREx_ControlVoltageScaling
    main.o(i.SystemClock_Config) refers to stm32g0xx_hal_pwr.o(i.HAL_PWR_EnableBkUpAccess) for HAL_PWR_EnableBkUpAccess
    main.o(i.SystemClock_Config) refers to stm32g0xx_hal_rcc.o(i.HAL_RCC_OscConfig) for HAL_RCC_OscConfig
    main.o(i.SystemClock_Config) refers to stm32g0xx_hal_rcc.o(i.HAL_RCC_ClockConfig) for HAL_RCC_ClockConfig
    main.o(i.main) refers to stm32g0xx_hal.o(i.HAL_Init) for HAL_Init
    main.o(i.main) refers to main.o(i.SystemClock_Config) for SystemClock_Config
    main.o(i.main) refers to gpio.o(i.MX_GPIO_Init) for MX_GPIO_Init
    main.o(i.main) refers to rtc.o(i.MX_RTC_Init) for MX_RTC_Init
    main.o(i.main) refers to fdcan.o(i.MX_FDCAN1_Init) for MX_FDCAN1_Init
    main.o(i.main) refers to i2c.o(i.MX_I2C2_Init) for MX_I2C2_Init
    main.o(i.main) refers to usart.o(i.MX_USART1_UART_Init) for MX_USART1_UART_Init
    main.o(i.main) refers to i2c.o(i.MX_I2C1_Init) for MX_I2C1_Init
    main.o(i.main) refers to tim.o(i.MX_TIM3_Init) for MX_TIM3_Init
    main.o(i.main) refers to main.o(i.Bringup_UartPrint) for Bringup_UartPrint
    main.o(i.main) refers to app_main.o(i.App_Main) for App_Main
    main.o(i.main) refers to main.o(.conststring) for .conststring
    gpio.o(i.MX_GPIO_Init) refers to memseta.o(.text) for __aeabi_memclr4
    gpio.o(i.MX_GPIO_Init) refers to stm32g0xx_hal_gpio.o(i.HAL_GPIO_WritePin) for HAL_GPIO_WritePin
    gpio.o(i.MX_GPIO_Init) refers to stm32g0xx_hal_gpio.o(i.HAL_GPIO_Init) for HAL_GPIO_Init
    gpio.o(i.MX_GPIO_Init) refers to stm32g0xx_hal_cortex.o(i.HAL_NVIC_SetPriority) for HAL_NVIC_SetPriority
    gpio.o(i.MX_GPIO_Init) refers to stm32g0xx_hal_cortex.o(i.HAL_NVIC_EnableIRQ) for HAL_NVIC_EnableIRQ
    fdcan.o(i.HAL_FDCAN_MspDeInit) refers to stm32g0xx_hal_gpio.o(i.HAL_GPIO_DeInit) for HAL_GPIO_DeInit
    fdcan.o(i.HAL_FDCAN_MspInit) refers to memseta.o(.text) for __aeabi_memclr4
    fdcan.o(i.HAL_FDCAN_MspInit) refers to stm32g0xx_hal_rcc_ex.o(i.HAL_RCCEx_PeriphCLKConfig) for HAL_RCCEx_PeriphCLKConfig
    fdcan.o(i.HAL_FDCAN_MspInit) refers to main.o(i.Error_Handler) for Error_Handler
    fdcan.o(i.HAL_FDCAN_MspInit) refers to stm32g0xx_hal_gpio.o(i.HAL_GPIO_Init) for HAL_GPIO_Init
    fdcan.o(i.MX_FDCAN1_Init) refers to stm32g0xx_hal_fdcan.o(i.HAL_FDCAN_Init) for HAL_FDCAN_Init
    fdcan.o(i.MX_FDCAN1_Init) refers to main.o(i.Error_Handler) for Error_Handler
    fdcan.o(i.MX_FDCAN1_Init) refers to fdcan.o(.bss) for .bss
    i2c.o(i.HAL_I2C_MspDeInit) refers to stm32g0xx_hal_gpio.o(i.HAL_GPIO_DeInit) for HAL_GPIO_DeInit
    i2c.o(i.HAL_I2C_MspInit) refers to memseta.o(.text) for __aeabi_memclr4
    i2c.o(i.HAL_I2C_MspInit) refers to stm32g0xx_hal_rcc_ex.o(i.HAL_RCCEx_PeriphCLKConfig) for HAL_RCCEx_PeriphCLKConfig
    i2c.o(i.HAL_I2C_MspInit) refers to main.o(i.Error_Handler) for Error_Handler
    i2c.o(i.HAL_I2C_MspInit) refers to stm32g0xx_hal_gpio.o(i.HAL_GPIO_Init) for HAL_GPIO_Init
[...]
    TIM2_IRQHandler                          0x0800015f   Thumb Code     0  startup_stm32g0b1xx.o(.text)
    TIM3_TIM4_IRQHandler                     0x0800015f   Thumb Code     0  startup_stm32g0b1xx.o(.text)
    TIM6_DAC_LPTIM1_IRQHandler               0x0800015f   Thumb Code     0  startup_stm32g0b1xx.o(.text)
    TIM7_LPTIM2_IRQHandler                   0x0800015f   Thumb Code     0  startup_stm32g0b1xx.o(.text)
    USART1_IRQHandler                        0x0800015f   Thumb Code     0  startup_stm32g0b1xx.o(.text)
    USART2_LPUART2_IRQHandler                0x0800015f   Thumb Code     0  startup_stm32g0b1xx.o(.text)
    USART3_4_5_6_LPUART1_IRQHandler          0x0800015f   Thumb Code     0  startup_stm32g0b1xx.o(.text)
    USB_UCPD1_2_IRQHandler                   0x0800015f   Thumb Code     0  startup_stm32g0b1xx.o(.text)
    WWDG_IRQHandler                          0x0800015f   Thumb Code     0  startup_stm32g0b1xx.o(.text)
    __aeabi_uidiv                            0x08000169   Thumb Code     0  uidiv.o(.text)
    __aeabi_uidivmod                         0x08000169   Thumb Code    44  uidiv.o(.text)
    __aeabi_idiv                             0x08000195   Thumb Code     0  idiv.o(.text)
    __aeabi_idivmod                          0x08000195   Thumb Code    40  idiv.o(.text)
    __aeabi_uldivmod                         0x080001bd   Thumb Code    96  uldiv.o(.text)
    __aeabi_memcpy                           0x0800021d   Thumb Code    36  memcpya.o(.text)
    __aeabi_memcpy4                          0x0800021d   Thumb Code     0  memcpya.o(.text)
    __aeabi_memcpy8                          0x0800021d   Thumb Code     0  memcpya.o(.text)
    __aeabi_memset                           0x08000241   Thumb Code    14  memseta.o(.text)
    __aeabi_memset4                          0x08000241   Thumb Code     0  memseta.o(.text)
    __aeabi_memset8                          0x08000241   Thumb Code     0  memseta.o(.text)
    __aeabi_memclr                           0x0800024f   Thumb Code     4  memseta.o(.text)
    __aeabi_memclr4                          0x0800024f   Thumb Code     0  memseta.o(.text)
    __aeabi_memclr8                          0x0800024f   Thumb Code     0  memseta.o(.text)
    memset                                   0x08000253   Thumb Code    18  memseta.o(.text)
    strlen                                   0x08000265   Thumb Code    14  strlen.o(.text)
    __aeabi_fadd                             0x08000273   Thumb Code   162  fadd.o(.text)
    __aeabi_fsub                             0x08000315   Thumb Code     8  fadd.o(.text)
    __aeabi_frsub                            0x0800031d   Thumb Code     8  fadd.o(.text)
    __aeabi_fmul                             0x08000325   Thumb Code   122  fmul.o(.text)
    __aeabi_fdiv                             0x0800039f   Thumb Code   124  fdiv.o(.text)
    __aeabi_i2f                              0x0800041b   Thumb Code    22  fflti.o(.text)
    __aeabi_ui2f                             0x08000431   Thumb Code    14  ffltui.o(.text)
    __aeabi_f2uiz                            0x0800043f   Thumb Code    40  ffixui.o(.text)
    __aeabi_f2d                              0x08000467   Thumb Code    40  f2d.o(.text)
    __aeabi_cfcmpeq                          0x08000491   Thumb Code     0  cfcmple.o(.text)
    __aeabi_cfcmple                          0x08000491   Thumb Code    20  cfcmple.o(.text)
    __aeabi_cfrcmple                         0x080004a5   Thumb Code    20  cfrcmple.o(.text)
    __aeabi_llsl                             0x080004b9   Thumb Code    32  llshl.o(.text)
    _ll_shift_l                              0x080004b9   Thumb Code     0  llshl.o(.text)
    __aeabi_llsr                             0x080004d9   Thumb Code    34  llushr.o(.text)
    _ll_ushift_r                             0x080004d9   Thumb Code     0  llushr.o(.text)
    __I$use$fp                               0x080004fb   Thumb Code     0  iusefp.o(.text)
    _float_round                             0x080004fb   Thumb Code    16  fepilogue.o(.text)
    _float_epilogue                          0x0800050b   Thumb Code   114  fepilogue.o(.text)
    __aeabi_dadd                             0x0800057d   Thumb Code   330  dadd.o(.text)
    __aeabi_dsub                             0x080006c7   Thumb Code    12  dadd.o(.text)
    __aeabi_drsub                            0x080006d3   Thumb Code    12  dadd.o(.text)
    __aeabi_dmul                             0x080006e5   Thumb Code   202  dmul.o(.text)
    __aeabi_ddiv                             0x080007b5   Thumb Code   234  ddiv.o(.text)
    __aeabi_d2ulz                            0x080008a5   Thumb Code    54  dfixul.o(.text)
    __aeabi_cdrcmple                         0x080008e5   Thumb Code    38  cdrcmple.o(.text)
    __scatterload                            0x0800090d   Thumb Code    28  init.o(.text)
    __scatterload_rt2                        0x0800090d   Thumb Code     0  init.o(.text)
    __aeabi_lasr                             0x08000931   Thumb Code    38  llsshr.o(.text)
    _ll_sshift_r                             0x08000931   Thumb Code     0  llsshr.o(.text)
    _double_round                            0x08000957   Thumb Code    26  depilogue.o(.text)
    _double_epilogue                         0x08000971   Thumb Code   164  depilogue.o(.text)
    App_BatMan_AllMainFetsOff                0x08000a15   Thumb Code    24  app_batman_config.o(i.App_BatMan_AllMainFetsOff)
    App_BatMan_ClearStartupAlarms            0x08000a31   Thumb Code    22  app_batman_config.o(i.App_BatMan_ClearStartupAlarms)
    App_BatMan_ConfigBq                      0x08000a4d   Thumb Code   234  app_batman_config.o(i.App_BatMan_ConfigBq)
    App_BatMan_Init                          0x08000b41   Thumb Code   384  app_batman.o(i.App_BatMan_Init)
    App_BatMan_InitAlgorithms                0x08000ebd   Thumb Code   126  app_batman_estimator.o(i.App_BatMan_InitAlgorithms)
    App_BatMan_KeepMainFetsOff               0x08000f6f   Thumb Code    10  app_batman_config.o(i.App_BatMan_KeepMainFetsOff)
    App_BatMan_PrintBqCfgEnterFail           0x08001291   Thumb Code    10  app_batman_debug.o(i.App_BatMan_PrintBqCfgEnterFail)
    App_BatMan_PrintBqCfgExitFail            0x080012b1   Thumb Code    10  app_batman_debug.o(i.App_BatMan_PrintBqCfgExitFail)
    App_BatMan_PrintBqCfgWriteFail           0x080012d1   Thumb Code    10  app_batman_debug.o(i.App_BatMan_PrintBqCfgWriteFail)
    App_BatMan_PrintBqDeviceFail             0x080012f1   Thumb Code    20  app_batman_debug.o(i.App_BatMan_PrintBqDeviceFail)
    App_BatMan_PrintBqFetOffFail             0x08001329   Thumb Code    10  app_batman_debug.o(i.App_BatMan_PrintBqFetOffFail)
    App_BatMan_PrintBqOkDev                  0x0800134d   Thumb Code    20  app_batman_debug.o(i.App_BatMan_PrintBqOkDev)
    App_BatMan_PrintBqPowerConfig            0x0800137d   Thumb Code    12  app_batman_debug.o(i.App_BatMan_PrintBqPowerConfig)
    App_BatMan_PrintBqResetFail              0x080013a5   Thumb Code    20  app_batman_debug.o(i.App_BatMan_PrintBqResetFail)
    App_BatMan_PrintDmWrite16Fail            0x080014dd   Thumb Code    12  app_batman_debug.o(i.App_BatMan_PrintDmWrite16Fail)
    App_BatMan_PrintDmWrite8Fail             0x0800150d   Thumb Code    12  app_batman_debug.o(i.App_BatMan_PrintDmWrite8Fail)
    App_BatMan_PrintInitOk                   0x08001539   Thumb Code    10  app_batman_debug.o(i.App_BatMan_PrintInitOk)
    App_BatMan_ReadU16Le                     0x080015a5   Thumb Code    10  app_batman.o(i.App_BatMan_ReadU16Le)
    App_BatMan_ResetDebugState               0x080015b1   Thumb Code     8  app_batman_debug.o(i.App_BatMan_ResetDebugState)
    App_BatMan_ResetEstimatorState           0x080015bd   Thumb Code    10  app_batman_estimator.o(i.App_BatMan_ResetEstimatorState)
    App_BatMan_ResetSampleState              0x080015cd   Thumb Code    22  app_batman_sample.o(i.App_BatMan_ResetSampleState)
    App_BatMan_Sample                        0x08001679   Thumb Code   152  app_batman_sample.o(i.App_BatMan_Sample)
    App_BatMan_SetMainFets                   0x08001749   Thumb Code    44  app_batman_config.o(i.App_BatMan_SetMainFets)
    App_BatMan_SetPreDischargeFet            0x08001779   Thumb Code    34  app_batman_config.o(i.App_BatMan_SetPreDischargeFet)
    App_BatMan_ShowIicStatus                 0x080017a1   Thumb Code     8  app_batman_debug.o(i.App_BatMan_ShowIicStatus)
    App_BatMan_ShowPowerConfig               0x080017a9   Thumb Code     8  app_batman_debug.o(i.App_BatMan_ShowPowerConfig)
    App_BatMan_Task                          0x080017b1   Thumb Code    44  app_batman.o(i.App_BatMan_Task)
    App_BatMan_UpdateBalance                 0x080017e1   Thumb Code    64  app_batman_estimator.o(i.App_BatMan_UpdateBalance)
    App_BatMan_UpdateDebugOutput             0x08001835   Thumb Code    28  app_batman_debug.o(i.App_BatMan_UpdateDebugOutput)
    App_BatMan_UpdateHealth                  0x08001855   Thumb Code   124  app_batman_estimator.o(i.App_BatMan_UpdateHealth)
    App_BatMan_UpdateRuntimeOledStatus       0x08001909   Thumb Code    16  app_batman_debug.o(i.App_BatMan_UpdateRuntimeOledStatus)
    App_BatMan_UpdateSoc                     0x0800191d   Thumb Code   154  app_batman_estimator.o(i.App_BatMan_UpdateSoc)
    App_BatMan_WriteU16Le                    0x08001a8f   Thumb Code     8  app_batman.o(i.App_BatMan_WriteU16Le)
    App_Main                                 0x08001a99   Thumb Code   136  app_main.o(i.App_Main)
    App_OLED_Init                            0x08001cd1   Thumb Code    24  app_oled.o(i.App_OLED_Init)
    App_OLED_ShowBqIicPowerConfig            0x08001db9   Thumb Code    62  app_oled.o(i.App_OLED_ShowBqIicPowerConfig)
    App_OLED_ShowIicStatus                   0x08001dfd   Thumb Code    40  app_oled.o(i.App_OLED_ShowIicStatus)
    App_Power_Init                           0x08001e29   Thumb Code    62  app_power.o(i.App_Power_Init)
    App_Power_Task                           0x08001f4d   Thumb Code   454  app_power.o(i.App_Power_Task)
    App_SC8815_GetVbusMv                     0x08002299   Thumb Code     6  app_sc8815.o(i.App_SC8815_GetVbusMv)
    App_SC8815_HasFault                      0x080022a5   Thumb Code    24  app_sc8815.o(i.App_SC8815_HasFault)
    App_SC8815_Init                          0x080022c1   Thumb Code    86  app_sc8815.o(i.App_SC8815_Init)
    App_SC8815_IsAcOk                        0x08002341   Thumb Code     6  app_sc8815.o(i.App_SC8815_IsAcOk)
    App_SC8815_RequestCharge                 0x080023d9   Thumb Code    36  app_sc8815.o(i.App_SC8815_RequestCharge)
    App_SC8815_Task                          0x08002499   Thumb Code    90  app_sc8815.o(i.App_SC8815_Task)
    Com_BQ76952_Temp0p1KToC                  0x08002519   Thumb Code    26  com_bq76952.o(i.Com_BQ76952_Temp0p1KToC)
    Com_BatteryParam_GetSoc0p01ByVoltage     0x08002539   Thumb Code    86  com_batteryparam.o(i.Com_BatteryParam_GetSoc0p01ByVoltage)
    Com_SOC_GetResult                        0x08002785   Thumb Code    16  com_soc.o(i.Com_SOC_GetResult)
    Com_SOC_Init                             0x08002799   Thumb Code   168  com_soc.o(i.Com_SOC_Init)
    Com_SOC_Update                           0x080029fd   Thumb Code   280  com_soc.o(i.Com_SOC_Update)
    Com_SOH_GetResult                        0x08002d19   Thumb Code    16  com_soh.o(i.Com_SOH_GetResult)
    Com_SOH_Init                             0x08002d2d   Thumb Code    84  com_soh.o(i.Com_SOH_Init)
    Com_SOH_Update                           0x08002d89   Thumb Code   234  com_soh.o(i.Com_SOH_Update)
    EXTI4_15_IRQHandler                      0x08002ee1   Thumb Code    10  stm32g0xx_it.o(i.EXTI4_15_IRQHandler)
    Error_Handler                            0x08002eeb   Thumb Code     4  main.o(i.Error_Handler)
    HAL_Delay                                0x08002f65   Thumb Code    32  stm32g0xx_hal.o(i.HAL_Delay)
    HAL_FDCAN_ConfigFilter                   0x08002f89   Thumb Code    94  stm32g0xx_hal_fdcan.o(i.HAL_FDCAN_ConfigFilter)
    HAL_FDCAN_ConfigGlobalFilter             0x08002fe7   Thumb Code    54  stm32g0xx_hal_fdcan.o(i.HAL_FDCAN_ConfigGlobalFilter)
    HAL_FDCAN_Init                           0x0800301d   Thumb Code   412  stm32g0xx_hal_fdcan.o(i.HAL_FDCAN_Init)
    HAL_FDCAN_MspInit                        0x080031c1   Thumb Code   110  fdcan.o(i.HAL_FDCAN_MspInit)
    HAL_FDCAN_Start                          0x0800323d   Thumb Code    44  stm32g0xx_hal_fdcan.o(i.HAL_FDCAN_Start)
    HAL_GPIO_EXTI_Falling_Callback           0x08003269   Thumb Code     2  stm32g0xx_hal_gpio.o(i.HAL_GPIO_EXTI_Falling_Callback)
    HAL_GPIO_EXTI_IRQHandler                 0x0800326d   Thumb Code    36  stm32g0xx_hal_gpio.o(i.HAL_GPIO_EXTI_IRQHandler)
    HAL_GPIO_EXTI_Rising_Callback            0x08003295   Thumb Code     2  stm32g0xx_hal_gpio.o(i.HAL_GPIO_EXTI_Rising_Callback)
    HAL_GPIO_Init                            0x08003299   Thumb Code   336  stm32g0xx_hal_gpio.o(i.HAL_GPIO_Init)
    HAL_GPIO_ReadPin                         0x080033fd   Thumb Code    10  stm32g0xx_hal_gpio.o(i.HAL_GPIO_ReadPin)
    HAL_GPIO_WritePin                        0x08003407   Thumb Code    12  stm32g0xx_hal_gpio.o(i.HAL_GPIO_WritePin)
    HAL_GetTick                              0x08003415   Thumb Code     6  stm32g0xx_hal.o(i.HAL_GetTick)
    HAL_I2CEx_ConfigAnalogFilter             0x08003421   Thumb Code    74  stm32g0xx_hal_i2c_ex.o(i.HAL_I2CEx_ConfigAnalogFilter)
    HAL_I2CEx_ConfigDigitalFilter            0x0800346b   Thumb Code    72  stm32g0xx_hal_i2c_ex.o(i.HAL_I2CEx_ConfigDigitalFilter)
    HAL_I2C_GetError                         0x080034b3   Thumb Code     4  stm32g0xx_hal_i2c.o(i.HAL_I2C_GetError)
    HAL_I2C_Init                             0x080034b9   Thumb Code   182  stm32g0xx_hal_i2c.o(i.HAL_I2C_Init)
    HAL_I2C_IsDeviceReady                    0x08003575   Thumb Code   250  stm32g0xx_hal_i2c.o(i.HAL_I2C_IsDeviceReady)
    HAL_I2C_Master_Transmit                  0x08003679   Thumb Code   304  stm32g0xx_hal_i2c.o(i.HAL_I2C_Master_Transmit)
    HAL_I2C_Mem_Read                         0x080037b1   Thumb Code   332  stm32g0xx_hal_i2c.o(i.HAL_I2C_Mem_Read)
    HAL_I2C_Mem_Write                        0x08003905   Thumb Code   326  stm32g0xx_hal_i2c.o(i.HAL_I2C_Mem_Write)
    HAL_I2C_MspInit                          0x08003a51   Thumb Code   184  i2c.o(i.HAL_I2C_MspInit)
    HAL_IncTick                              0x08003b19   Thumb Code    12  stm32g0xx_hal.o(i.HAL_IncTick)
    HAL_Init                                 0x08003b29   Thumb Code    36  stm32g0xx_hal.o(i.HAL_Init)
    HAL_InitTick                             0x08003b51   Thumb Code   132  stm32g0xx_hal_timebase_tim.o(i.HAL_InitTick)
    HAL_MspInit                              0x08003bed   Thumb Code    46  stm32g0xx_hal_msp.o(i.HAL_MspInit)
    HAL_NVIC_EnableIRQ                       0x08003c21   Thumb Code    18  stm32g0xx_hal_cortex.o(i.HAL_NVIC_EnableIRQ)
    HAL_NVIC_SetPriority                     0x08003c39   Thumb Code     8  stm32g0xx_hal_cortex.o(i.HAL_NVIC_SetPriority)
    HAL_PWREx_ControlVoltageScaling          0x08003c41   Thumb Code    62  stm32g0xx_hal_pwr_ex.o(i.HAL_PWREx_ControlVoltageScaling)
    HAL_PWR_EnableBkUpAccess                 0x08003c8d   Thumb Code    12  stm32g0xx_hal_pwr.o(i.HAL_PWR_EnableBkUpAccess)
    HAL_RCCEx_PeriphCLKConfig                0x08003c9d   Thumb Code   618  stm32g0xx_hal_rcc_ex.o(i.HAL_RCCEx_PeriphCLKConfig)
    HAL_RCC_ClockConfig                      0x08003f1d   Thumb Code   318  stm32g0xx_hal_rcc.o(i.HAL_RCC_ClockConfig)
    HAL_RCC_GetClockConfig                   0x08004075   Thumb Code    48  stm32g0xx_hal_rcc.o(i.HAL_RCC_GetClockConfig)
    HAL_RCC_GetPCLK1Freq                     0x080040ad   Thumb Code    26  stm32g0xx_hal_rcc.o(i.HAL_RCC_GetPCLK1Freq)
    HAL_RCC_GetSysClockFreq                  0x080040d5   Thumb Code   130  stm32g0xx_hal_rcc.o(i.HAL_RCC_GetSysClockFreq)
    HAL_RCC_OscConfig                        0x08004161   Thumb Code  1078  stm32g0xx_hal_rcc.o(i.HAL_RCC_OscConfig)
    HAL_RTC_Init                             0x08004599   Thumb Code   172  stm32g0xx_hal_rtc.o(i.HAL_RTC_Init)
    HAL_RTC_MspInit                          0x08004649   Thumb Code    80  rtc.o(i.HAL_RTC_MspInit)
    HAL_RTC_WaitForSynchro                   0x080046a1   Thumb Code    48  stm32g0xx_hal_rtc.o(i.HAL_RTC_WaitForSynchro)
    HAL_SYSCFG_StrobeDBattpinsConfig         0x080046d5   Thumb Code    16  stm32g0xx_hal.o(i.HAL_SYSCFG_StrobeDBattpinsConfig)
    HAL_TIMEx_Break2Callback                 0x080046e9   Thumb Code     2  stm32g0xx_hal_tim_ex.o(i.HAL_TIMEx_Break2Callback)
    HAL_TIMEx_BreakCallback                  0x080046eb   Thumb Code     2  stm32g0xx_hal_tim_ex.o(i.HAL_TIMEx_BreakCallback)
    HAL_TIMEx_CommutCallback                 0x080046ed   Thumb Code     2  stm32g0xx_hal_tim_ex.o(i.HAL_TIMEx_CommutCallback)
    HAL_TIMEx_MasterConfigSynchronization    0x080046f1   Thumb Code   108  stm32g0xx_hal_tim_ex.o(i.HAL_TIMEx_MasterConfigSynchronization)
    HAL_TIM_Base_Init                        0x0800476d   Thumb Code    76  stm32g0xx_hal_tim.o(i.HAL_TIM_Base_Init)
    HAL_TIM_Base_MspInit                     0x080047b9   Thumb Code    28  tim.o(i.HAL_TIM_Base_MspInit)
    HAL_TIM_Base_Start_IT                    0x080047dd   Thumb Code    86  stm32g0xx_hal_tim.o(i.HAL_TIM_Base_Start_IT)
    HAL_TIM_ConfigClockSource                0x08004849   Thumb Code   220  stm32g0xx_hal_tim.o(i.HAL_TIM_ConfigClockSource)
    HAL_TIM_IC_CaptureCallback               0x08004929   Thumb Code     2  stm32g0xx_hal_tim.o(i.HAL_TIM_IC_CaptureCallback)
    HAL_TIM_IRQHandler                       0x0800492d   Thumb Code   318  stm32g0xx_hal_tim.o(i.HAL_TIM_IRQHandler)
    HAL_TIM_MspPostInit                      0x08004a75   Thumb Code    66  tim.o(i.HAL_TIM_MspPostInit)
    HAL_TIM_OC_DelayElapsedCallback          0x08004ac5   Thumb Code     2  stm32g0xx_hal_tim.o(i.HAL_TIM_OC_DelayElapsedCallback)
    HAL_TIM_PWM_ConfigChannel                0x08004ac7   Thumb Code   296  stm32g0xx_hal_tim.o(i.HAL_TIM_PWM_ConfigChannel)
    HAL_TIM_PWM_Init                         0x08004bef   Thumb Code    76  stm32g0xx_hal_tim.o(i.HAL_TIM_PWM_Init)
    HAL_TIM_PWM_MspInit                      0x08004c3b   Thumb Code     2  stm32g0xx_hal_tim.o(i.HAL_TIM_PWM_MspInit)
    HAL_TIM_PWM_PulseFinishedCallback        0x08004c3d   Thumb Code     2  stm32g0xx_hal_tim.o(i.HAL_TIM_PWM_PulseFinishedCallback)
    HAL_TIM_PeriodElapsedCallback            0x08004c41   Thumb Code    16  main.o(i.HAL_TIM_PeriodElapsedCallback)
    HAL_TIM_TriggerCallback                  0x08004c55   Thumb Code     2  stm32g0xx_hal_tim.o(i.HAL_TIM_TriggerCallback)
    HAL_UARTEx_DisableFifoMode               0x08004c57   Thumb Code    60  stm32g0xx_hal_uart_ex.o(i.HAL_UARTEx_DisableFifoMode)
    HAL_UARTEx_SetRxFifoThreshold            0x08004c93   Thumb Code    72  stm32g0xx_hal_uart_ex.o(i.HAL_UARTEx_SetRxFifoThreshold)
    HAL_UARTEx_SetTxFifoThreshold            0x08004cdb   Thumb Code    70  stm32g0xx_hal_uart_ex.o(i.HAL_UARTEx_SetTxFifoThreshold)
    HAL_UART_Init                            0x08004d21   Thumb Code   108  stm32g0xx_hal_uart.o(i.HAL_UART_Init)
    HAL_UART_MspInit                         0x08004d8d   Thumb Code   118  usart.o(i.HAL_UART_MspInit)
    HAL_UART_Transmit                        0x08004e0d   Thumb Code   214  stm32g0xx_hal_uart.o(i.HAL_UART_Transmit)
    HardFault_Handler                        0x08004ee3   Thumb Code     2  stm32g0xx_it.o(i.HardFault_Handler)
    Inf_OLED_Clear                           0x08005229   Thumb Code    18  int_oled.o(i.Inf_OLED_Clear)
    Inf_OLED_DrawPoint                       0x08005241   Thumb Code    44  int_oled.o(i.Inf_OLED_DrawPoint)
    Inf_OLED_Init                            0x08005271   Thumb Code   240  int_oled.o(i.Inf_OLED_Init)
    Inf_OLED_Refresh                         0x08005361   Thumb Code    66  int_oled.o(i.Inf_OLED_Refresh)
    Inf_OLED_ShowChar                        0x080053a9   Thumb Code   222  int_oled.o(i.Inf_OLED_ShowChar)
    Inf_OLED_ShowString                      0x08005499   Thumb Code    70  int_oled.o(i.Inf_OLED_ShowString)
    Inf_OLED_WR_Byte                         0x080054e1   Thumb Code    36  int_oled.o(i.Inf_OLED_WR_Byte)
    Int_BQ76952_EnterConfigUpdate            0x0800556b   Thumb Code    54  int_bq76952.o(i.Int_BQ76952_EnterConfigUpdate)
    Int_BQ76952_ExitConfigUpdate             0x080055a1   Thumb Code    50  int_bq76952.o(i.Int_BQ76952_ExitConfigUpdate)
    Int_BQ76952_GetLastHalError              0x080055d5   Thumb Code     6  int_bq76952.o(i.Int_BQ76952_GetLastHalError)
    Int_BQ76952_InitBoard                    0x080055e1   Thumb Code     8  int_bq76952.o(i.Int_BQ76952_InitBoard)
    Int_BQ76952_IsCrcEnabled                 0x080055ed   Thumb Code     6  int_bq76952.o(i.Int_BQ76952_IsCrcEnabled)
    Int_BQ76952_ReadDataMemory               0x0800561f   Thumb Code    54  int_bq76952.o(i.Int_BQ76952_ReadDataMemory)
    Int_BQ76952_ReadDirect                   0x08005655   Thumb Code   232  int_bq76952.o(i.Int_BQ76952_ReadDirect)
    Int_BQ76952_ReadSubcommand               0x08005755   Thumb Code    54  int_bq76952.o(i.Int_BQ76952_ReadSubcommand)
    Int_BQ76952_Reset                        0x080059a5   Thumb Code    10  int_bq76952.o(i.Int_BQ76952_Reset)
    Int_BQ76952_SendSubcommand               0x080059af   Thumb Code    20  int_bq76952.o(i.Int_BQ76952_SendSubcommand)
    Int_BQ76952_SetBalanceMask               0x080059c3   Thumb Code    20  int_bq76952.o(i.Int_BQ76952_SetBalanceMask)
    Int_BQ76952_SetCrcEnabled                0x080059d9   Thumb Code     6  int_bq76952.o(i.Int_BQ76952_SetCrcEnabled)
    Int_BQ76952_WriteDataMemory              0x080059e5   Thumb Code   102  int_bq76952.o(i.Int_BQ76952_WriteDataMemory)
    Int_BQ76952_WriteDirect                  0x08005a4d   Thumb Code   160  int_bq76952.o(i.Int_BQ76952_WriteDirect)
    Int_BQ76952_WriteSubcommandData          0x08005af5   Thumb Code   102  int_bq76952.o(i.Int_BQ76952_WriteSubcommandData)
    Int_Button_Init                          0x08005b5d   Thumb Code    78  int_button.o(i.Int_Button_Init)
    Int_Button_Task                          0x08005bd1   Thumb Code    58  int_button.o(i.Int_Button_Task)
    Int_CanFd_Init                           0x08005c11   Thumb Code   104  int_canfd.o(i.Int_CanFd_Init)
    Int_EEPROM_Init                          0x08005c85   Thumb Code    10  int_eeprom.o(i.Int_EEPROM_Init)
    Int_Led_Init                             0x08005cd1   Thumb Code    68  int_led.o(i.Int_Led_Init)
    Int_SC8815_GetBusLevels                  0x08005da5   Thumb Code    42  int_sc8815.o(i.Int_SC8815_GetBusLevels)
    Int_SC8815_InitSafe                      0x08006049   Thumb Code    98  int_sc8815.o(i.Int_SC8815_InitSafe)
    Int_SC8815_IsIicLineSwapped              0x080060b5   Thumb Code     6  int_sc8815.o(i.Int_SC8815_IsIicLineSwapped)
    Int_SC8815_ReadAdcCurrentMa              0x080060c1   Thumb Code    86  int_sc8815.o(i.Int_SC8815_ReadAdcCurrentMa)
    Int_SC8815_ReadAdcRaw                    0x08006121   Thumb Code    78  int_sc8815.o(i.Int_SC8815_ReadAdcRaw)
    Int_SC8815_ReadAdcVoltageMv              0x0800616f   Thumb Code    60  int_sc8815.o(i.Int_SC8815_ReadAdcVoltageMv)
    Int_SC8815_ReadStatus                    0x0800626f   Thumb Code    66  int_sc8815.o(i.Int_SC8815_ReadStatus)
    Int_SC8815_SetAdcEnabled                 0x080062b1   Thumb Code    24  int_sc8815.o(i.Int_SC8815_SetAdcEnabled)
    Int_SC8815_SetChipEnabled                0x080062c9   Thumb Code    20  int_sc8815.o(i.Int_SC8815_SetChipEnabled)
    Int_SC8815_SetCurrentLimitMa             0x080062e1   Thumb Code   120  int_sc8815.o(i.Int_SC8815_SetCurrentLimitMa)
    Int_SC8815_SetStandby                    0x08006365   Thumb Code    22  int_sc8815.o(i.Int_SC8815_SetStandby)
    Int_SC8815_UpdateReg                     0x08006385   Thumb Code    54  int_sc8815.o(i.Int_SC8815_UpdateReg)
    Int_SC8815_WriteReg                      0x080063bb   Thumb Code    42  int_sc8815.o(i.Int_SC8815_WriteReg)
    MX_FDCAN1_Init                           0x0800645d   Thumb Code    70  fdcan.o(i.MX_FDCAN1_Init)
    MX_GPIO_Init                             0x080064ad   Thumb Code   260  gpio.o(i.MX_GPIO_Init)
    MX_I2C1_Init                             0x080065bd   Thumb Code    76  i2c.o(i.MX_I2C1_Init)
    MX_I2C2_Init                             0x08006615   Thumb Code    76  i2c.o(i.MX_I2C2_Init)
    MX_RTC_Init                              0x0800666d   Thumb Code    48  rtc.o(i.MX_RTC_Init)
    MX_TIM3_Init                             0x080066a5   Thumb Code   154  tim.o(i.MX_TIM3_Init)
    MX_USART1_UART_Init                      0x0800674d   Thumb Code    96  usart.o(i.MX_USART1_UART_Init)
    NMI_Handler                              0x080067b5   Thumb Code     2  stm32g0xx_it.o(i.NMI_Handler)
    RTC_EnterInitMode                        0x080067b7   Thumb Code    68  stm32g0xx_hal_rtc.o(i.RTC_EnterInitMode)
    RTC_ExitInitMode                         0x080067fd   Thumb Code    74  stm32g0xx_hal_rtc.o(i.RTC_ExitInitMode)
    SVC_Handler                              0x0800684d   Thumb Code     2  port.o(i.SVC_Handler)
    SysTick_Handler                          0x08006851   Thumb Code    32  port.o(i.SysTick_Handler)
    SystemClock_Config                       0x08006875   Thumb Code   128  main.o(i.SystemClock_Config)
    SystemInit                               0x080068f9   Thumb Code     2  system_stm32g0xx.o(i.SystemInit)
    TIM14_IRQHandler                         0x080068fd   Thumb Code    10  stm32g0xx_it.o(i.TIM14_IRQHandler)
    TIM_Base_SetConfig                       0x0800690d   Thumb Code   150  stm32g0xx_hal_tim.o(i.TIM_Base_SetConfig)
    TIM_ETR_SetConfig                        0x080069c1   Thumb Code    22  stm32g0xx_hal_tim.o(i.TIM_ETR_SetConfig)
    TIM_OC2_SetConfig                        0x08006a7d   Thumb Code   116  stm32g0xx_hal_tim.o(i.TIM_OC2_SetConfig)
    UART_AdvFeatureConfig                    0x08006da5   Thumb Code   202  stm32g0xx_hal_uart.o(i.UART_AdvFeatureConfig)
    UART_CheckIdleState                      0x08006e71   Thumb Code   180  stm32g0xx_hal_uart.o(i.UART_CheckIdleState)
    UART_SetConfig                           0x08006f8d   Thumb Code   600  stm32g0xx_hal_uart.o(i.UART_SetConfig)
    UART_WaitOnFlagUntilTimeout              0x08007221   Thumb Code   144  stm32g0xx_hal_uart.o(i.UART_WaitOnFlagUntilTimeout)
    __0printf                                0x080072b1   Thumb Code    24  printfa.o(i.__0printf)
    __1printf                                0x080072b1   Thumb Code     0  printfa.o(i.__0printf)
    __2printf                                0x080072b1   Thumb Code     0  printfa.o(i.__0printf)
    __c89printf                              0x080072b1   Thumb Code     0  printfa.o(i.__0printf)
    printf                                   0x080072b1   Thumb Code     0  printfa.o(i.__0printf)
    __ARM_clz                                0x080072d1   Thumb Code    46  depilogue.o(i.__ARM_clz)
    __scatterload_copy                       0x08007345   Thumb Code    14  handlers.o(i.__scatterload_copy)
    __scatterload_null                       0x08007353   Thumb Code     2  handlers.o(i.__scatterload_null)
    __scatterload_zeroinit                   0x08007355   Thumb Code    14  handlers.o(i.__scatterload_zeroinit)
    batman_task                              0x08007c15   Thumb Code    24  app_main.o(i.batman_task)
    board_io_task                            0x08007c2d   Thumb Code    16  app_main.o(i.board_io_task)
    can_task                                 0x08007c3d   Thumb Code     8  app_main.o(i.can_task)
    display_task                             0x08007c45   Thumb Code    12  app_main.o(i.display_task)
    fputc                                    0x08007c51   Thumb Code    26  retarget.o(i.fputc)
    main                                     0x08007c71   Thumb Code    66  main.o(i.main)
    nvm_task                                 0x08007d09   Thumb Code    12  app_main.o(i.nvm_task)
    pvPortMalloc                             0x080080ed   Thumb Code   172  heap_4.o(i.pvPortMalloc)
    pxPortInitialiseStack                    0x0800819d   Thumb Code    28  port.o(i.pxPortInitialiseStack)
    sc8815_task                              0x080081bd   Thumb Code    18  app_main.o(i.sc8815_task)
    uxListRemove                             0x080081cf   Thumb Code    38  list.o(i.uxListRemove)
    vListInitialise                          0x080081f5   Thumb Code    22  list.o(i.vListInitialise)
    vListInitialiseItem                      0x0800820b   Thumb Code     6  list.o(i.vListInitialiseItem)
    vListInsert                              0x08008211   Thumb Code    48  list.o(i.vListInsert)
    vListInsertEnd                           0x08008241   Thumb Code    24  list.o(i.vListInsertEnd)
    vPortEnterCritical                       0x08008259   Thumb Code    20  port.o(i.vPortEnterCritical)
    vPortExitCritical                        0x08008271   Thumb Code    20  port.o(i.vPortExitCritical)
    vPortFree                                0x08008289   Thumb Code    64  heap_4.o(i.vPortFree)
    vPortSetupTimerInterrupt                 0x080082cd   Thumb Code    32  port.o(i.vPortSetupTimerInterrupt)
    vPortYield                               0x080082f5   Thumb Code    18  port.o(i.vPortYield)
    vTaskDelay                               0x0800830d   Thumb Code    42  tasks.o(i.vTaskDelay)
    vTaskInternalSetTimeOutState             0x0800833d   Thumb Code    12  tasks.o(i.vTaskInternalSetTimeOutState)
    vTaskMissedYield                         0x0800834d   Thumb Code     8  tasks.o(i.vTaskMissedYield)
    vTaskPlaceOnEventList                    0x08008359   Thumb Code    30  tasks.o(i.vTaskPlaceOnEventList)
    vTaskStartScheduler                      0x0800837d   Thumb Code    56  tasks.o(i.vTaskStartScheduler)
    vTaskSuspendAll                          0x080083c5   Thumb Code    10  tasks.o(i.vTaskSuspendAll)
    vTaskSwitchContext                       0x080083d5   Thumb Code    76  tasks.o(i.vTaskSwitchContext)
    xPortStartScheduler                      0x08008429   Thumb Code    40  port.o(i.xPortStartScheduler)
    xQueueGenericCreate                      0x08008459   Thumb Code    52  queue.o(i.xQueueGenericCreate)
    xQueueGenericReset                       0x0800848d   Thumb Code   106  queue.o(i.xQueueGenericReset)
    xQueueGenericSend                        0x080084f7   Thumb Code   272  queue.o(i.xQueueGenericSend)
    xQueueReceive                            0x08008607   Thumb Code   252  queue.o(i.xQueueReceive)
    xTaskCheckForTimeOut                     0x08008705   Thumb Code    82  tasks.o(i.xTaskCheckForTimeOut)
    xTaskCreate                              0x0800875d   Thumb Code    78  tasks.o(i.xTaskCreate)
    xTaskGetSchedulerState                   0x080087ad   Thumb Code    26  tasks.o(i.xTaskGetSchedulerState)
    xTaskIncrementTick                       0x080087cd   Thumb Code   178  tasks.o(i.xTaskIncrementTick)
    xTaskPriorityDisinherit                  0x08008889   Thumb Code    92  tasks.o(i.xTaskPriorityDisinherit)
    xTaskRemoveFromEventList                 0x080088ed   Thumb Code    88  tasks.o(i.xTaskRemoveFromEventList)
    xTaskResumeAll                           0x0800894d   Thumb Code   162  tasks.o(i.xTaskResumeAll)
    asc2_0806                                0x08008a3a   Data         552  int_oled.o(.constdata)
    asc2_1206                                0x08008c62   Data        1140  int_oled.o(.constdata)
    asc2_1608                                0x080090d6   Data        1520  int_oled.o(.constdata)
    asc2_2412                                0x080096c6   Data        3420  int_oled.o(.constdata)
    Hzk1                                     0x0800a422   Data         160  int_oled.o(.constdata)
    UARTPrescTable                           0x0800a4c2   Data          24  stm32g0xx_hal_uart.o(.constdata)
    AHBPrescTable                            0x0800a4ec   Data          64  system_stm32g0xx.o(.constdata)
    APBPrescTable                            0x0800a52c   Data          32  system_stm32g0xx.o(.constdata)
    Region$$Table$$Base                      0x0800a7e8   Number         0  anon$$obj.o(Region$$Table)
    Region$$Table$$Limit                     0x0800a808   Number         0  anon$$obj.o(Region$$Table)
    __stdout                                 0x20000000   Data           4  retarget.o(.data)
    s_comm_fault                             0x20000004   Data           1  app_batman.o(.data)
    fet_status                               0x20000005   Data           1  app_batman.o(.data)
    safety_status_a                          0x20000006   Data           1  app_batman.o(.data)
    safety_status_b                          0x20000007   Data           1  app_batman.o(.data)
    safety_status_c                          0x20000008   Data           1  app_batman.o(.data)
    fault_active                             0x20000009   Data           1  app_batman.o(.data)
    soc_confidence_percent                   0x2000000a   Data           1  app_batman.o(.data)
    soh_percent                              0x2000000b   Data           1  app_batman.o(.data)
    soh_confidence_percent                   0x2000000c   Data           1  app_batman.o(.data)
    cell_min_mv                              0x20000010   Data           2  app_batman.o(.data)
    cell_max_mv                              0x20000012   Data           2  app_batman.o(.data)
    cell_avg_mv                              0x20000014   Data           2  app_batman.o(.data)
    cell_delta_mv                            0x20000016   Data           2  app_batman.o(.data)
    temp_ic_c                                0x20000018   Data           2  app_batman.o(.data)
    temp_ts1_c                               0x2000001a   Data           2  app_batman.o(.data)
    temp_ts3_c                               0x2000001c   Data           2  app_batman.o(.data)
    temp_cell_c                              0x2000001e   Data           2  app_batman.o(.data)
    temp_fet_c                               0x20000020   Data           2  app_batman.o(.data)
    alarm_status                             0x20000022   Data           2  app_batman.o(.data)
    alarm_raw                                0x20000024   Data           2  app_batman.o(.data)
    battery_status                           0x20000026   Data           2  app_batman.o(.data)
    balance_mask                             0x20000028   Data           2  app_batman.o(.data)
    stack_mv                                 0x2000002c   Data           4  app_batman.o(.data)
    pack_mv                                  0x20000030   Data           4  app_batman.o(.data)
    current_ma                               0x20000034   Data           4  app_batman.o(.data)
    current_a                                0x20000038   Data           4  app_batman.o(.data)
    soc_percent                              0x2000003c   Data           4  app_batman.o(.data)
    display_soc_percent                      0x20000040   Data           4  app_batman.o(.data)
    soc_residual_percent                     0x20000044   Data           4  app_batman.o(.data)
    soc_kalman_gain                          0x20000048   Data           4  app_batman.o(.data)
    soc_p                                    0x2000004c   Data           4  app_batman.o(.data)
    soc_active_capacity_mah                  0x20000050   Data           4  app_batman.o(.data)
    charge_throughput_mah                    0x20000054   Data           4  app_batman.o(.data)
    discharge_throughput_mah                 0x20000058   Data           4  app_batman.o(.data)
    cycle_count                              0x2000005c   Data           4  app_batman.o(.data)
    s_cells_sample_valid                     0x20000060   Data           1  app_batman.o(.data)
    s_current_sample_valid                   0x20000061   Data           1  app_batman.o(.data)
    s_temp_cell_sample_valid                 0x20000062   Data           1  app_batman.o(.data)
    pxCurrentTCB                             0x200000b4   Data           4  tasks.o(.data)
    uwTickFreq                               0x20000114   Data           1  stm32g0xx_hal.o(.data)
    uwTickPrio                               0x20000118   Data           4  stm32g0xx_hal.o(.data)
    uwTick                                   0x2000011c   Data           4  stm32g0xx_hal.o(.data)
    SystemCoreClock                          0x20000120   Data           4  system_stm32g0xx.o(.data)
    hfdcan1                                  0x20000124   Data         100  fdcan.o(.bss)
    hi2c1                                    0x20000188   Data          84  i2c.o(.bss)
    hi2c2                                    0x200001dc   Data          84  i2c.o(.bss)
    hrtc                                     0x20000230   Data          44  rtc.o(.bss)
    htim3                                    0x2000025c   Data          76  tim.o(.bss)
    huart1                                   0x200002a8   Data         148  usart.o(.bss)
    htim14                                   0x2000033c   Data          76  stm32g0xx_hal_timebase_tim.o(.bss)
    cell_mv                                  0x20000388   Data          12  app_batman.o(.bss)
    OLED_GRAM                                0x20000484   Data        1152  int_oled.o(.bss)
    __initial_sp                             0x20008dd0   Data           0  startup_stm32g0b1xx.o(STACK)



==============================================================================

Memory Map of the image

  Image Entry point : 0x080000bd

  Load Region LR_IROM1 (Base: 0x08000000, Size: 0x0000a92c, Max: 0x00020000, ABSOLUTE)

    Execution Region ER_IROM1 (Exec base: 0x08000000, Load base: 0x08000000, Size: 0x0000a808, Max: 0x00020000, ABSOLUTE)

    Exec Addr    Load Addr    Size         Type   Attr      Idx    E Section Name        Object

    0x08000000   0x08000000   0x000000bc   Data   RO            3    RESET               startup_stm32g0b1xx.o
    0x080000bc   0x080000bc   0x00000000   Code   RO         7486  * .ARM.Collect$$$$00000000  mc_p.l(entry.o)
    0x080000bc   0x080000bc   0x00000004   Code   RO         7786    .ARM.Collect$$$$00000001  mc_p.l(entry2.o)
    0x080000c0   0x080000c0   0x00000004   Code   RO         7789    .ARM.Collect$$$$00000004  mc_p.l(entry5.o)
    0x080000c4   0x080000c4   0x00000000   Code   RO         7791    .ARM.Collect$$$$00000008  mc_p.l(entry7b.o)
    0x080000c4   0x080000c4   0x00000000   Code   RO         7793    .ARM.Collect$$$$0000000A  mc_p.l(entry8b.o)
    0x080000c4   0x080000c4   0x00000008   Code   RO         7794    .ARM.Collect$$$$0000000B  mc_p.l(entry9a.o)
    0x080000cc   0x080000cc   0x00000004   Code   RO         7801    .ARM.Collect$$$$0000000E  mc_p.l(entry12b.o)
    0x080000d0   0x080000d0   0x00000000   Code   RO         7796    .ARM.Collect$$$$0000000F  mc_p.l(entry10a.o)
    0x080000d0   0x080000d0   0x00000000   Code   RO         7798    .ARM.Collect$$$$00000011  mc_p.l(entry11a.o)
    0x080000d0   0x080000d0   0x00000004   Code   RO         7787    .ARM.Collect$$$$00002712  mc_p.l(entry2.o)
    0x080000d4   0x080000d4   0x00000078   Code   RO         3036    .emb_text           port.o
    0x0800014c   0x0800014c   0x0000001c   Code   RO            4    .text               startup_stm32g0b1xx.o
    0x08000168   0x08000168   0x0000002c   Code   RO         7489    .text               mc_p.l(uidiv.o)
    0x08000194   0x08000194   0x00000028   Code   RO         7491    .text               mc_p.l(idiv.o)
    0x080001bc   0x080001bc   0x00000060   Code   RO         7493    .text               mc_p.l(uldiv.o)
    0x0800021c   0x0800021c   0x00000024   Code   RO         7495    .text               mc_p.l(memcpya.o)
    0x08000240   0x08000240   0x00000024   Code   RO         7499    .text               mc_p.l(memseta.o)
    0x08000264   0x08000264   0x0000000e   Code   RO         7501    .text               mc_p.l(strlen.o)
    0x08000272   0x08000272   0x000000b2   Code   RO         7768    .text               mf_p.l(fadd.o)
    0x08000324   0x08000324   0x0000007a   Code   RO         7770    .text               mf_p.l(fmul.o)
    0x0800039e   0x0800039e   0x0000007c   Code   RO         7772    .text               mf_p.l(fdiv.o)
    0x0800041a   0x0800041a   0x00000016   Code   RO         7774    .text               mf_p.l(fflti.o)
    0x08000430   0x08000430   0x0000000e   Code   RO         7776    .text               mf_p.l(ffltui.o)
    0x0800043e   0x0800043e   0x00000028   Code   RO         7778    .text               mf_p.l(ffixui.o)
    0x08000466   0x08000466   0x00000028   Code   RO         7780    .text               mf_p.l(f2d.o)
    0x0800048e   0x0800048e   0x00000002   PAD
    0x08000490   0x08000490   0x00000014   Code   RO         7782    .text               mf_p.l(cfcmple.o)
    0x080004a4   0x080004a4   0x00000014   Code   RO         7784    .text               mf_p.l(cfrcmple.o)
    0x080004b8   0x080004b8   0x00000020   Code   RO         7802    .text               mc_p.l(llshl.o)
    0x080004d8   0x080004d8   0x00000022   Code   RO         7804    .text               mc_p.l(llushr.o)
    0x080004fa   0x080004fa   0x00000000   Code   RO         7806    .text               mc_p.l(iusefp.o)
    0x080004fa   0x080004fa   0x00000082   Code   RO         7807    .text               mf_p.l(fepilogue.o)
    0x0800057c   0x0800057c   0x00000168   Code   RO         7809    .text               mf_p.l(dadd.o)
    0x080006e4   0x080006e4   0x000000d0   Code   RO         7811    .text               mf_p.l(dmul.o)
    0x080007b4   0x080007b4   0x000000f0   Code   RO         7813    .text               mf_p.l(ddiv.o)
    0x080008a4   0x080008a4   0x00000040   Code   RO         7815    .text               mf_p.l(dfixul.o)
    0x080008e4   0x080008e4   0x00000028   Code   RO         7817    .text               mf_p.l(cdrcmple.o)
    0x0800090c   0x0800090c   0x00000024   Code   RO         7819    .text               mc_p.l(init.o)
    0x08000930   0x08000930   0x00000026   Code   RO         7821    .text               mc_p.l(llsshr.o)
    0x08000956   0x08000956   0x000000be   Code   RO         7823    .text               mf_p.l(depilogue.o)
    0x08000a14   0x08000a14   0x0000001c   Code   RO          762    i.App_BatMan_AllMainFetsOff  app_batman_config.o
    0x08000a30   0x08000a30   0x0000001c   Code   RO          763    i.App_BatMan_ClearStartupAlarms  app_batman_config.o
    0x08000a4c   0x08000a4c   0x000000f4   Code   RO          764    i.App_BatMan_ConfigBq  app_batman_config.o
    0x08000b40   0x08000b40   0x0000037c   Code   RO          695    i.App_BatMan_Init   app_batman.o
    0x08000ebc   0x08000ebc   0x000000a4   Code   RO          877    i.App_BatMan_InitAlgorithms  app_batman_estimator.o
    0x08000f60   0x08000f60   0x0000000e   Code   RO          823    i.App_BatMan_IsTempValid  app_batman_sample.o
    0x08000f6e   0x08000f6e   0x0000000a   Code   RO          765    i.App_BatMan_KeepMainFetsOff  app_batman_config.o
    0x08000f78   0x08000f78   0x000000ac   Code   RO          824    i.App_BatMan_LoadBqStatus  app_batman_sample.o
    0x08001024   0x08001024   0x000000b4   Code   RO          825    i.App_BatMan_LoadCellsVoltage  app_batman_sample.o
    0x080010d8   0x080010d8   0x000000e8   Code   RO          826    i.App_BatMan_LoadTemperature  app_batman_sample.o
    0x080011c0   0x080011c0   0x000000d0   Code   RO          878    i.App_BatMan_MakeBalanceMask  app_batman_estimator.o
    0x08001290   0x08001290   0x00000020   Code   RO          927    i.App_BatMan_PrintBqCfgEnterFail  app_batman_debug.o
    0x080012b0   0x080012b0   0x00000020   Code   RO          928    i.App_BatMan_PrintBqCfgExitFail  app_batman_debug.o
    0x080012d0   0x080012d0   0x00000020   Code   RO          929    i.App_BatMan_PrintBqCfgWriteFail  app_batman_debug.o
    0x080012f0   0x080012f0   0x00000038   Code   RO          930    i.App_BatMan_PrintBqDeviceFail  app_batman_debug.o
    0x08001328   0x08001328   0x00000024   Code   RO          931    i.App_BatMan_PrintBqFetOffFail  app_batman_debug.o
    0x0800134c   0x0800134c   0x00000030   Code   RO          932    i.App_BatMan_PrintBqOkDev  app_batman_debug.o
    0x0800137c   0x0800137c   0x00000028   Code   RO          933    i.App_BatMan_PrintBqPowerConfig  app_batman_debug.o
    0x080013a4   0x080013a4   0x00000038   Code   RO          934    i.App_BatMan_PrintBqResetFail  app_batman_debug.o
    0x080013dc   0x080013dc   0x00000100   Code   RO          935    i.App_BatMan_PrintDebug  app_batman_debug.o
    0x080014dc   0x080014dc   0x00000030   Code   RO          936    i.App_BatMan_PrintDmWrite16Fail  app_batman_debug.o
    0x0800150c   0x0800150c   0x0000002c   Code   RO          937    i.App_BatMan_PrintDmWrite8Fail  app_batman_debug.o
    0x08001538   0x08001538   0x00000020   Code   RO          938    i.App_BatMan_PrintInitOk  app_batman_debug.o
    0x08001558   0x08001558   0x0000002c   Code   RO          827    i.App_BatMan_ReadDirectU16  app_batman_sample.o
    0x08001584   0x08001584   0x00000020   Code   RO          828    i.App_BatMan_ReadDirectU8  app_batman_sample.o
    0x080015a4   0x080015a4   0x0000000a   Code   RO          696    i.App_BatMan_ReadU16Le  app_batman.o
    0x080015ae   0x080015ae   0x00000002   PAD
    0x080015b0   0x080015b0   0x0000000c   Code   RO          939    i.App_BatMan_ResetDebugState  app_batman_debug.o
    0x080015bc   0x080015bc   0x00000010   Code   RO          879    i.App_BatMan_ResetEstimatorState  app_batman_estimator.o
    0x080015cc   0x080015cc   0x00000028   Code   RO          829    i.App_BatMan_ResetSampleState  app_batman_sample.o
    0x080015f4   0x080015f4   0x00000084   Code   RO          697    i.App_BatMan_ResetState  app_batman.o
    0x08001678   0x08001678   0x000000d0   Code   RO          830    i.App_BatMan_Sample  app_batman_sample.o
    0x08001748   0x08001748   0x00000030   Code   RO          766    i.App_BatMan_SetMainFets  app_batman_config.o
    0x08001778   0x08001778   0x00000028   Code   RO          767    i.App_BatMan_SetPreDischargeFet  app_batman_config.o
    0x080017a0   0x080017a0   0x00000008   Code   RO          940    i.App_BatMan_ShowIicStatus  app_batman_debug.o
    0x080017a8   0x080017a8   0x00000008   Code   RO          941    i.App_BatMan_ShowPowerConfig  app_batman_debug.o
    0x080017b0   0x080017b0   0x00000030   Code   RO          698    i.App_BatMan_Task   app_batman.o
    0x080017e0   0x080017e0   0x00000054   Code   RO          880    i.App_BatMan_UpdateBalance  app_batman_estimator.o
    0x08001834   0x08001834   0x00000020   Code   RO          942    i.App_BatMan_UpdateDebugOutput  app_batman_debug.o
    0x08001854   0x08001854   0x000000b4   Code   RO          881    i.App_BatMan_UpdateHealth  app_batman_estimator.o
    0x08001908   0x08001908   0x00000014   Code   RO          943    i.App_BatMan_UpdateRuntimeOledStatus  app_batman_debug.o
    0x0800191c   0x0800191c   0x000000e0   Code   RO          882    i.App_BatMan_UpdateSoc  app_batman_estimator.o
    0x080019fc   0x080019fc   0x00000034   Code   RO          768    i.App_BatMan_WriteConfigU16  app_batman_config.o
    0x08001a30   0x08001a30   0x00000028   Code   RO          769    i.App_BatMan_WriteConfigU8  app_batman_config.o
    0x08001a58   0x08001a58   0x00000036   Code   RO          770    i.App_BatMan_WriteMainFetControl  app_batman_config.o
    0x08001a8e   0x08001a8e   0x00000008   Code   RO          699    i.App_BatMan_WriteU16Le  app_batman.o
    0x08001a96   0x08001a96   0x00000002   PAD
    0x08001a98   0x08001a98   0x0000011c   Code   RO          569    i.App_Main          app_main.o
    0x08001bb4   0x08001bb4   0x0000010c   Code   RO          570    i.App_Main_Init     app_main.o
    0x08001cc0   0x08001cc0   0x00000010   Code   RO         1095    i.App_OLED_HexNibble  app_oled.o
    0x08001cd0   0x08001cd0   0x0000001c   Code   RO         1096    i.App_OLED_Init     app_oled.o
    0x08001cec   0x08001cec   0x000000cc   Code   RO         1097    i.App_OLED_Render   app_oled.o
    0x08001db8   0x08001db8   0x00000044   Code   RO         1098    i.App_OLED_ShowBqIicPowerConfig  app_oled.o
    0x08001dfc   0x08001dfc   0x0000002c   Code   RO         1099    i.App_OLED_ShowIicStatus  app_oled.o
    0x08001e28   0x08001e28   0x00000054   Code   RO         1141    i.App_Power_Init    app_power.o
    0x08001e7c   0x08001e7c   0x00000060   Code   RO         1144    i.App_Power_SetOutput  app_power.o
    0x08001edc   0x08001edc   0x0000005c   Code   RO         1145    i.App_Power_SetPreDischarge  app_power.o
    0x08001f38   0x08001f38   0x00000014   Code   RO         1146    i.App_Power_SetScWakeCharge  app_power.o
    0x08001f4c   0x08001f4c   0x00000220   Code   RO         1147    i.App_Power_Task    app_power.o
    0x0800216c   0x0800216c   0x00000114   Code   RO         1196    i.App_SC8815_ApplyChargeRequest  app_sc8815.o
    0x08002280   0x08002280   0x00000018   Code   RO         1197    i.App_SC8815_Check  app_sc8815.o
    0x08002298   0x08002298   0x0000000c   Code   RO         1199    i.App_SC8815_GetVbusMv  app_sc8815.o
    0x080022a4   0x080022a4   0x0000001c   Code   RO         1200    i.App_SC8815_HasFault  app_sc8815.o
    0x080022c0   0x080022c0   0x00000080   Code   RO         1201    i.App_SC8815_Init   app_sc8815.o
    0x08002340   0x08002340   0x0000000c   Code   RO         1202    i.App_SC8815_IsAcOk  app_sc8815.o
    0x0800234c   0x0800234c   0x0000008c   Code   RO         1205    i.App_SC8815_PrintDebug  app_sc8815.o
    0x080023d8   0x080023d8   0x0000002c   Code   RO         1206    i.App_SC8815_RequestCharge  app_sc8815.o
    0x08002404   0x08002404   0x00000078   Code   RO         1207    i.App_SC8815_Sample  app_sc8815.o
    0x0800247c   0x0800247c   0x0000001c   Code   RO         1208    i.App_SC8815_SetStandbyMonitor  app_sc8815.o
    0x08002498   0x08002498   0x00000064   Code   RO         1209    i.App_SC8815_Task   app_sc8815.o
    0x080024fc   0x080024fc   0x0000001c   Code   RO          178    i.Bringup_UartPrint  main.o
    0x08002518   0x08002518   0x00000020   Code   RO         1306    i.Com_BQ76952_Temp0p1KToC  com_bq76952.o
    0x08002538   0x08002538   0x00000064   Code   RO         1318    i.Com_BatteryParam_GetSoc0p01ByVoltage  com_batteryparam.o
    0x0800259c   0x0800259c   0x00000014   Code   RO         1335    i.Com_SOC_AbsI32    com_soc.o
    0x080025b0   0x080025b0   0x00000010   Code   RO         1336    i.Com_SOC_AddMs     com_soc.o
    0x080025c0   0x080025c0   0x000000b0   Code   RO         1337    i.Com_SOC_AnchorByVoltage  com_soc.o
    0x08002670   0x08002670   0x000000f0   Code   RO         1338    i.Com_SOC_CheckConfig  com_soc.o
    0x08002760   0x08002760   0x00000024   Code   RO         1339    i.Com_SOC_ClampFloat  com_soc.o
    0x08002784   0x08002784   0x00000014   Code   RO         1340    i.Com_SOC_GetResult  com_soc.o
    0x08002798   0x08002798   0x000000d4   Code   RO         1341    i.Com_SOC_Init      com_soc.o
    0x0800286c   0x0800286c   0x00000044   Code   RO         1342    i.Com_SOC_IsCellSampleValid  com_soc.o
    0x080028b0   0x080028b0   0x000000cc   Code   RO         1343    i.Com_SOC_KalmanByOcv  com_soc.o
    0x0800297c   0x0800297c   0x00000014   Code   RO         1344    i.Com_SOC_MakePositiveI32  com_soc.o
    0x08002990   0x08002990   0x0000006c   Code   RO         1345    i.Com_SOC_Predict   com_soc.o
    0x080029fc   0x080029fc   0x00000130   Code   RO         1346    i.Com_SOC_Update    com_soc.o
    0x08002b2c   0x08002b2c   0x00000044   Code   RO         1347    i.Com_SOC_UpdateConfidence  com_soc.o
    0x08002b70   0x08002b70   0x00000090   Code   RO         1348    i.Com_SOC_UpdateDisplay  com_soc.o
    0x08002c00   0x08002c00   0x00000060   Code   RO         1349    i.Com_SOC_UpdatePublicResult  com_soc.o
    0x08002c60   0x08002c60   0x00000094   Code   RO         1350    i.Com_SOC_UpdateRestState  com_soc.o
    0x08002cf4   0x08002cf4   0x00000024   Code   RO         1429    i.Com_SOH_AddWholeMah  com_soh.o
    0x08002d18   0x08002d18   0x00000014   Code   RO         1430    i.Com_SOH_GetResult  com_soh.o
    0x08002d2c   0x08002d2c   0x0000005c   Code   RO         1431    i.Com_SOH_Init      com_soh.o
    0x08002d88   0x08002d88   0x000000f4   Code   RO         1432    i.Com_SOH_Update    com_soh.o
    0x08002e7c   0x08002e7c   0x00000064   Code   RO         1433    i.Com_SOH_UpdateScore  com_soh.o
    0x08002ee0   0x08002ee0   0x0000000a   Code   RO          472    i.EXTI4_15_IRQHandler  stm32g0xx_it.o
    0x08002eea   0x08002eea   0x00000004   Code   RO          179    i.Error_Handler     main.o
    0x08002eee   0x08002eee   0x00000002   PAD
    0x08002ef0   0x08002ef0   0x00000074   Code   RO         4189    i.FDCAN_CalcultateRamBlockAddresses  stm32g0xx_hal_fdcan.o
    0x08002f64   0x08002f64   0x00000024   Code   RO         5667    i.HAL_Delay         stm32g0xx_hal.o
    0x08002f88   0x08002f88   0x0000005e   Code   RO         4195    i.HAL_FDCAN_ConfigFilter  stm32g0xx_hal_fdcan.o
    0x08002fe6   0x08002fe6   0x00000036   Code   RO         4196    i.HAL_FDCAN_ConfigGlobalFilter  stm32g0xx_hal_fdcan.o
    0x0800301c   0x0800301c   0x000001a4   Code   RO         4234    i.HAL_FDCAN_Init    stm32g0xx_hal_fdcan.o
    0x080031c0   0x080031c0   0x0000007c   Code   RO          271    i.HAL_FDCAN_MspInit  fdcan.o
    0x0800323c   0x0800323c   0x0000002c   Code   RO         4243    i.HAL_FDCAN_Start   stm32g0xx_hal_fdcan.o
    0x08003268   0x08003268   0x00000002   Code   RO         5022    i.HAL_GPIO_EXTI_Falling_Callback  stm32g0xx_hal_gpio.o
    0x0800326a   0x0800326a   0x00000002   PAD
    0x0800326c   0x0800326c   0x00000028   Code   RO         5023    i.HAL_GPIO_EXTI_IRQHandler  stm32g0xx_hal_gpio.o
    0x08003294   0x08003294   0x00000002   Code   RO         5024    i.HAL_GPIO_EXTI_Rising_Callback  stm32g0xx_hal_gpio.o
    0x08003296   0x08003296   0x00000002   PAD
    0x08003298   0x08003298   0x00000164   Code   RO         5025    i.HAL_GPIO_Init     stm32g0xx_hal_gpio.o
    0x080033fc   0x080033fc   0x0000000a   Code   RO         5027    i.HAL_GPIO_ReadPin  stm32g0xx_hal_gpio.o
    0x08003406   0x08003406   0x0000000c   Code   RO         5029    i.HAL_GPIO_WritePin  stm32g0xx_hal_gpio.o
    0x08003412   0x08003412   0x00000002   PAD
    0x08003414   0x08003414   0x0000000c   Code   RO         5671    i.HAL_GetTick       stm32g0xx_hal.o
    0x08003420   0x08003420   0x0000004a   Code   RO         6428    i.HAL_I2CEx_ConfigAnalogFilter  stm32g0xx_hal_i2c_ex.o
    0x0800346a   0x0800346a   0x00000048   Code   RO         6429    i.HAL_I2CEx_ConfigDigitalFilter  stm32g0xx_hal_i2c_ex.o
    0x080034b2   0x080034b2   0x00000004   Code   RO         5968    i.HAL_I2C_GetError  stm32g0xx_hal_i2c.o
    0x080034b6   0x080034b6   0x00000002   PAD
    0x080034b8   0x080034b8   0x000000bc   Code   RO         5971    i.HAL_I2C_Init      stm32g0xx_hal_i2c.o
    0x08003574   0x08003574   0x00000104   Code   RO         5972    i.HAL_I2C_IsDeviceReady  stm32g0xx_hal_i2c.o
    0x08003678   0x08003678   0x00000138   Code   RO         5984    i.HAL_I2C_Master_Transmit  stm32g0xx_hal_i2c.o
    0x080037b0   0x080037b0   0x00000154   Code   RO         5989    i.HAL_I2C_Mem_Read  stm32g0xx_hal_i2c.o
    0x08003904   0x08003904   0x0000014c   Code   RO         5992    i.HAL_I2C_Mem_Write  stm32g0xx_hal_i2c.o
    0x08003a50   0x08003a50   0x000000c8   Code   RO          309    i.HAL_I2C_MspInit   i2c.o
    0x08003b18   0x08003b18   0x00000010   Code   RO         5677    i.HAL_IncTick       stm32g0xx_hal.o
    0x08003b28   0x08003b28   0x00000028   Code   RO         5678    i.HAL_Init          stm32g0xx_hal.o
    0x08003b50   0x08003b50   0x0000009c   Code   RO          534    i.HAL_InitTick      stm32g0xx_hal_timebase_tim.o
    0x08003bec   0x08003bec   0x00000034   Code   RO          514    i.HAL_MspInit       stm32g0xx_hal_msp.o
    0x08003c20   0x08003c20   0x00000018   Code   RO         5545    i.HAL_NVIC_EnableIRQ  stm32g0xx_hal_cortex.o
    0x08003c38   0x08003c38   0x00000008   Code   RO         5549    i.HAL_NVIC_SetPriority  stm32g0xx_hal_cortex.o
    0x08003c40   0x08003c40   0x0000004c   Code   RO         5322    i.HAL_PWREx_ControlVoltageScaling  stm32g0xx_hal_pwr_ex.o
    0x08003c8c   0x08003c8c   0x00000010   Code   RO         5239    i.HAL_PWR_EnableBkUpAccess  stm32g0xx_hal_pwr.o
    0x08003c9c   0x08003c9c   0x00000280   Code   RO         4701    i.HAL_RCCEx_PeriphCLKConfig  stm32g0xx_hal_rcc_ex.o
    0x08003f1c   0x08003f1c   0x00000158   Code   RO         4576    i.HAL_RCC_ClockConfig  stm32g0xx_hal_rcc.o
    0x08004074   0x08004074   0x00000038   Code   RO         4581    i.HAL_RCC_GetClockConfig  stm32g0xx_hal_rcc.o
    0x080040ac   0x080040ac   0x00000028   Code   RO         4584    i.HAL_RCC_GetPCLK1Freq  stm32g0xx_hal_rcc.o
    0x080040d4   0x080040d4   0x0000008c   Code   RO         4586    i.HAL_RCC_GetSysClockFreq  stm32g0xx_hal_rcc.o
    0x08004160   0x08004160   0x00000436   Code   RO         4590    i.HAL_RCC_OscConfig  stm32g0xx_hal_rcc.o
    0x08004596   0x08004596   0x00000002   PAD
    0x08004598   0x08004598   0x000000b0   Code   RO         6491    i.HAL_RTC_Init      stm32g0xx_hal_rtc.o
    0x08004648   0x08004648   0x00000058   Code   RO          353    i.HAL_RTC_MspInit   rtc.o
    0x080046a0   0x080046a0   0x00000034   Code   RO         6499    i.HAL_RTC_WaitForSynchro  stm32g0xx_hal_rtc.o
    0x080046d4   0x080046d4   0x00000014   Code   RO         5691    i.HAL_SYSCFG_StrobeDBattpinsConfig  stm32g0xx_hal.o
    0x080046e8   0x080046e8   0x00000002   Code   RO         3890    i.HAL_TIMEx_Break2Callback  stm32g0xx_hal_tim_ex.o
    0x080046ea   0x080046ea   0x00000002   Code   RO         3891    i.HAL_TIMEx_BreakCallback  stm32g0xx_hal_tim_ex.o
    0x080046ec   0x080046ec   0x00000002   Code   RO         3892    i.HAL_TIMEx_CommutCallback  stm32g0xx_hal_tim_ex.o
    0x080046ee   0x080046ee   0x00000002   PAD
    0x080046f0   0x080046f0   0x0000007c   Code   RO         3913    i.HAL_TIMEx_MasterConfigSynchronization  stm32g0xx_hal_tim_ex.o
    0x0800476c   0x0800476c   0x0000004c   Code   RO         3180    i.HAL_TIM_Base_Init  stm32g0xx_hal_tim.o
    0x080047b8   0x080047b8   0x00000024   Code   RO          391    i.HAL_TIM_Base_MspInit  tim.o
    0x080047dc   0x080047dc   0x0000006c   Code   RO         3185    i.HAL_TIM_Base_Start_IT  stm32g0xx_hal_tim.o
    0x08004848   0x08004848   0x000000e0   Code   RO         3189    i.HAL_TIM_ConfigClockSource  stm32g0xx_hal_tim.o
    0x08004928   0x08004928   0x00000002   Code   RO         3214    i.HAL_TIM_IC_CaptureCallback  stm32g0xx_hal_tim.o
    0x0800492a   0x0800492a   0x00000002   PAD
    0x0800492c   0x0800492c   0x00000148   Code   RO         3228    i.HAL_TIM_IRQHandler  stm32g0xx_hal_tim.o
    0x08004a74   0x08004a74   0x00000050   Code   RO          392    i.HAL_TIM_MspPostInit  tim.o
    0x08004ac4   0x08004ac4   0x00000002   Code   RO         3231    i.HAL_TIM_OC_DelayElapsedCallback  stm32g0xx_hal_tim.o
    0x08004ac6   0x08004ac6   0x00000128   Code   RO         3252    i.HAL_TIM_PWM_ConfigChannel  stm32g0xx_hal_tim.o
    0x08004bee   0x08004bee   0x0000004c   Code   RO         3255    i.HAL_TIM_PWM_Init  stm32g0xx_hal_tim.o
    0x08004c3a   0x08004c3a   0x00000002   Code   RO         3257    i.HAL_TIM_PWM_MspInit  stm32g0xx_hal_tim.o
    0x08004c3c   0x08004c3c   0x00000002   Code   RO         3258    i.HAL_TIM_PWM_PulseFinishedCallback  stm32g0xx_hal_tim.o
    0x08004c3e   0x08004c3e   0x00000002   PAD
    0x08004c40   0x08004c40   0x00000014   Code   RO          180    i.HAL_TIM_PeriodElapsedCallback  main.o
    0x08004c54   0x08004c54   0x00000002   Code   RO         3271    i.HAL_TIM_TriggerCallback  stm32g0xx_hal_tim.o
    0x08004c56   0x08004c56   0x0000003c   Code   RO         7340    i.HAL_UARTEx_DisableFifoMode  stm32g0xx_hal_uart_ex.o
    0x08004c92   0x08004c92   0x00000048   Code   RO         7349    i.HAL_UARTEx_SetRxFifoThreshold  stm32g0xx_hal_uart_ex.o
    0x08004cda   0x08004cda   0x00000046   Code   RO         7350    i.HAL_UARTEx_SetTxFifoThreshold  stm32g0xx_hal_uart_ex.o
    0x08004d20   0x08004d20   0x0000006c   Code   RO         6953    i.HAL_UART_Init     stm32g0xx_hal_uart.o
    0x08004d8c   0x08004d8c   0x00000080   Code   RO          435    i.HAL_UART_MspInit  usart.o
    0x08004e0c   0x08004e0c   0x000000d6   Code   RO         6962    i.HAL_UART_Transmit  stm32g0xx_hal_uart.o
    0x08004ee2   0x08004ee2   0x00000002   Code   RO          473    i.HardFault_Handler  stm32g0xx_it.o
    0x08004ee4   0x08004ee4   0x00000022   Code   RO         6018    i.I2C_Flush_TXDR    stm32g0xx_hal_i2c.o
    0x08004f06   0x08004f06   0x00000002   PAD
    0x08004f08   0x08004f08   0x00000110   Code   RO         6026    i.I2C_IsErrorOccurred  stm32g0xx_hal_i2c.o
    0x08005018   0x08005018   0x00000060   Code   RO         6031    i.I2C_RequestMemoryRead  stm32g0xx_hal_i2c.o
    0x08005078   0x08005078   0x00000060   Code   RO         6032    i.I2C_RequestMemoryWrite  stm32g0xx_hal_i2c.o
    0x080050d8   0x080050d8   0x0000002c   Code   RO         6035    i.I2C_TransferConfig  stm32g0xx_hal_i2c.o
    0x08005104   0x08005104   0x00000072   Code   RO         6037    i.I2C_WaitOnFlagUntilTimeout  stm32g0xx_hal_i2c.o
    0x08005176   0x08005176   0x00000056   Code   RO         6039    i.I2C_WaitOnSTOPFlagUntilTimeout  stm32g0xx_hal_i2c.o
    0x080051cc   0x080051cc   0x0000005a   Code   RO         6040    i.I2C_WaitOnTXISFlagUntilTimeout  stm32g0xx_hal_i2c.o
    0x08005226   0x08005226   0x00000002   PAD
    0x08005228   0x08005228   0x00000018   Code   RO         1622    i.Inf_OLED_Clear    int_oled.o
    0x08005240   0x08005240   0x00000030   Code   RO         1629    i.Inf_OLED_DrawPoint  int_oled.o
    0x08005270   0x08005270   0x000000f0   Code   RO         1631    i.Inf_OLED_Init     int_oled.o
    0x08005360   0x08005360   0x00000048   Code   RO         1633    i.Inf_OLED_Refresh  int_oled.o
    0x080053a8   0x080053a8   0x000000f0   Code   RO         1635    i.Inf_OLED_ShowChar  int_oled.o
    0x08005498   0x08005498   0x00000046   Code   RO         1639    i.Inf_OLED_ShowString  int_oled.o
    0x080054de   0x080054de   0x00000002   PAD
    0x080054e0   0x080054e0   0x00000028   Code   RO         1640    i.Inf_OLED_WR_Byte  int_oled.o
    0x08005508   0x08005508   0x00000020   Code   RO         1467    i.Int_BQ76952_BufferChecksum  int_bq76952.o
    0x08005528   0x08005528   0x00000010   Code   RO         1468    i.Int_BQ76952_CheckLen  int_bq76952.o
    0x08005538   0x08005538   0x00000032   Code   RO         1469    i.Int_BQ76952_Crc8  int_bq76952.o
    0x0800556a   0x0800556a   0x00000036   Code   RO         1470    i.Int_BQ76952_EnterConfigUpdate  int_bq76952.o
    0x080055a0   0x080055a0   0x00000032   Code   RO         1471    i.Int_BQ76952_ExitConfigUpdate  int_bq76952.o
    0x080055d2   0x080055d2   0x00000002   PAD
    0x080055d4   0x080055d4   0x0000000c   Code   RO         1472    i.Int_BQ76952_GetLastHalError  int_bq76952.o
    0x080055e0   0x080055e0   0x0000000c   Code   RO         1473    i.Int_BQ76952_InitBoard  int_bq76952.o
    0x080055ec   0x080055ec   0x0000000c   Code   RO         1475    i.Int_BQ76952_IsCrcEnabled  int_bq76952.o
    0x080055f8   0x080055f8   0x00000026   Code   RO         1477    i.Int_BQ76952_ReadCfgUpdateBit  int_bq76952.o
    0x0800561e   0x0800561e   0x00000036   Code   RO         1478    i.Int_BQ76952_ReadDataMemory  int_bq76952.o
    0x08005654   0x08005654   0x00000100   Code   RO         1479    i.Int_BQ76952_ReadDirect  int_bq76952.o
    0x08005754   0x08005754   0x00000036   Code   RO         1480    i.Int_BQ76952_ReadSubcommand  int_bq76952.o
    0x0800578a   0x0800578a   0x00000002   PAD
    0x0800578c   0x0800578c   0x00000200   Code   RO         1481    i.Int_BQ76952_ReadTransfer  int_bq76952.o
    0x0800598c   0x0800598c   0x00000018   Code   RO         1482    i.Int_BQ76952_RecordHalError  int_bq76952.o
    0x080059a4   0x080059a4   0x0000000a   Code   RO         1483    i.Int_BQ76952_Reset  int_bq76952.o
    0x080059ae   0x080059ae   0x00000014   Code   RO         1484    i.Int_BQ76952_SendSubcommand  int_bq76952.o
    0x080059c2   0x080059c2   0x00000014   Code   RO         1485    i.Int_BQ76952_SetBalanceMask  int_bq76952.o
    0x080059d6   0x080059d6   0x00000002   PAD
    0x080059d8   0x080059d8   0x0000000c   Code   RO         1486    i.Int_BQ76952_SetCrcEnabled  int_bq76952.o
    0x080059e4   0x080059e4   0x00000066   Code   RO         1488    i.Int_BQ76952_WriteDataMemory  int_bq76952.o
    0x08005a4a   0x08005a4a   0x00000002   PAD
    0x08005a4c   0x08005a4c   0x000000a8   Code   RO         1489    i.Int_BQ76952_WriteDirect  int_bq76952.o
    0x08005af4   0x08005af4   0x00000066   Code   RO         1490    i.Int_BQ76952_WriteSubcommandData  int_bq76952.o
    0x08005b5a   0x08005b5a   0x00000002   PAD
    0x08005b5c   0x08005b5c   0x0000005c   Code   RO         1944    i.Int_Button_Init   int_button.o
    0x08005bb8   0x08005bb8   0x00000018   Code   RO         1947    i.Int_Button_ReadLevel  int_button.o
    0x08005bd0   0x08005bd0   0x00000040   Code   RO         1948    i.Int_Button_Task   int_button.o
    0x08005c10   0x08005c10   0x00000074   Code   RO         2085    i.Int_CanFd_Init    int_canfd.o
    0x08005c84   0x08005c84   0x0000000a   Code   RO         2196    i.Int_EEPROM_Init   int_eeprom.o
    0x08005c8e   0x08005c8e   0x00000002   PAD
    0x08005c90   0x08005c90   0x00000040   Code   RO         2200    i.Int_EEPROM_WaitReady  int_eeprom.o
    0x08005cd0   0x08005cd0   0x0000004c   Code   RO         2147    i.Int_Led_Init      int_led.o
    0x08005d1c   0x08005d1c   0x00000014   Code   RO         1754    i.Int_SC8815_BusStart  int_sc8815.o
    0x08005d30   0x08005d30   0x00000010   Code   RO         1755    i.Int_SC8815_BusStop  int_sc8815.o
    0x08005d40   0x08005d40   0x0000003a   Code   RO         1756    i.Int_SC8815_BusWriteByte  int_sc8815.o
    0x08005d7a   0x08005d7a   0x00000010   Code   RO         1757    i.Int_SC8815_CheckReservedBits  int_sc8815.o
    0x08005d8a   0x08005d8a   0x00000002   PAD
    0x08005d8c   0x08005d8c   0x00000018   Code   RO         1758    i.Int_SC8815_CurrentLimitCodeToMa  int_sc8815.o
    0x08005da4   0x08005da4   0x0000002a   Code   RO         1759    i.Int_SC8815_GetBusLevels  int_sc8815.o
    0x08005dce   0x08005dce   0x00000002   PAD
    0x08005dd0   0x08005dd0   0x00000130   Code   RO         1760    i.Int_SC8815_GuardWrite  int_sc8815.o
    0x08005f00   0x08005f00   0x00000010   Code   RO         1761    i.Int_SC8815_IicDelay  int_sc8815.o
    0x08005f10   0x08005f10   0x00000028   Code   RO         1762    i.Int_SC8815_IicSclHigh  int_sc8815.o
    0x08005f38   0x08005f38   0x00000028   Code   RO         1763    i.Int_SC8815_IicSclLow  int_sc8815.o
    0x08005f60   0x08005f60   0x00000028   Code   RO         1764    i.Int_SC8815_IicSdaHigh  int_sc8815.o
    0x08005f88   0x08005f88   0x00000028   Code   RO         1765    i.Int_SC8815_IicSdaLow  int_sc8815.o
    0x08005fb0   0x08005fb0   0x00000024   Code   RO         1766    i.Int_SC8815_IicSdaRead  int_sc8815.o
    0x08005fd4   0x08005fd4   0x00000074   Code   RO         1767    i.Int_SC8815_InitGpio  int_sc8815.o
    0x08006048   0x08006048   0x0000006c   Code   RO         1768    i.Int_SC8815_InitSafe  int_sc8815.o
    0x080060b4   0x080060b4   0x0000000c   Code   RO         1769    i.Int_SC8815_IsIicLineSwapped  int_sc8815.o
    0x080060c0   0x080060c0   0x00000060   Code   RO         1770    i.Int_SC8815_ReadAdcCurrentMa  int_sc8815.o
    0x08006120   0x08006120   0x0000004e   Code   RO         1771    i.Int_SC8815_ReadAdcRaw  int_sc8815.o
    0x0800616e   0x0800616e   0x0000003c   Code   RO         1772    i.Int_SC8815_ReadAdcVoltageMv  int_sc8815.o
    0x080061aa   0x080061aa   0x00000002   PAD
    0x080061ac   0x080061ac   0x00000030   Code   RO         1774    i.Int_SC8815_ReadRegRaw  int_sc8815.o
    0x080061dc   0x080061dc   0x00000092   Code   RO         1775    i.Int_SC8815_ReadRegRawOnce  int_sc8815.o
    0x0800626e   0x0800626e   0x00000042   Code   RO         1776    i.Int_SC8815_ReadStatus  int_sc8815.o
    0x080062b0   0x080062b0   0x00000018   Code   RO         1777    i.Int_SC8815_SetAdcEnabled  int_sc8815.o
    0x080062c8   0x080062c8   0x00000018   Code   RO         1778    i.Int_SC8815_SetChipEnabled  int_sc8815.o
    0x080062e0   0x080062e0   0x00000084   Code   RO         1779    i.Int_SC8815_SetCurrentLimitMa  int_sc8815.o
    0x08006364   0x08006364   0x00000020   Code   RO         1780    i.Int_SC8815_SetStandby  int_sc8815.o
    0x08006384   0x08006384   0x00000036   Code   RO         1781    i.Int_SC8815_UpdateReg  int_sc8815.o
    0x080063ba   0x080063ba   0x0000002a   Code   RO         1782    i.Int_SC8815_WriteReg  int_sc8815.o
    0x080063e4   0x080063e4   0x00000030   Code   RO         1783    i.Int_SC8815_WriteRegRaw  int_sc8815.o
    0x08006414   0x08006414   0x00000046   Code   RO         1784    i.Int_SC8815_WriteRegRawOnce  int_sc8815.o
    0x0800645a   0x0800645a   0x00000002   PAD
    0x0800645c   0x0800645c   0x00000050   Code   RO          272    i.MX_FDCAN1_Init    fdcan.o
    0x080064ac   0x080064ac   0x00000110   Code   RO          250    i.MX_GPIO_Init      gpio.o
    0x080065bc   0x080065bc   0x00000058   Code   RO          310    i.MX_I2C1_Init      i2c.o
    0x08006614   0x08006614   0x00000058   Code   RO          311    i.MX_I2C2_Init      i2c.o
    0x0800666c   0x0800666c   0x00000038   Code   RO          354    i.MX_RTC_Init       rtc.o
    0x080066a4   0x080066a4   0x000000a8   Code   RO          393    i.MX_TIM3_Init      tim.o
    0x0800674c   0x0800674c   0x00000068   Code   RO          436    i.MX_USART1_UART_Init  usart.o
    0x080067b4   0x080067b4   0x00000002   Code   RO          474    i.NMI_Handler       stm32g0xx_it.o
    0x080067b6   0x080067b6   0x00000044   Code   RO         6502    i.RTC_EnterInitMode  stm32g0xx_hal_rtc.o
    0x080067fa   0x080067fa   0x00000002   PAD
    0x080067fc   0x080067fc   0x00000050   Code   RO         6503    i.RTC_ExitInitMode  stm32g0xx_hal_rtc.o
    0x0800684c   0x0800684c   0x00000002   Code   RO         3037    i.SVC_Handler       port.o
    0x0800684e   0x0800684e   0x00000002   PAD
    0x08006850   0x08006850   0x00000024   Code   RO         3038    i.SysTick_Handler   port.o
    0x08006874   0x08006874   0x00000084   Code   RO          181    i.SystemClock_Config  main.o
    0x080068f8   0x080068f8   0x00000002   Code   RO         7455    i.SystemInit        system_stm32g0xx.o
    0x080068fa   0x080068fa   0x00000002   PAD
    0x080068fc   0x080068fc   0x00000010   Code   RO          475    i.TIM14_IRQHandler  stm32g0xx_it.o
    0x0800690c   0x0800690c   0x000000b4   Code   RO         3273    i.TIM_Base_SetConfig  stm32g0xx_hal_tim.o
    0x080069c0   0x080069c0   0x00000016   Code   RO         3284    i.TIM_ETR_SetConfig  stm32g0xx_hal_tim.o
    0x080069d6   0x080069d6   0x00000002   PAD
    0x080069d8   0x080069d8   0x00000014   Code   RO         3285    i.TIM_ITRx_SetConfig  stm32g0xx_hal_tim.o
    0x080069ec   0x080069ec   0x00000090   Code   RO         3286    i.TIM_OC1_SetConfig  stm32g0xx_hal_tim.o
    0x08006a7c   0x08006a7c   0x00000088   Code   RO         3287    i.TIM_OC2_SetConfig  stm32g0xx_hal_tim.o
    0x08006b04   0x08006b04   0x00000088   Code   RO         3288    i.TIM_OC3_SetConfig  stm32g0xx_hal_tim.o
    0x08006b8c   0x08006b8c   0x00000074   Code   RO         3289    i.TIM_OC4_SetConfig  stm32g0xx_hal_tim.o
    0x08006c00   0x08006c00   0x00000068   Code   RO         3290    i.TIM_OC5_SetConfig  stm32g0xx_hal_tim.o
    0x08006c68   0x08006c68   0x0000006c   Code   RO         3291    i.TIM_OC6_SetConfig  stm32g0xx_hal_tim.o
    0x08006cd4   0x08006cd4   0x00000054   Code   RO         3293    i.TIM_TI1_ConfigInputStage  stm32g0xx_hal_tim.o
    0x08006d28   0x08006d28   0x00000038   Code   RO         3295    i.TIM_TI2_ConfigInputStage  stm32g0xx_hal_tim.o
    0x08006d60   0x08006d60   0x00000044   Code   RO         7354    i.UARTEx_SetNbDataToProcess  stm32g0xx_hal_uart_ex.o
    0x08006da4   0x08006da4   0x000000ca   Code   RO         6967    i.UART_AdvFeatureConfig  stm32g0xx_hal_uart.o
    0x08006e6e   0x08006e6e   0x00000002   PAD
    0x08006e70   0x08006e70   0x000000b8   Code   RO         6968    i.UART_CheckIdleState  stm32g0xx_hal_uart.o
    0x08006f28   0x08006f28   0x00000064   Code   RO         6979    i.UART_EndRxTransfer  stm32g0xx_hal_uart.o
    0x08006f8c   0x08006f8c   0x00000294   Code   RO         6985    i.UART_SetConfig    stm32g0xx_hal_uart.o
    0x08007220   0x08007220   0x00000090   Code   RO         6992    i.UART_WaitOnFlagUntilTimeout  stm32g0xx_hal_uart.o
    0x080072b0   0x080072b0   0x00000020   Code   RO         7740    i.__0printf         mc_p.l(printfa.o)
    0x080072d0   0x080072d0   0x0000002e   Code   RO         7825    i.__ARM_clz         mf_p.l(depilogue.o)
    0x080072fe   0x080072fe   0x00000002   PAD
    0x08007300   0x08007300   0x00000044   Code   RO         5555    i.__NVIC_SetPriority  stm32g0xx_hal_cortex.o
    0x08007344   0x08007344   0x0000000e   Code   RO         7829    i.__scatterload_copy  mc_p.l(handlers.o)
    0x08007352   0x08007352   0x00000002   Code   RO         7830    i.__scatterload_null  mc_p.l(handlers.o)
    0x08007354   0x08007354   0x0000000e   Code   RO         7831    i.__scatterload_zeroinit  mc_p.l(handlers.o)
    0x08007362   0x08007362   0x00000002   PAD
    0x08007364   0x08007364   0x00000174   Code   RO         7747    i._fp_digits        mc_p.l(printfa.o)
    0x080074d8   0x080074d8   0x000006f0   Code   RO         7748    i._printf_core      mc_p.l(printfa.o)
    0x08007bc8   0x08007bc8   0x00000020   Code   RO         7749    i._printf_post_padding  mc_p.l(printfa.o)
    0x08007be8   0x08007be8   0x0000002c   Code   RO         7750    i._printf_pre_padding  mc_p.l(printfa.o)
    0x08007c14   0x08007c14   0x00000018   Code   RO          571    i.batman_task       app_main.o
    0x08007c2c   0x08007c2c   0x00000010   Code   RO          572    i.board_io_task     app_main.o
    0x08007c3c   0x08007c3c   0x00000008   Code   RO          573    i.can_task          app_main.o
    0x08007c44   0x08007c44   0x0000000c   Code   RO          574    i.display_task      app_main.o
    0x08007c50   0x08007c50   0x00000020   Code   RO           14    i.fputc             retarget.o
    0x08007c70   0x08007c70   0x00000098   Code   RO          182    i.main              main.o
    0x08007d08   0x08007d08   0x0000000c   Code   RO          575    i.nvm_task          app_main.o
    0x08007d14   0x08007d14   0x00000058   Code   RO         2264    i.prvAddCurrentTaskToDelayedList  tasks.o
    0x08007d6c   0x08007d6c   0x000000b8   Code   RO         2265    i.prvAddNewTaskToReadyList  tasks.o
    0x08007e24   0x08007e24   0x00000026   Code   RO         2597    i.prvCopyDataFromQueue  queue.o
    0x08007e4a   0x08007e4a   0x00000070   Code   RO         2598    i.prvCopyDataToQueue  queue.o
    0x08007eba   0x08007eba   0x00000012   Code   RO         2266    i.prvDeleteTCB      tasks.o
    0x08007ecc   0x08007ecc   0x00000044   Code   RO         3115    i.prvHeapInit       heap_4.o
    0x08007f10   0x08007f10   0x00000048   Code   RO         2267    i.prvIdleTask       tasks.o
    0x08007f58   0x08007f58   0x00000088   Code   RO         2268    i.prvInitialiseNewTask  tasks.o
    0x08007fe0   0x08007fe0   0x0000004c   Code   RO         3116    i.prvInsertBlockIntoFreeList  heap_4.o
    0x0800802c   0x0800802c   0x0000001c   Code   RO         2599    i.prvIsQueueEmpty   queue.o
    0x08008048   0x08008048   0x00000020   Code   RO         2269    i.prvResetNextTaskUnblockTime  tasks.o
    0x08008068   0x08008068   0x00000014   Code   RO         3039    i.prvTaskExitError  port.o
    0x0800807c   0x0800807c   0x00000070   Code   RO         2600    i.prvUnlockQueue    queue.o
    0x080080ec   0x080080ec   0x000000b0   Code   RO         3117    i.pvPortMalloc      heap_4.o
    0x0800819c   0x0800819c   0x00000020   Code   RO         3040    i.pxPortInitialiseStack  port.o
    0x080081bc   0x080081bc   0x00000012   Code   RO          576    i.sc8815_task       app_main.o
    0x080081ce   0x080081ce   0x00000026   Code   RO         2742    i.uxListRemove      list.o
    0x080081f4   0x080081f4   0x00000016   Code   RO         2743    i.vListInitialise   list.o
    0x0800820a   0x0800820a   0x00000006   Code   RO         2744    i.vListInitialiseItem  list.o
    0x08008210   0x08008210   0x00000030   Code   RO         2745    i.vListInsert       list.o
    0x08008240   0x08008240   0x00000018   Code   RO         2746    i.vListInsertEnd    list.o
    0x08008258   0x08008258   0x00000018   Code   RO         3042    i.vPortEnterCritical  port.o
    0x08008270   0x08008270   0x00000018   Code   RO         3043    i.vPortExitCritical  port.o
    0x08008288   0x08008288   0x00000044   Code   RO         3118    i.vPortFree         heap_4.o
    0x080082cc   0x080082cc   0x00000028   Code   RO         3044    i.vPortSetupTimerInterrupt  port.o
    0x080082f4   0x080082f4   0x00000018   Code   RO         3045    i.vPortYield        port.o
    0x0800830c   0x0800830c   0x00000030   Code   RO         2278    i.vTaskDelay        tasks.o
    0x0800833c   0x0800833c   0x00000010   Code   RO         2282    i.vTaskInternalSetTimeOutState  tasks.o
    0x0800834c   0x0800834c   0x0000000c   Code   RO         2283    i.vTaskMissedYield  tasks.o
    0x08008358   0x08008358   0x00000024   Code   RO         2285    i.vTaskPlaceOnEventList  tasks.o
    0x0800837c   0x0800837c   0x00000048   Code   RO         2292    i.vTaskStartScheduler  tasks.o
    0x080083c4   0x080083c4   0x00000010   Code   RO         2294    i.vTaskSuspendAll   tasks.o
    0x080083d4   0x080083d4   0x00000054   Code   RO         2295    i.vTaskSwitchContext  tasks.o
    0x08008428   0x08008428   0x00000030   Code   RO         3046    i.xPortStartScheduler  port.o
    0x08008458   0x08008458   0x00000034   Code   RO         2607    i.xQueueGenericCreate  queue.o
    0x0800848c   0x0800848c   0x0000006a   Code   RO         2608    i.xQueueGenericReset  queue.o
    0x080084f6   0x080084f6   0x00000110   Code   RO         2609    i.xQueueGenericSend  queue.o
    0x08008606   0x08008606   0x000000fc   Code   RO         2616    i.xQueueReceive     queue.o
    0x08008702   0x08008702   0x00000002   PAD
    0x08008704   0x08008704   0x00000058   Code   RO         2297    i.xTaskCheckForTimeOut  tasks.o
    0x0800875c   0x0800875c   0x0000004e   Code   RO         2298    i.xTaskCreate       tasks.o
    0x080087aa   0x080087aa   0x00000002   PAD
    0x080087ac   0x080087ac   0x00000020   Code   RO         2302    i.xTaskGetSchedulerState  tasks.o
    0x080087cc   0x080087cc   0x000000bc   Code   RO         2305    i.xTaskIncrementTick  tasks.o
    0x08008888   0x08008888   0x00000064   Code   RO         2308    i.xTaskPriorityDisinherit  tasks.o
    0x080088ec   0x080088ec   0x00000060   Code   RO         2310    i.xTaskRemoveFromEventList  tasks.o
    0x0800894c   0x0800894c   0x000000ac   Code   RO         2311    i.xTaskResumeAll    tasks.o
    0x080089f8   0x080089f8   0x00000006   Data   RO          831    .constdata          app_batman_sample.o
    0x080089fe   0x080089fe   0x0000000c   Data   RO          883    .constdata          app_batman_estimator.o
    0x08008a0a   0x08008a0a   0x00000030   Data   RO         1319    .constdata          com_batteryparam.o
    0x08008a3a   0x08008a3a   0x00001a88   Data   RO         1642    .constdata          int_oled.o
    0x0800a4c2   0x0800a4c2   0x00000018   Data   RO         6993    .constdata          stm32g0xx_hal_uart.o
    0x0800a4da   0x0800a4da   0x00000010   Data   RO         7355    .constdata          stm32g0xx_hal_uart_ex.o
    0x0800a4ea   0x0800a4ea   0x00000002   PAD
    0x0800a4ec   0x0800a4ec   0x00000040   Data   RO         7456    .constdata          system_stm32g0xx.o
    0x0800a52c   0x0800a52c   0x00000020   Data   RO         7457    .constdata          system_stm32g0xx.o
    0x0800a54c   0x0800a54c   0x00000048   Data   RO          183    .conststring        main.o
    0x0800a594   0x0800a594   0x0000009a   Data   RO          944    .conststring        app_batman_debug.o
    0x0800a62e   0x0800a62e   0x00000002   PAD
    0x0800a630   0x0800a630   0x0000005d   Data   RO         1148    .conststring        app_power.o
    0x0800a68d   0x0800a68d   0x00000003   PAD
    0x0800a690   0x0800a690   0x00000085   Data   RO         1211    .conststring        app_sc8815.o
    0x0800a715   0x0800a715   0x00000003   PAD
    0x0800a718   0x0800a718   0x000000cd   Data   RO         1491    .conststring        int_bq76952.o
    0x0800a7e5   0x0800a7e5   0x00000003   PAD
    0x0800a7e8   0x0800a7e8   0x00000020   Data   RO         7827    Region$$Table       anon$$obj.o


    Execution Region RW_IRAM1 (Exec base: 0x20000000, Load base: 0x0800a808, Size: 0x00008dd0, Max: 0x00024000, ABSOLUTE)

    Exec Addr    Load Addr    Size         Type   Attr      Idx    E Section Name        Object

    0x20000000   0x0800a808   0x00000004   Data   RW           15    .data               retarget.o
    0x20000004   0x0800a80c   0x0000005c   Data   RW          701    .data               app_batman.o
    0x20000060   0x0800a868   0x00000001   Data   RW          702    .data               app_batman.o
    0x20000061   0x0800a869   0x00000001   Data   RW          703    .data               app_batman.o
    0x20000062   0x0800a86a   0x00000001   Data   RW          704    .data               app_batman.o
    0x20000063   0x0800a86b   0x00000002   Data   RW          832    .data               app_batman_sample.o
    0x20000065   0x0800a86d   0x00000003   PAD
    0x20000068   0x0800a870   0x00000008   Data   RW          884    .data               app_batman_estimator.o
    0x20000070   0x0800a878   0x00000004   Data   RW          945    .data               app_batman_debug.o
    0x20000074   0x0800a87c   0x00000006   Data   RW         1100    .data               app_oled.o
    0x2000007a   0x0800a882   0x00000002   PAD
    0x2000007c   0x0800a884   0x00000014   Data   RW         1149    .data               app_power.o
    0x20000090   0x0800a898   0x00000008   Data   RW         1212    .data               app_sc8815.o
    0x20000098   0x0800a8a0   0x00000008   Data   RW         1492    .data               int_bq76952.o
    0x200000a0   0x0800a8a8   0x00000002   Data   RW         1785    .data               int_sc8815.o
    0x200000a2   0x0800a8aa   0x00000002   PAD
    0x200000a4   0x0800a8ac   0x0000000c   Data   RW         1951    .data               int_button.o
    0x200000b0   0x0800a8b8   0x00000001   Data   RW         2091    .data               int_canfd.o
    0x200000b1   0x0800a8b9   0x00000001   Data   RW         2203    .data               int_eeprom.o
    0x200000b2   0x0800a8ba   0x00000002   PAD
    0x200000b4   0x0800a8bc   0x0000003c   Data   RW         2314    .data               tasks.o
    0x200000f0   0x0800a8f8   0x00000004   Data   RW         3047    .data               port.o
    0x200000f4   0x0800a8fc   0x00000020   Data   RW         3124    .data               heap_4.o
    0x20000114   0x0800a91c   0x0000000c   Data   RW         5697    .data               stm32g0xx_hal.o
    0x20000120   0x0800a928   0x00000004   Data   RW         7458    .data               system_stm32g0xx.o
    0x20000124        -       0x00000064   Zero   RW          273    .bss                fdcan.o
    0x20000188        -       0x000000a8   Zero   RW          312    .bss                i2c.o
    0x20000230        -       0x0000002c   Zero   RW          355    .bss                rtc.o
    0x2000025c        -       0x0000004c   Zero   RW          394    .bss                tim.o
    0x200002a8        -       0x00000094   Zero   RW          437    .bss                usart.o
    0x2000033c        -       0x0000004c   Zero   RW          537    .bss                stm32g0xx_hal_timebase_tim.o
    0x20000388        -       0x0000000c   Zero   RW          700    .bss                app_batman.o
    0x20000394        -       0x00000020   Zero   RW         1210    .bss                app_sc8815.o
    0x200003b4        -       0x0000009c   Zero   RW         1351    .bss                com_soc.o
    0x20000450        -       0x00000034   Zero   RW         1434    .bss                com_soh.o
    0x20000484        -       0x00000480   Zero   RW         1641    .bss                int_oled.o
    0x20000904        -       0x000000c8   Zero   RW         2313    .bss                tasks.o
    0x200009cc        -       0x00008000   Zero   RW         3123    .bss                heap_4.o
    0x200089cc   0x0800a92c   0x00000004   PAD
    0x200089d0        -       0x00000400   Zero   RW            1    STACK               startup_stm32g0b1xx.o


==============================================================================

Image component sizes


      Code (inc. data)   RO Data    RW Data    ZI Data      Debug   Object Name

      1090        530          0         95         12       8981   app_batman.o
       544         38          0          0          0       6864   app_batman_config.o
       792        408        154          4          0       8581   app_batman_debug.o
       876        234         12          8          0       8105   app_batman_estimator.o
       922        174          6          2          0       5730   app_batman_sample.o
       642        326          0          0          0      15804   app_main.o
       360         54          0          6          0       3473   app_oled.o
       836        126         93         20          0       4910   app_power.o
       912        104        133          8         32       9848   app_sc8815.o
       100         14         48          0          0       1623   com_batteryparam.o
        32          6          0          0          0        582   com_bq76952.o
      1880        198          0          0        156      10640   com_soc.o
       492         26          0          0         52       3872   com_soh.o
       204         24          0          0        100       1643   fdcan.o
       272         12          0          0          0       1007   gpio.o
       388         20          0         32      32768       3767   heap_4.o
       376         40          0          0        168       2238   i2c.o
      1610        304        205          8          0      16083   int_bq76952.o
       180         26          0         12          0       2228   int_button.o
       116         12          0          1          0        813   int_canfd.o
        74         10          0          1          0       1242   int_eeprom.o
        76          8          0          0          0        937   int_led.o
       734         38       6792          0       1152       6538   int_oled.o
      1848        108          0          2          0      23281   int_sc8815.o
       138          0          0          0          0       2930   list.o
       336         98         72          0          0       2952   main.o
       370         54          0          4          0       6411   port.o
       972          0          0          0          0      10779   queue.o
        32          6          0          4          0     621459   retarget.o
       144         16          0          0         44       1515   rtc.o
        28          8        188          0       1024        616   startup_stm32g0b1xx.o
       124         22          0         12          0      21397   stm32g0xx_hal.o
       100         14          0          0          0      11280   stm32g0xx_hal_cortex.o
       728         20          0          0          0       6551   stm32g0xx_hal_fdcan.o
       422         24          0          0          0       4179   stm32g0xx_hal_gpio.o
      2268         58          0          0          0      14839   stm32g0xx_hal_i2c.o
       146          0          0          0          0       1859   stm32g0xx_hal_i2c_ex.o
        52          6          0          0          0        806   stm32g0xx_hal_msp.o
        16          4          0          0          0        495   stm32g0xx_hal_pwr.o
        76         14          0          0          0        726   stm32g0xx_hal_pwr_ex.o
      1658         94          0          0          0      30666   stm32g0xx_hal_rcc.o
       640         22          0          0          0       1868   stm32g0xx_hal_rcc_ex.o
       376         14          0          0          0       3493   stm32g0xx_hal_rtc.o
      2224        216          0          0          0      15722   stm32g0xx_hal_tim.o
       130         16          0          0          0       2912   stm32g0xx_hal_tim_ex.o
       156         24          0          0         76       1436   stm32g0xx_hal_timebase_tim.o
      1612         68         24          0          0      27018   stm32g0xx_hal_uart.o
       270          6         16          0          0       3525   stm32g0xx_hal_uart_ex.o
        30          6          0          0          0       1703   stm32g0xx_it.o
         2          0         96          4          0       1075   system_stm32g0xx.o
      1568        128          0         60        200      22126   tasks.o
       284         36          0          0         76       2232   tim.o
       232         18          0          0        148       1662   usart.o

    ----------------------------------------------------------------------
     30552       3832       7884        292      36012     973022   Object Totals
         0          0         32          0          0          0   (incl. Generated)
        62          0         13          9          4          0   (incl. Padding)

    ----------------------------------------------------------------------

      Code (inc. data)   RO Data    RW Data    ZI Data      Debug   Library Member Name

         0          0          0          0          0          0   entry.o
         0          0          0          0          0          0   entry10a.o
         0          0          0          0          0          0   entry11a.o
         4          0          0          0          0          0   entry12b.o
         8          4          0          0          0          0   entry2.o
         4          0          0          0          0          0   entry5.o
         0          0          0          0          0          0   entry7b.o
         0          0          0          0          0          0   entry8b.o
         8          4          0          0          0          0   entry9a.o
        30          0          0          0          0          0   handlers.o
        40          0          0          0          0         72   idiv.o
        36          8          0          0          0         68   init.o
         0          0          0          0          0          0   iusefp.o
        32          0          0          0          0         68   llshl.o
        38          0          0          0          0         68   llsshr.o
        34          0          0          0          0         68   llushr.o
        36          0          0          0          0         60   memcpya.o
        36          0          0          0          0        100   memseta.o
      2256         98          0          0          0        412   printfa.o
        14          0          0          0          0         60   strlen.o
        44          0          0          0          0         72   uidiv.o
        96          0          0          0          0         84   uldiv.o
        40          2          0          0          0         68   cdrcmple.o
        20          0          0          0          0         68   cfcmple.o
        20          0          0          0          0         68   cfrcmple.o
       360          6          0          0          0        140   dadd.o
       240          6          0          0          0         84   ddiv.o
       236          0          0          0          0        216   depilogue.o
        64         10          0          0          0         68   dfixul.o
       208          6          0          0          0         88   dmul.o
        40          0          0          0          0         60   f2d.o
       178          0          0          0          0        108   fadd.o
       124          0          0          0          0         72   fdiv.o
       130          0          0          0          0        144   fepilogue.o
        40          0          0          0          0         60   ffixui.o
        22          0          0          0          0         68   fflti.o
        14          0          0          0          0         68   ffltui.o
       122          0          0          0          0         72   fmul.o

    ----------------------------------------------------------------------
      4580        144          0          0          0       2584   Library Totals
         6          0          0          0          0          0   (incl. Padding)

    ----------------------------------------------------------------------

      Code (inc. data)   RO Data    RW Data    ZI Data      Debug   Library Name

      2716        114          0          0          0       1132   mc_p.l
      1858         30          0          0          0       1452   mf_p.l

    ----------------------------------------------------------------------
      4580        144          0          0          0       2584   Library Totals

    ----------------------------------------------------------------------

==============================================================================


      Code (inc. data)   RO Data    RW Data    ZI Data      Debug   

     35132       3976       7884        292      36012     960502   Grand Totals
     35132       3976       7884        292      36012     960502   ELF Image Totals
     35132       3976       7884        292          0          0   ROM Totals

==============================================================================

    Total RO  Size (Code + RO Data)                43016 (  42.01kB)
    Total RW  Size (RW Data + ZI Data)             36304 (  35.45kB)
    Total ROM Size (Code + RO Data + RW Data)      43308 (  42.29kB)

==============================================================================

