Component: ARM Compiler 5.06 update 7 (build 960) Tool: armlink [4d3601]

==============================================================================

Section Cross References

    startup_stm32g0b1xx.o(RESET) refers to startup_stm32g0b1xx.o(STACK) for __initial_sp
    startup_stm32g0b1xx.o(RESET) refers to startup_stm32g0b1xx.o(.text) for Reset_Handler
    startup_stm32g0b1xx.o(RESET) refers to stm32g0xx_it.o(i.NMI_Handler) for NMI_Handler
    startup_stm32g0b1xx.o(RESET) refers to stm32g0xx_it.o(i.HardFault_Handler) for HardFault_Handler
    startup_stm32g0b1xx.o(RESET) refers to stm32g0xx_it.o(i.EXTI4_15_IRQHandler) for EXTI4_15_IRQHandler
    startup_stm32g0b1xx.o(RESET) refers to stm32g0xx_it.o(i.TIM14_IRQHandler) for TIM14_IRQHandler
    startup_stm32g0b1xx.o(.text) refers to system_stm32g0xx.o(i.SystemInit) for SystemInit
    startup_stm32g0b1xx.o(.text) refers to entry.o(.ARM.Collect$$$$00000000) for __main
    retarget.o(i._ttywrch) refers to stm32g0xx_hal_uart.o(i.HAL_UART_Transmit) for HAL_UART_Transmit
    retarget.o(i._ttywrch) refers to usart.o(.bss) for huart1
    retarget.o(i.fputc) refers to stm32g0xx_hal_uart.o(i.HAL_UART_Transmit) for HAL_UART_Transmit
    retarget.o(i.fputc) refers to usart.o(.bss) for huart1
    main.o(i.Bringup_UartPrint) refers to strlen.o(.text) for strlen
    main.o(i.Bringup_UartPrint) refers to stm32g0xx_hal_uart.o(i.HAL_UART_Transmit) for HAL_UART_Transmit
    main.o(i.Bringup_UartPrint) refers to usart.o(.bss) for huart1
    main.o(i.HAL_TIM_PeriodElapsedCallback) refers to stm32g0xx_hal.o(i.HAL_IncTick) for HAL_IncTick
    main.o(i.SystemClock_Config) refers to memseta.o(.text) for __aeabi_memclr4
    main.o(i.SystemClock_Config) refers to stm32g0xx_hal_pwr_ex.o(i.HAL_PWREx_ControlVoltageScaling) for HAL_PWREx_ControlVoltageScaling
    main.o(i.SystemClock_Config) refers to stm32g0xx_hal_pwr.o(i.HAL_PWR_EnableBkUpAccess) for HAL_PWR_EnableBkUpAccess
    main.o(i.SystemClock_Config) refers to stm32g0xx_hal_rcc.o(i.HAL_RCC_OscConfig) for HAL_RCC_OscConfig
    main.o(i.SystemClock_Config) refers to stm32g0xx_hal_rcc.o(i.HAL_RCC_ClockConfig) for HAL_RCC_ClockConfig
    main.o(i.main) refers to stm32g0xx_hal.o(i.HAL_Init) for HAL_Init
    main.o(i.main) refers to main.o(i.SystemClock_Config) for SystemClock_Config
    main.o(i.main) refers to gpio.o(i.MX_GPIO_Init) for MX_GPIO_Init
    main.o(i.main) refers to rtc.o(i.MX_RTC_Init) for MX_RTC_Init
    main.o(i.main) refers to fdcan.o(i.MX_FDCAN1_Init) for MX_FDCAN1_Init
    main.o(i.main) refers to i2c.o(i.MX_I2C2_Init) for MX_I2C2_Init
    main.o(i.main) refers to usart.o(i.MX_USART1_UART_Init) for MX_USART1_UART_Init
    main.o(i.main) refers to i2c.o(i.MX_I2C1_Init) for MX_I2C1_Init
    main.o(i.main) refers to tim.o(i.MX_TIM3_Init) for MX_TIM3_Init
    main.o(i.main) refers to main.o(i.Bringup_UartPrint) for Bringup_UartPrint
    main.o(i.main) refers to int_led.o(i.Int_Led_Init) for Int_Led_Init
    main.o(i.main) refers to int_buzzer.o(i.Int_Buzzer_Init) for Int_Buzzer_Init
    main.o(i.main) refers to app_buzzer.o(i.App_Buzzer_Init) for App_Buzzer_Init
    main.o(i.main) refers to int_button.o(i.Int_Button_Init) for Int_Button_Init
    main.o(i.main) refers to int_canfd.o(i.Int_CanFd_Init) for Int_CanFd_Init
    main.o(i.main) refers to int_eeprom.o(i.Int_EEPROM_Init) for Int_EEPROM_Init
    main.o(i.main) refers to app_oled.o(i.App_OLED_Init) for App_OLED_Init
    main.o(i.main) refers to app_sc8815.o(i.App_SC8815_Init) for App_SC8815_Init
    main.o(i.main) refers to app_batman.o(i.App_BatMan_Init) for App_BatMan_Init
    main.o(i.main) refers to stm32g0xx_hal.o(i.HAL_GetTick) for HAL_GetTick
    main.o(i.main) refers to int_button.o(i.Int_Button_Task) for Int_Button_Task
    main.o(i.main) refers to int_buzzer.o(i.Int_Buzzer_Task) for Int_Buzzer_Task
    main.o(i.main) refers to app_batman.o(i.App_BatMan_Task) for App_BatMan_Task
    main.o(i.main) refers to app_sc8815.o(i.App_SC8815_Task) for App_SC8815_Task
    main.o(i.main) refers to stm32g0xx_hal.o(i.HAL_Delay) for HAL_Delay
    main.o(i.main) refers to main.o(.conststring) for .conststring
    gpio.o(i.MX_GPIO_Init) refers to memseta.o(.text) for __aeabi_memclr4
    gpio.o(i.MX_GPIO_Init) refers to stm32g0xx_hal_gpio.o(i.HAL_GPIO_WritePin) for HAL_GPIO_WritePin
    gpio.o(i.MX_GPIO_Init) refers to stm32g0xx_hal_gpio.o(i.HAL_GPIO_Init) for HAL_GPIO_Init
    gpio.o(i.MX_GPIO_Init) refers to stm32g0xx_hal_cortex.o(i.HAL_NVIC_SetPriority) for HAL_NVIC_SetPriority
    gpio.o(i.MX_GPIO_Init) refers to stm32g0xx_hal_cortex.o(i.HAL_NVIC_EnableIRQ) for HAL_NVIC_EnableIRQ
    fdcan.o(i.HAL_FDCAN_MspDeInit) refers to stm32g0xx_hal_gpio.o(i.HAL_GPIO_DeInit) for HAL_GPIO_DeInit
    fdcan.o(i.HAL_FDCAN_MspInit) refers to memseta.o(.text) for __aeabi_memclr4
    fdcan.o(i.HAL_FDCAN_MspInit) refers to stm32g0xx_hal_rcc_ex.o(i.HAL_RCCEx_PeriphCLKConfig) for HAL_RCCEx_PeriphCLKConfig
[...]
    commands                                 0x08007adc   Data           6  app_batman.o(.constdata)
    .constdata                               0x08007ae2   Section       48  com_batteryparam.o(.constdata)
    voltage_soc_ocv_table                    0x08007ae2   Data          48  com_batteryparam.o(.constdata)
    .constdata                               0x08007b12   Section     6792  int_oled.o(.constdata)
    .constdata                               0x0800959a   Section       24  stm32g0xx_hal_uart.o(.constdata)
    .constdata                               0x080095b2   Section       16  stm32g0xx_hal_uart_ex.o(.constdata)
    numerator                                0x080095b2   Data           8  stm32g0xx_hal_uart_ex.o(.constdata)
    denominator                              0x080095ba   Data           8  stm32g0xx_hal_uart_ex.o(.constdata)
    .constdata                               0x080095c4   Section       64  system_stm32g0xx.o(.constdata)
    .constdata                               0x08009604   Section       32  system_stm32g0xx.o(.constdata)
    .constdata                               0x08009624   Section       48  expf.o(.constdata)
    twotokover4top                           0x08009624   Data          16  expf.o(.constdata)
    twotokover4bot                           0x08009634   Data          16  expf.o(.constdata)
    twotokover4all                           0x08009644   Data          16  expf.o(.constdata)
    .conststring                             0x08009654   Section       72  main.o(.conststring)
    .conststring                             0x0800969c   Section      143  app_batman.o(.conststring)
    .conststring                             0x0800972c   Section      109  app_sc8815.o(.conststring)
    .conststring                             0x0800979c   Section      205  int_bq76952.o(.conststring)
    .data                                    0x20000000   Section        4  retarget.o(.data)
    .data                                    0x20000004   Section       96  app_batman.o(.data)
    s_comm_fault                             0x20000004   Data           1  app_batman.o(.data)
    s_cells_sample_valid                     0x20000005   Data           1  app_batman.o(.data)
    s_current_sample_valid                   0x20000006   Data           1  app_batman.o(.data)
    s_temp_ts1_sample_valid                  0x20000007   Data           1  app_batman.o(.data)
    s_temp_ts3_sample_valid                  0x20000008   Data           1  app_batman.o(.data)
    s_temp_cell_sample_valid                 0x20000009   Data           1  app_batman.o(.data)
    s_power_config                           0x20000012   Data           2  app_batman.o(.data)
    s_debug_ms                               0x2000002c   Data           4  app_batman.o(.data)
    .data                                    0x20000064   Section        6  app_oled.o(.data)
    s_oled_ready                             0x20000064   Data           1  app_oled.o(.data)
    s_iic_status_valid                       0x20000065   Data           1  app_oled.o(.data)
    s_last_iic_ok                            0x20000066   Data           1  app_oled.o(.data)
    s_power_config_valid                     0x20000067   Data           1  app_oled.o(.data)
    s_last_power_config                      0x20000068   Data           2  app_oled.o(.data)
    .data                                    0x2000006a   Section        2  app_sc8815.o(.data)
    s_debug_ms                               0x2000006a   Data           2  app_sc8815.o(.data)
    .data                                    0x2000006c   Section        8  int_bq76952.o(.data)
    s_bq76952_crc_enabled                    0x2000006c   Data           1  int_bq76952.o(.data)
    s_bq76952_last_hal_error                 0x20000070   Data           4  int_bq76952.o(.data)
    .data                                    0x20000074   Section        1  int_sc8815.o(.data)
    s_sc8815_standby                         0x20000074   Data           1  int_sc8815.o(.data)
    .data                                    0x20000078   Section       12  int_button.o(.data)
    s_button_raw_last                        0x20000078   Data           1  int_button.o(.data)
    s_button_state                           0x20000079   Data           1  int_button.o(.data)
    s_button_press_event                     0x2000007a   Data           1  int_button.o(.data)
    s_button_release_event                   0x2000007b   Data           1  int_button.o(.data)
    s_button_change_tick                     0x2000007c   Data           4  int_button.o(.data)
    s_button_press_tick                      0x20000080   Data           4  int_button.o(.data)
    .data                                    0x20000084   Section        8  int_buzzer.o(.data)
    s_buzzer_on                              0x20000084   Data           1  int_buzzer.o(.data)
    s_buzzer_beeping                         0x20000085   Data           1  int_buzzer.o(.data)
    s_buzzer_freq_hz                         0x20000086   Data           2  int_buzzer.o(.data)
    s_buzzer_stop_tick                       0x20000088   Data           4  int_buzzer.o(.data)
    .data                                    0x2000008c   Section        1  int_canfd.o(.data)
    s_canfd_started                          0x2000008c   Data           1  int_canfd.o(.data)
    .data                                    0x2000008d   Section        1  int_eeprom.o(.data)
    s_eeprom_online                          0x2000008d   Data           1  int_eeprom.o(.data)
    .data                                    0x20000090   Section       12  stm32g0xx_hal.o(.data)
    .data                                    0x2000009c   Section        4  system_stm32g0xx.o(.data)
    .data                                    0x200000a0   Section        4  errno.o(.data)
    _errno                                   0x200000a0   Data           4  errno.o(.data)
    .bss                                     0x200000a4   Section      100  fdcan.o(.bss)
    .bss                                     0x20000108   Section      168  i2c.o(.bss)
    .bss                                     0x200001b0   Section       44  rtc.o(.bss)
    .bss                                     0x200001dc   Section       76  tim.o(.bss)
    .bss                                     0x20000228   Section      148  usart.o(.bss)
    .bss                                     0x200002bc   Section       76  stm32g0xx_hal_timebase_tim.o(.bss)
    .bss                                     0x20000308   Section       12  app_batman.o(.bss)
    .bss                                     0x20000314   Section       28  app_sc8815.o(.bss)
    s_sc                                     0x20000314   Data          28  app_sc8815.o(.bss)
    .bss                                     0x20000330   Section      288  com_soc.o(.bss)
    s_soc                                    0x20000330   Data         288  com_soc.o(.bss)
    .bss                                     0x20000450   Section       52  com_soh.o(.bss)
    s_soh                                    0x20000450   Data          52  com_soh.o(.bss)
    .bss                                     0x20000484   Section     1152  int_oled.o(.bss)
    STACK                                    0x20000908   Section     1024  startup_stm32g0b1xx.o(STACK)

    Global Symbols

    Symbol Name                              Value     Ov Type        Size  Object(Section)

    BuildAttributes$$THM_ISAv3M$S$PE$A:L22$X:L11$S22$IEEE1$IW$USESV6$~STKCKD$USESV7$~SHL$OTIME$ROPI$IEEEX$EBA8$MICROLIB$REQ8$PRES8$EABIv2 0x00000000   Number         0  anon$$obj.o ABSOLUTE
    __ARM_use_no_argv                        0x00000000   Number         0  main.o ABSOLUTE
    __use_no_errno                           0x00000000   Number         0  useno.o ABSOLUTE
    __use_no_exception_handling              0x00000000   Number         0  useno.o ABSOLUTE
    __use_no_fp                              0x00000000   Number         0  useno.o ABSOLUTE
    __use_no_heap                            0x00000000   Number         0  useno.o ABSOLUTE
    __use_no_heap_region                     0x00000000   Number         0  useno.o ABSOLUTE
    __use_no_semihosting                     0x00000000   Number         0  useno.o ABSOLUTE
    __use_no_semihosting_swi                 0x00000000   Number         0  useno.o ABSOLUTE
    __use_no_signal_handling                 0x00000000   Number         0  useno.o ABSOLUTE
    _printf_a                                0x00000000   Number         0  stubs.o ABSOLUTE
    _printf_c                                0x00000000   Number         0  stubs.o ABSOLUTE
    _printf_charcount                        0x00000000   Number         0  stubs.o ABSOLUTE
    _printf_d                                0x00000000   Number         0  stubs.o ABSOLUTE
    _printf_e                                0x00000000   Number         0  stubs.o ABSOLUTE
    _printf_f                                0x00000000   Number         0  stubs.o ABSOLUTE
    _printf_flags                            0x00000000   Number         0  stubs.o ABSOLUTE
    _printf_fp_dec                           0x00000000   Number         0  stubs.o ABSOLUTE
    _printf_fp_hex                           0x00000000   Number         0  stubs.o ABSOLUTE
    _printf_g                                0x00000000   Number         0  stubs.o ABSOLUTE
    _printf_i                                0x00000000   Number         0  stubs.o ABSOLUTE
    _printf_int_dec                          0x00000000   Number         0  stubs.o ABSOLUTE
    _printf_l                                0x00000000   Number         0  stubs.o ABSOLUTE
    _printf_lc                               0x00000000   Number         0  stubs.o ABSOLUTE
    _printf_ll                               0x00000000   Number         0  stubs.o ABSOLUTE
    _printf_lld                              0x00000000   Number         0  stubs.o ABSOLUTE
    _printf_lli                              0x00000000   Number         0  stubs.o ABSOLUTE
    _printf_llo                              0x00000000   Number         0  stubs.o ABSOLUTE
    _printf_llu                              0x00000000   Number         0  stubs.o ABSOLUTE
    _printf_llx                              0x00000000   Number         0  stubs.o ABSOLUTE
    _printf_longlong_dec                     0x00000000   Number         0  stubs.o ABSOLUTE
    _printf_longlong_hex                     0x00000000   Number         0  stubs.o ABSOLUTE
    _printf_longlong_oct                     0x00000000   Number         0  stubs.o ABSOLUTE
    _printf_ls                               0x00000000   Number         0  stubs.o ABSOLUTE
    _printf_mbtowc                           0x00000000   Number         0  stubs.o ABSOLUTE
    _printf_n                                0x00000000   Number         0  stubs.o ABSOLUTE
    _printf_o                                0x00000000   Number         0  stubs.o ABSOLUTE
    _printf_p                                0x00000000   Number         0  stubs.o ABSOLUTE
    _printf_percent                          0x00000000   Number         0  stubs.o ABSOLUTE
    _printf_pre_padding                      0x00000000   Number         0  stubs.o ABSOLUTE
    _printf_return_value                     0x00000000   Number         0  stubs.o ABSOLUTE
    _printf_s                                0x00000000   Number         0  stubs.o ABSOLUTE
    _printf_sizespec                         0x00000000   Number         0  stubs.o ABSOLUTE
    _printf_str                              0x00000000   Number         0  stubs.o ABSOLUTE
    _printf_truncate_signed                  0x00000000   Number         0  stubs.o ABSOLUTE
    _printf_truncate_unsigned                0x00000000   Number         0  stubs.o ABSOLUTE
    _printf_u                                0x00000000   Number         0  stubs.o ABSOLUTE
    _printf_wc                               0x00000000   Number         0  stubs.o ABSOLUTE
    _printf_wctomb                           0x00000000   Number         0  stubs.o ABSOLUTE
    _printf_widthprec                        0x00000000   Number         0  stubs.o ABSOLUTE
    _printf_x                                0x00000000   Number         0  stubs.o ABSOLUTE
    __arm_fini_                               - Undefined Weak Reference
    __cpp_initialize__aeabi_                  - Undefined Weak Reference
    __cxa_finalize                            - Undefined Weak Reference
    __decompress                              - Undefined Weak Reference
    _clock_init                               - Undefined Weak Reference
    _microlib_exit                            - Undefined Weak Reference
    __Vectors_Size                           0x000000bc   Number         0  startup_stm32g0b1xx.o ABSOLUTE
    __Vectors                                0x08000000   Data           4  startup_stm32g0b1xx.o(RESET)
    __Vectors_End                            0x080000bc   Data           0  startup_stm32g0b1xx.o(RESET)
    __main                                   0x080000bd   Thumb Code     0  entry.o(.ARM.Collect$$$$00000000)
    _main_stk                                0x080000bd   Thumb Code     0  entry2.o(.ARM.Collect$$$$00000001)
    _main_scatterload                        0x080000c1   Thumb Code     0  entry5.o(.ARM.Collect$$$$00000004)
    __main_after_scatterload                 0x080000c5   Thumb Code     0  entry5.o(.ARM.Collect$$$$00000004)
    _main_clock                              0x080000c5   Thumb Code     0  entry7b.o(.ARM.Collect$$$$00000008)
    _main_cpp_init                           0x080000c5   Thumb Code     0  entry8b.o(.ARM.Collect$$$$0000000A)
    _main_init                               0x080000c5   Thumb Code     0  entry9a.o(.ARM.Collect$$$$0000000B)
    __rt_lib_shutdown_fini                   0x080000cd   Thumb Code     0  entry12b.o(.ARM.Collect$$$$0000000E)
    __rt_final_cpp                           0x080000d1   Thumb Code     0  entry10a.o(.ARM.Collect$$$$0000000F)
    __rt_final_exit                          0x080000d1   Thumb Code     0  entry11a.o(.ARM.Collect$$$$00000011)
    Reset_Handler                            0x080000d5   Thumb Code     8  startup_stm32g0b1xx.o(.text)
    SVC_Handler                              0x080000e1   Thumb Code     2  startup_stm32g0b1xx.o(.text)
    PendSV_Handler                           0x080000e3   Thumb Code     2  startup_stm32g0b1xx.o(.text)
    SysTick_Handler                          0x080000e5   Thumb Code     2  startup_stm32g0b1xx.o(.text)
    ADC1_COMP_IRQHandler                     0x080000e7   Thumb Code     0  startup_stm32g0b1xx.o(.text)
    CEC_IRQHandler                           0x080000e7   Thumb Code     0  startup_stm32g0b1xx.o(.text)
    DMA1_Ch4_7_DMA2_Ch1_5_DMAMUX1_OVR_IRQHandler 0x080000e7   Thumb Code     0  startup_stm32g0b1xx.o(.text)
    DMA1_Channel1_IRQHandler                 0x080000e7   Thumb Code     0  startup_stm32g0b1xx.o(.text)
    DMA1_Channel2_3_IRQHandler               0x080000e7   Thumb Code     0  startup_stm32g0b1xx.o(.text)
    EXTI0_1_IRQHandler                       0x080000e7   Thumb Code     0  startup_stm32g0b1xx.o(.text)
    EXTI2_3_IRQHandler                       0x080000e7   Thumb Code     0  startup_stm32g0b1xx.o(.text)
    FLASH_IRQHandler                         0x080000e7   Thumb Code     0  startup_stm32g0b1xx.o(.text)
    I2C1_IRQHandler                          0x080000e7   Thumb Code     0  startup_stm32g0b1xx.o(.text)
    I2C2_3_IRQHandler                        0x080000e7   Thumb Code     0  startup_stm32g0b1xx.o(.text)
    PVD_VDDIO2_IRQHandler                    0x080000e7   Thumb Code     0  startup_stm32g0b1xx.o(.text)
    RCC_CRS_IRQHandler                       0x080000e7   Thumb Code     0  startup_stm32g0b1xx.o(.text)
    RTC_TAMP_IRQHandler                      0x080000e7   Thumb Code     0  startup_stm32g0b1xx.o(.text)
    SPI1_IRQHandler                          0x080000e7   Thumb Code     0  startup_stm32g0b1xx.o(.text)
    SPI2_3_IRQHandler                        0x080000e7   Thumb Code     0  startup_stm32g0b1xx.o(.text)
    TIM15_IRQHandler                         0x080000e7   Thumb Code     0  startup_stm32g0b1xx.o(.text)
    TIM16_FDCAN_IT0_IRQHandler               0x080000e7   Thumb Code     0  startup_stm32g0b1xx.o(.text)
    TIM17_FDCAN_IT1_IRQHandler               0x080000e7   Thumb Code     0  startup_stm32g0b1xx.o(.text)
    TIM1_BRK_UP_TRG_COM_IRQHandler           0x080000e7   Thumb Code     0  startup_stm32g0b1xx.o(.text)
    TIM1_CC_IRQHandler                       0x080000e7   Thumb Code     0  startup_stm32g0b1xx.o(.text)
    TIM2_IRQHandler                          0x080000e7   Thumb Code     0  startup_stm32g0b1xx.o(.text)
    TIM3_TIM4_IRQHandler                     0x080000e7   Thumb Code     0  startup_stm32g0b1xx.o(.text)
    TIM6_DAC_LPTIM1_IRQHandler               0x080000e7   Thumb Code     0  startup_stm32g0b1xx.o(.text)
    TIM7_LPTIM2_IRQHandler                   0x080000e7   Thumb Code     0  startup_stm32g0b1xx.o(.text)
    USART1_IRQHandler                        0x080000e7   Thumb Code     0  startup_stm32g0b1xx.o(.text)
    USART2_LPUART2_IRQHandler                0x080000e7   Thumb Code     0  startup_stm32g0b1xx.o(.text)
    USART3_4_5_6_LPUART1_IRQHandler          0x080000e7   Thumb Code     0  startup_stm32g0b1xx.o(.text)
    USB_UCPD1_2_IRQHandler                   0x080000e7   Thumb Code     0  startup_stm32g0b1xx.o(.text)
    WWDG_IRQHandler                          0x080000e7   Thumb Code     0  startup_stm32g0b1xx.o(.text)
    __aeabi_uidiv                            0x080000f1   Thumb Code     0  uidiv.o(.text)
    __aeabi_uidivmod                         0x080000f1   Thumb Code    44  uidiv.o(.text)
    __aeabi_idiv                             0x0800011d   Thumb Code     0  idiv.o(.text)
    __aeabi_idivmod                          0x0800011d   Thumb Code    40  idiv.o(.text)
    __aeabi_uldivmod                         0x08000145   Thumb Code    96  uldiv.o(.text)
    __aeabi_memcpy                           0x080001a5   Thumb Code    36  memcpya.o(.text)
    __aeabi_memcpy4                          0x080001a5   Thumb Code     0  memcpya.o(.text)
    __aeabi_memcpy8                          0x080001a5   Thumb Code     0  memcpya.o(.text)
    __aeabi_memset                           0x080001c9   Thumb Code    14  memseta.o(.text)
    __aeabi_memset4                          0x080001c9   Thumb Code     0  memseta.o(.text)
    __aeabi_memset8                          0x080001c9   Thumb Code     0  memseta.o(.text)
    __aeabi_memclr                           0x080001d7   Thumb Code     4  memseta.o(.text)
    __aeabi_memclr4                          0x080001d7   Thumb Code     0  memseta.o(.text)
    __aeabi_memclr8                          0x080001d7   Thumb Code     0  memseta.o(.text)
    _memset$wrapper                          0x080001db   Thumb Code    18  memseta.o(.text)
    strlen                                   0x080001ed   Thumb Code    14  strlen.o(.text)
    __aeabi_fadd                             0x080001fb   Thumb Code   162  fadd.o(.text)
    __aeabi_fsub                             0x0800029d   Thumb Code     8  fadd.o(.text)
    __aeabi_frsub                            0x080002a5   Thumb Code     8  fadd.o(.text)
    __aeabi_fmul                             0x080002ad   Thumb Code   122  fmul.o(.text)
    __aeabi_fdiv                             0x08000327   Thumb Code   124  fdiv.o(.text)
    __ARM_scalbnf                            0x080003a3   Thumb Code    24  fscalb.o(.text)
    scalbnf                                  0x080003a3   Thumb Code     0  fscalb.o(.text)
    __aeabi_i2f                              0x080003bb   Thumb Code    22  fflti.o(.text)
    __aeabi_ui2f                             0x080003d1   Thumb Code    14  ffltui.o(.text)
    __aeabi_f2uiz                            0x080003df   Thumb Code    40  ffixui.o(.text)
    __aeabi_f2d                              0x08000407   Thumb Code    40  f2d.o(.text)
    __aeabi_cfcmpeq                          0x08000431   Thumb Code     0  cfcmple.o(.text)
    __aeabi_cfcmple                          0x08000431   Thumb Code    20  cfcmple.o(.text)
    __aeabi_cfrcmple                         0x08000445   Thumb Code    20  cfrcmple.o(.text)
    __aeabi_llsl                             0x08000459   Thumb Code    32  llshl.o(.text)
    _ll_shift_l                              0x08000459   Thumb Code     0  llshl.o(.text)
    __aeabi_llsr                             0x08000479   Thumb Code    34  llushr.o(.text)
    _ll_ushift_r                             0x08000479   Thumb Code     0  llushr.o(.text)
    __I$use$fp                               0x0800049b   Thumb Code     0  iusefp.o(.text)
    _float_round                             0x0800049b   Thumb Code    16  fepilogue.o(.text)
    _float_epilogue                          0x080004ab   Thumb Code   114  fepilogue.o(.text)
    _frnd                                    0x0800051d   Thumb Code    62  frnd.o(.text)
    __aeabi_dadd                             0x0800055d   Thumb Code   330  dadd.o(.text)
    __aeabi_dsub                             0x080006a7   Thumb Code    12  dadd.o(.text)
    __aeabi_drsub                            0x080006b3   Thumb Code    12  dadd.o(.text)
    __aeabi_dmul                             0x080006c5   Thumb Code   202  dmul.o(.text)
    __aeabi_ddiv                             0x08000795   Thumb Code   234  ddiv.o(.text)
    __aeabi_f2iz                             0x08000885   Thumb Code    50  ffixi.o(.text)
    __aeabi_d2ulz                            0x080008b9   Thumb Code    54  dfixul.o(.text)
    __aeabi_cdrcmple                         0x080008f9   Thumb Code    38  cdrcmple.o(.text)
    __scatterload                            0x08000921   Thumb Code    28  init.o(.text)
    __scatterload_rt2                        0x08000921   Thumb Code     0  init.o(.text)
    __aeabi_lasr                             0x08000945   Thumb Code    38  llsshr.o(.text)
    _ll_sshift_r                             0x08000945   Thumb Code     0  llsshr.o(.text)
    _double_round                            0x0800096b   Thumb Code    26  depilogue.o(.text)
    _double_epilogue                         0x08000985   Thumb Code   164  depilogue.o(.text)
    App_BatMan_Init                          0x08000b1d   Thumb Code   292  app_batman.o(i.App_BatMan_Init)
    App_BatMan_Task                          0x080011e5   Thumb Code    58  app_batman.o(i.App_BatMan_Task)
    App_Buzzer_Init                          0x080013a9   Thumb Code     8  app_buzzer.o(i.App_Buzzer_Init)
    App_OLED_Init                            0x080013c1   Thumb Code    24  app_oled.o(i.App_OLED_Init)
    App_OLED_ShowBqIicPowerConfig            0x080014a9   Thumb Code    62  app_oled.o(i.App_OLED_ShowBqIicPowerConfig)
    App_OLED_ShowIicStatus                   0x080014ed   Thumb Code    40  app_oled.o(i.App_OLED_ShowIicStatus)
    App_SC8815_Init                          0x08001641   Thumb Code    82  app_sc8815.o(i.App_SC8815_Init)
    App_SC8815_Task                          0x080017d1   Thumb Code    40  app_sc8815.o(i.App_SC8815_Task)
    Com_BQ76952_Temp0p1KToC                  0x08001819   Thumb Code    26  com_bq76952.o(i.Com_BQ76952_Temp0p1KToC)
    Com_BatteryParam_GetOcvSlopeMvPerPercent 0x08001839   Thumb Code    82  com_batteryparam.o(i.Com_BatteryParam_GetOcvSlopeMvPerPercent)
    Com_BatteryParam_GetSoc0p01ByVoltage     0x08001891   Thumb Code    86  com_batteryparam.o(i.Com_BatteryParam_GetSoc0p01ByVoltage)
    Com_BatteryParam_GetVoltageBySoc0p01     0x080018f5   Thumb Code    78  com_batteryparam.o(i.Com_BatteryParam_GetVoltageBySoc0p01)
    Com_SOC_GetResult                        0x0800200d   Thumb Code    16  com_soc.o(i.Com_SOC_GetResult)
    Com_SOC_Init                             0x08002021   Thumb Code   150  com_soc.o(i.Com_SOC_Init)
    Com_SOC_Update                           0x080024dd   Thumb Code   258  com_soc.o(i.Com_SOC_Update)
    Com_SOH_GetResult                        0x080028f9   Thumb Code    16  com_soh.o(i.Com_SOH_GetResult)
    Com_SOH_Init                             0x0800290d   Thumb Code    84  com_soh.o(i.Com_SOH_Init)
    Com_SOH_Update                           0x08002969   Thumb Code   234  com_soh.o(i.Com_SOH_Update)
    EXTI4_15_IRQHandler                      0x08002ac1   Thumb Code    10  stm32g0xx_it.o(i.EXTI4_15_IRQHandler)
    Error_Handler                            0x08002acb   Thumb Code     4  main.o(i.Error_Handler)
    HAL_Delay                                0x08002b45   Thumb Code    32  stm32g0xx_hal.o(i.HAL_Delay)
    HAL_FDCAN_ConfigFilter                   0x08002b69   Thumb Code    94  stm32g0xx_hal_fdcan.o(i.HAL_FDCAN_ConfigFilter)
    HAL_FDCAN_ConfigGlobalFilter             0x08002bc7   Thumb Code    54  stm32g0xx_hal_fdcan.o(i.HAL_FDCAN_ConfigGlobalFilter)
    HAL_FDCAN_Init                           0x08002bfd   Thumb Code   412  stm32g0xx_hal_fdcan.o(i.HAL_FDCAN_Init)
    HAL_FDCAN_MspInit                        0x08002da1   Thumb Code   110  fdcan.o(i.HAL_FDCAN_MspInit)
    HAL_FDCAN_Start                          0x08002e1d   Thumb Code    44  stm32g0xx_hal_fdcan.o(i.HAL_FDCAN_Start)
    HAL_GPIO_EXTI_Falling_Callback           0x08002e49   Thumb Code     2  stm32g0xx_hal_gpio.o(i.HAL_GPIO_EXTI_Falling_Callback)
    HAL_GPIO_EXTI_IRQHandler                 0x08002e4d   Thumb Code    36  stm32g0xx_hal_gpio.o(i.HAL_GPIO_EXTI_IRQHandler)
    HAL_GPIO_EXTI_Rising_Callback            0x08002e75   Thumb Code     2  stm32g0xx_hal_gpio.o(i.HAL_GPIO_EXTI_Rising_Callback)
    HAL_GPIO_Init                            0x08002e79   Thumb Code   336  stm32g0xx_hal_gpio.o(i.HAL_GPIO_Init)
    HAL_GPIO_ReadPin                         0x08002fdd   Thumb Code    10  stm32g0xx_hal_gpio.o(i.HAL_GPIO_ReadPin)
    HAL_GPIO_WritePin                        0x08002fe7   Thumb Code    12  stm32g0xx_hal_gpio.o(i.HAL_GPIO_WritePin)
    HAL_GetTick                              0x08002ff5   Thumb Code     6  stm32g0xx_hal.o(i.HAL_GetTick)
    HAL_I2CEx_ConfigAnalogFilter             0x08003001   Thumb Code    74  stm32g0xx_hal_i2c_ex.o(i.HAL_I2CEx_ConfigAnalogFilter)
    HAL_I2CEx_ConfigDigitalFilter            0x0800304b   Thumb Code    72  stm32g0xx_hal_i2c_ex.o(i.HAL_I2CEx_ConfigDigitalFilter)
    HAL_I2C_GetError                         0x08003093   Thumb Code     4  stm32g0xx_hal_i2c.o(i.HAL_I2C_GetError)
    HAL_I2C_Init                             0x08003099   Thumb Code   182  stm32g0xx_hal_i2c.o(i.HAL_I2C_Init)
    HAL_I2C_IsDeviceReady                    0x08003155   Thumb Code   250  stm32g0xx_hal_i2c.o(i.HAL_I2C_IsDeviceReady)
    HAL_I2C_Master_Transmit                  0x08003259   Thumb Code   304  stm32g0xx_hal_i2c.o(i.HAL_I2C_Master_Transmit)
    HAL_I2C_Mem_Read                         0x08003391   Thumb Code   332  stm32g0xx_hal_i2c.o(i.HAL_I2C_Mem_Read)
    HAL_I2C_Mem_Write                        0x080034e5   Thumb Code   326  stm32g0xx_hal_i2c.o(i.HAL_I2C_Mem_Write)
    HAL_I2C_MspInit                          0x08003631   Thumb Code   184  i2c.o(i.HAL_I2C_MspInit)
    HAL_IncTick                              0x080036f9   Thumb Code    12  stm32g0xx_hal.o(i.HAL_IncTick)
    HAL_Init                                 0x08003709   Thumb Code    36  stm32g0xx_hal.o(i.HAL_Init)
    HAL_InitTick                             0x08003731   Thumb Code   132  stm32g0xx_hal_timebase_tim.o(i.HAL_InitTick)
    HAL_MspInit                              0x080037cd   Thumb Code    46  stm32g0xx_hal_msp.o(i.HAL_MspInit)
    HAL_NVIC_EnableIRQ                       0x08003801   Thumb Code    18  stm32g0xx_hal_cortex.o(i.HAL_NVIC_EnableIRQ)
    HAL_NVIC_SetPriority                     0x08003819   Thumb Code     8  stm32g0xx_hal_cortex.o(i.HAL_NVIC_SetPriority)
    HAL_PWREx_ControlVoltageScaling          0x08003821   Thumb Code    62  stm32g0xx_hal_pwr_ex.o(i.HAL_PWREx_ControlVoltageScaling)
    HAL_PWR_EnableBkUpAccess                 0x0800386d   Thumb Code    12  stm32g0xx_hal_pwr.o(i.HAL_PWR_EnableBkUpAccess)
    HAL_RCCEx_PeriphCLKConfig                0x0800387d   Thumb Code   618  stm32g0xx_hal_rcc_ex.o(i.HAL_RCCEx_PeriphCLKConfig)
    HAL_RCC_ClockConfig                      0x08003afd   Thumb Code   318  stm32g0xx_hal_rcc.o(i.HAL_RCC_ClockConfig)
    HAL_RCC_GetClockConfig                   0x08003c55   Thumb Code    48  stm32g0xx_hal_rcc.o(i.HAL_RCC_GetClockConfig)
    HAL_RCC_GetPCLK1Freq                     0x08003c8d   Thumb Code    26  stm32g0xx_hal_rcc.o(i.HAL_RCC_GetPCLK1Freq)
    HAL_RCC_GetSysClockFreq                  0x08003cb5   Thumb Code   130  stm32g0xx_hal_rcc.o(i.HAL_RCC_GetSysClockFreq)
    HAL_RCC_OscConfig                        0x08003d41   Thumb Code  1078  stm32g0xx_hal_rcc.o(i.HAL_RCC_OscConfig)
    HAL_RTC_Init                             0x08004179   Thumb Code   172  stm32g0xx_hal_rtc.o(i.HAL_RTC_Init)
    HAL_RTC_MspInit                          0x08004229   Thumb Code    80  rtc.o(i.HAL_RTC_MspInit)
    HAL_RTC_WaitForSynchro                   0x08004281   Thumb Code    48  stm32g0xx_hal_rtc.o(i.HAL_RTC_WaitForSynchro)
    HAL_SYSCFG_StrobeDBattpinsConfig         0x080042b5   Thumb Code    16  stm32g0xx_hal.o(i.HAL_SYSCFG_StrobeDBattpinsConfig)
    HAL_TIMEx_Break2Callback                 0x080042c9   Thumb Code     2  stm32g0xx_hal_tim_ex.o(i.HAL_TIMEx_Break2Callback)
    HAL_TIMEx_BreakCallback                  0x080042cb   Thumb Code     2  stm32g0xx_hal_tim_ex.o(i.HAL_TIMEx_BreakCallback)
    HAL_TIMEx_CommutCallback                 0x080042cd   Thumb Code     2  stm32g0xx_hal_tim_ex.o(i.HAL_TIMEx_CommutCallback)
    HAL_TIMEx_MasterConfigSynchronization    0x080042d1   Thumb Code   108  stm32g0xx_hal_tim_ex.o(i.HAL_TIMEx_MasterConfigSynchronization)
    HAL_TIM_Base_Init                        0x0800434d   Thumb Code    76  stm32g0xx_hal_tim.o(i.HAL_TIM_Base_Init)
    HAL_TIM_Base_MspInit                     0x08004399   Thumb Code    28  tim.o(i.HAL_TIM_Base_MspInit)
    HAL_TIM_Base_Start_IT                    0x080043bd   Thumb Code    86  stm32g0xx_hal_tim.o(i.HAL_TIM_Base_Start_IT)
    HAL_TIM_ConfigClockSource                0x08004429   Thumb Code   220  stm32g0xx_hal_tim.o(i.HAL_TIM_ConfigClockSource)
    HAL_TIM_IC_CaptureCallback               0x08004509   Thumb Code     2  stm32g0xx_hal_tim.o(i.HAL_TIM_IC_CaptureCallback)
    HAL_TIM_IRQHandler                       0x0800450d   Thumb Code   318  stm32g0xx_hal_tim.o(i.HAL_TIM_IRQHandler)
    HAL_TIM_MspPostInit                      0x08004655   Thumb Code    66  tim.o(i.HAL_TIM_MspPostInit)
    HAL_TIM_OC_DelayElapsedCallback          0x080046a5   Thumb Code     2  stm32g0xx_hal_tim.o(i.HAL_TIM_OC_DelayElapsedCallback)
    HAL_TIM_PWM_ConfigChannel                0x080046a7   Thumb Code   296  stm32g0xx_hal_tim.o(i.HAL_TIM_PWM_ConfigChannel)
    HAL_TIM_PWM_Init                         0x080047cf   Thumb Code    76  stm32g0xx_hal_tim.o(i.HAL_TIM_PWM_Init)
    HAL_TIM_PWM_MspInit                      0x0800481b   Thumb Code     2  stm32g0xx_hal_tim.o(i.HAL_TIM_PWM_MspInit)
    HAL_TIM_PWM_PulseFinishedCallback        0x0800481d   Thumb Code     2  stm32g0xx_hal_tim.o(i.HAL_TIM_PWM_PulseFinishedCallback)
    HAL_TIM_PWM_Start                        0x08004821   Thumb Code   194  stm32g0xx_hal_tim.o(i.HAL_TIM_PWM_Start)
    HAL_TIM_PWM_Stop                         0x08004901   Thumb Code   142  stm32g0xx_hal_tim.o(i.HAL_TIM_PWM_Stop)
    HAL_TIM_PeriodElapsedCallback            0x080049a5   Thumb Code    16  main.o(i.HAL_TIM_PeriodElapsedCallback)
    HAL_TIM_TriggerCallback                  0x080049b9   Thumb Code     2  stm32g0xx_hal_tim.o(i.HAL_TIM_TriggerCallback)
    HAL_UARTEx_DisableFifoMode               0x080049bb   Thumb Code    60  stm32g0xx_hal_uart_ex.o(i.HAL_UARTEx_DisableFifoMode)
    HAL_UARTEx_SetRxFifoThreshold            0x080049f7   Thumb Code    72  stm32g0xx_hal_uart_ex.o(i.HAL_UARTEx_SetRxFifoThreshold)
    HAL_UARTEx_SetTxFifoThreshold            0x08004a3f   Thumb Code    70  stm32g0xx_hal_uart_ex.o(i.HAL_UARTEx_SetTxFifoThreshold)
    HAL_UART_Init                            0x08004a85   Thumb Code   108  stm32g0xx_hal_uart.o(i.HAL_UART_Init)
    HAL_UART_MspInit                         0x08004af1   Thumb Code   118  usart.o(i.HAL_UART_MspInit)
    HAL_UART_Transmit                        0x08004b71   Thumb Code   214  stm32g0xx_hal_uart.o(i.HAL_UART_Transmit)
    HardFault_Handler                        0x08004c47   Thumb Code     2  stm32g0xx_it.o(i.HardFault_Handler)
    Inf_OLED_Clear                           0x08004f8d   Thumb Code    18  int_oled.o(i.Inf_OLED_Clear)
    Inf_OLED_DrawPoint                       0x08004fa5   Thumb Code    44  int_oled.o(i.Inf_OLED_DrawPoint)
    Inf_OLED_Init                            0x08004fd5   Thumb Code   240  int_oled.o(i.Inf_OLED_Init)
    Inf_OLED_Refresh                         0x080050c5   Thumb Code    66  int_oled.o(i.Inf_OLED_Refresh)
    Inf_OLED_ShowChar                        0x0800510d   Thumb Code   222  int_oled.o(i.Inf_OLED_ShowChar)
    Inf_OLED_ShowString                      0x080051fd   Thumb Code    70  int_oled.o(i.Inf_OLED_ShowString)
    Inf_OLED_WR_Byte                         0x08005245   Thumb Code    36  int_oled.o(i.Inf_OLED_WR_Byte)
    Int_BQ76952_EnterConfigUpdate            0x080052cf   Thumb Code    54  int_bq76952.o(i.Int_BQ76952_EnterConfigUpdate)
    Int_BQ76952_ExitConfigUpdate             0x08005305   Thumb Code    50  int_bq76952.o(i.Int_BQ76952_ExitConfigUpdate)
    Int_BQ76952_GetLastHalError              0x08005339   Thumb Code     6  int_bq76952.o(i.Int_BQ76952_GetLastHalError)
    Int_BQ76952_InitBoard                    0x08005345   Thumb Code     8  int_bq76952.o(i.Int_BQ76952_InitBoard)
    Int_BQ76952_IsCrcEnabled                 0x08005351   Thumb Code     6  int_bq76952.o(i.Int_BQ76952_IsCrcEnabled)
    Int_BQ76952_ReadDataMemory               0x08005383   Thumb Code    54  int_bq76952.o(i.Int_BQ76952_ReadDataMemory)
    Int_BQ76952_ReadDirect                   0x080053b9   Thumb Code   232  int_bq76952.o(i.Int_BQ76952_ReadDirect)
    Int_BQ76952_ReadSubcommand               0x080054b9   Thumb Code    54  int_bq76952.o(i.Int_BQ76952_ReadSubcommand)
    Int_BQ76952_Reset                        0x08005709   Thumb Code    16  int_bq76952.o(i.Int_BQ76952_Reset)
    Int_BQ76952_SendSubcommand               0x08005719   Thumb Code    20  int_bq76952.o(i.Int_BQ76952_SendSubcommand)
    Int_BQ76952_SetCrcEnabled                0x0800572d   Thumb Code     6  int_bq76952.o(i.Int_BQ76952_SetCrcEnabled)
    Int_BQ76952_WriteDataMemory              0x08005739   Thumb Code   102  int_bq76952.o(i.Int_BQ76952_WriteDataMemory)
    Int_BQ76952_WriteDirect                  0x080057a1   Thumb Code   160  int_bq76952.o(i.Int_BQ76952_WriteDirect)
    Int_Button_Init                          0x08005849   Thumb Code    78  int_button.o(i.Int_Button_Init)
    Int_Button_Task                          0x080058bd   Thumb Code    58  int_button.o(i.Int_Button_Task)
    Int_Buzzer_Init                          0x080058fd   Thumb Code    20  int_buzzer.o(i.Int_Buzzer_Init)
    Int_Buzzer_Stop                          0x08005979   Thumb Code    16  int_buzzer.o(i.Int_Buzzer_Stop)
    Int_Buzzer_Task                          0x0800598d   Thumb Code    22  int_buzzer.o(i.Int_Buzzer_Task)
    Int_CanFd_Init                           0x080059a9   Thumb Code   104  int_canfd.o(i.Int_CanFd_Init)
    Int_EEPROM_Init                          0x08005a1d   Thumb Code    10  int_eeprom.o(i.Int_EEPROM_Init)
    Int_Led_Init                             0x08005a69   Thumb Code    68  int_led.o(i.Int_Led_Init)
    Int_SC8815_InitSafe                      0x08005ce1   Thumb Code    42  int_sc8815.o(i.Int_SC8815_InitSafe)
    Int_SC8815_ReadAdcCurrentMa              0x08005d15   Thumb Code    86  int_sc8815.o(i.Int_SC8815_ReadAdcCurrentMa)
    Int_SC8815_ReadAdcRaw                    0x08005d75   Thumb Code    78  int_sc8815.o(i.Int_SC8815_ReadAdcRaw)
    Int_SC8815_ReadAdcVoltageMv              0x08005dc3   Thumb Code    60  int_sc8815.o(i.Int_SC8815_ReadAdcVoltageMv)
    Int_SC8815_ReadStatus                    0x08005e7f   Thumb Code    66  int_sc8815.o(i.Int_SC8815_ReadStatus)
    Int_SC8815_SetAdcEnabled                 0x08005ec1   Thumb Code    24  int_sc8815.o(i.Int_SC8815_SetAdcEnabled)
    Int_SC8815_SetChipEnabled                0x08005ed9   Thumb Code    20  int_sc8815.o(i.Int_SC8815_SetChipEnabled)
    Int_SC8815_SetCurrentLimitMa             0x08005ef1   Thumb Code   120  int_sc8815.o(i.Int_SC8815_SetCurrentLimitMa)
    Int_SC8815_SetStandby                    0x08005f75   Thumb Code    22  int_sc8815.o(i.Int_SC8815_SetStandby)
    Int_SC8815_UpdateReg                     0x08005f95   Thumb Code    54  int_sc8815.o(i.Int_SC8815_UpdateReg)
    Int_SC8815_WriteReg                      0x08005fcb   Thumb Code    42  int_sc8815.o(i.Int_SC8815_WriteReg)
    MX_FDCAN1_Init                           0x08006035   Thumb Code    70  fdcan.o(i.MX_FDCAN1_Init)
    MX_GPIO_Init                             0x08006085   Thumb Code   274  gpio.o(i.MX_GPIO_Init)
    MX_I2C1_Init                             0x080061a5   Thumb Code    76  i2c.o(i.MX_I2C1_Init)
    MX_I2C2_Init                             0x080061fd   Thumb Code    76  i2c.o(i.MX_I2C2_Init)
    MX_RTC_Init                              0x08006255   Thumb Code    48  rtc.o(i.MX_RTC_Init)
    MX_TIM3_Init                             0x0800628d   Thumb Code   154  tim.o(i.MX_TIM3_Init)
    MX_USART1_UART_Init                      0x08006335   Thumb Code    96  usart.o(i.MX_USART1_UART_Init)
    NMI_Handler                              0x0800639d   Thumb Code     2  stm32g0xx_it.o(i.NMI_Handler)
    RTC_EnterInitMode                        0x0800639f   Thumb Code    68  stm32g0xx_hal_rtc.o(i.RTC_EnterInitMode)
    RTC_ExitInitMode                         0x080063e5   Thumb Code    74  stm32g0xx_hal_rtc.o(i.RTC_ExitInitMode)
    SystemClock_Config                       0x08006435   Thumb Code   128  main.o(i.SystemClock_Config)
    SystemInit                               0x080064b9   Thumb Code     2  system_stm32g0xx.o(i.SystemInit)
    TIM14_IRQHandler                         0x080064bd   Thumb Code    10  stm32g0xx_it.o(i.TIM14_IRQHandler)
    TIM_Base_SetConfig                       0x080064cd   Thumb Code   150  stm32g0xx_hal_tim.o(i.TIM_Base_SetConfig)
    TIM_CCxChannelCmd                        0x08006581   Thumb Code    26  stm32g0xx_hal_tim.o(i.TIM_CCxChannelCmd)
    TIM_ETR_SetConfig                        0x0800659b   Thumb Code    22  stm32g0xx_hal_tim.o(i.TIM_ETR_SetConfig)
    TIM_OC2_SetConfig                        0x08006655   Thumb Code   116  stm32g0xx_hal_tim.o(i.TIM_OC2_SetConfig)
    UART_AdvFeatureConfig                    0x0800697d   Thumb Code   202  stm32g0xx_hal_uart.o(i.UART_AdvFeatureConfig)
    UART_CheckIdleState                      0x08006a49   Thumb Code   180  stm32g0xx_hal_uart.o(i.UART_CheckIdleState)
    UART_SetConfig                           0x08006b65   Thumb Code   600  stm32g0xx_hal_uart.o(i.UART_SetConfig)
    UART_WaitOnFlagUntilTimeout              0x08006df9   Thumb Code   144  stm32g0xx_hal_uart.o(i.UART_WaitOnFlagUntilTimeout)
    __0printf                                0x08006e89   Thumb Code    24  printfa.o(i.__0printf)
    __1printf                                0x08006e89   Thumb Code     0  printfa.o(i.__0printf)
    __2printf                                0x08006e89   Thumb Code     0  printfa.o(i.__0printf)
    __c89printf                              0x08006e89   Thumb Code     0  printfa.o(i.__0printf)
    printf                                   0x08006e89   Thumb Code     0  printfa.o(i.__0printf)
    __ARM_clz                                0x08006ea9   Thumb Code    46  depilogue.o(i.__ARM_clz)
    __ARM_fpclassifyf                        0x08006ed7   Thumb Code    34  fpclassifyf.o(i.__ARM_fpclassifyf)
    __mathlib_flt_infnan                     0x08006f3d   Thumb Code    10  funder.o(i.__mathlib_flt_infnan)
    __mathlib_flt_overflow                   0x08006f47   Thumb Code    14  funder.o(i.__mathlib_flt_overflow)
    __mathlib_flt_underflow                  0x08006f55   Thumb Code    14  funder.o(i.__mathlib_flt_underflow)
    __scatterload_copy                       0x08006f63   Thumb Code    14  handlers.o(i.__scatterload_copy)
    __scatterload_null                       0x08006f71   Thumb Code     2  handlers.o(i.__scatterload_null)
    __scatterload_zeroinit                   0x08006f73   Thumb Code    14  handlers.o(i.__scatterload_zeroinit)
    __set_errno                              0x08006f81   Thumb Code     6  errno.o(i.__set_errno)
    __mathlib_expf                           0x0800783d   Thumb Code     0  expf.o(i.expf)
    expf                                     0x0800783d   Thumb Code   294  expf.o(i.expf)
    fputc                                    0x08007995   Thumb Code    26  retarget.o(i.fputc)
    main                                     0x080079b5   Thumb Code   196  main.o(i.main)
    asc2_0806                                0x08007b12   Data         552  int_oled.o(.constdata)
    asc2_1206                                0x08007d3a   Data        1140  int_oled.o(.constdata)
    asc2_1608                                0x080081ae   Data        1520  int_oled.o(.constdata)
    asc2_2412                                0x0800879e   Data        3420  int_oled.o(.constdata)
    Hzk1                                     0x080094fa   Data         160  int_oled.o(.constdata)
    UARTPrescTable                           0x0800959a   Data          24  stm32g0xx_hal_uart.o(.constdata)
    AHBPrescTable                            0x080095c4   Data          64  system_stm32g0xx.o(.constdata)
    APBPrescTable                            0x08009604   Data          32  system_stm32g0xx.o(.constdata)
    Region$$Table$$Base                      0x0800986c   Number         0  anon$$obj.o(Region$$Table)
    Region$$Table$$Limit                     0x0800988c   Number         0  anon$$obj.o(Region$$Table)
    __stdout                                 0x20000000   Data           4  retarget.o(.data)
    fet_status                               0x2000000a   Data           1  app_batman.o(.data)
    safety_status_a                          0x2000000b   Data           1  app_batman.o(.data)
    safety_status_b                          0x2000000c   Data           1  app_batman.o(.data)
    safety_status_c                          0x2000000d   Data           1  app_batman.o(.data)
    fault_active                             0x2000000e   Data           1  app_batman.o(.data)
    soc_confidence_percent                   0x2000000f   Data           1  app_batman.o(.data)
    soh_percent                              0x20000010   Data           1  app_batman.o(.data)
    soh_confidence_percent                   0x20000011   Data           1  app_batman.o(.data)
    cell_min_mv                              0x20000014   Data           2  app_batman.o(.data)
    cell_max_mv                              0x20000016   Data           2  app_batman.o(.data)
    cell_avg_mv                              0x20000018   Data           2  app_batman.o(.data)
    cell_delta_mv                            0x2000001a   Data           2  app_batman.o(.data)
    temp_ic_c                                0x2000001c   Data           2  app_batman.o(.data)
    temp_ts1_c                               0x2000001e   Data           2  app_batman.o(.data)
    temp_ts3_c                               0x20000020   Data           2  app_batman.o(.data)
    temp_cell_c                              0x20000022   Data           2  app_batman.o(.data)
    temp_fet_c                               0x20000024   Data           2  app_batman.o(.data)
    alarm_status                             0x20000026   Data           2  app_batman.o(.data)
    alarm_raw                                0x20000028   Data           2  app_batman.o(.data)
    battery_status                           0x2000002a   Data           2  app_batman.o(.data)
    stack_mv                                 0x20000030   Data           4  app_batman.o(.data)
    pack_mv                                  0x20000034   Data           4  app_batman.o(.data)
    current_ma                               0x20000038   Data           4  app_batman.o(.data)
    current_a                                0x2000003c   Data           4  app_batman.o(.data)
    soc_percent                              0x20000040   Data           4  app_batman.o(.data)
    display_soc_percent                      0x20000044   Data           4  app_batman.o(.data)
    soc_residual_mv                          0x20000048   Data           4  app_batman.o(.data)
    soc_kalman_gain                          0x2000004c   Data           4  app_batman.o(.data)
    soc_p                                    0x20000050   Data           4  app_batman.o(.data)
    soc_active_capacity_mah                  0x20000054   Data           4  app_batman.o(.data)
    charge_throughput_mah                    0x20000058   Data           4  app_batman.o(.data)
    discharge_throughput_mah                 0x2000005c   Data           4  app_batman.o(.data)
    cycle_count                              0x20000060   Data           4  app_batman.o(.data)
    uwTickFreq                               0x20000090   Data           1  stm32g0xx_hal.o(.data)
    uwTickPrio                               0x20000094   Data           4  stm32g0xx_hal.o(.data)
    uwTick                                   0x20000098   Data           4  stm32g0xx_hal.o(.data)
    SystemCoreClock                          0x2000009c   Data           4  system_stm32g0xx.o(.data)
    hfdcan1                                  0x200000a4   Data         100  fdcan.o(.bss)
    hi2c1                                    0x20000108   Data          84  i2c.o(.bss)
    hi2c2                                    0x2000015c   Data          84  i2c.o(.bss)
    hrtc                                     0x200001b0   Data          44  rtc.o(.bss)
    htim3                                    0x200001dc   Data          76  tim.o(.bss)
    huart1                                   0x20000228   Data         148  usart.o(.bss)
    htim14                                   0x200002bc   Data          76  stm32g0xx_hal_timebase_tim.o(.bss)
    cell_mv                                  0x20000308   Data          12  app_batman.o(.bss)
    OLED_GRAM                                0x20000484   Data        1152  int_oled.o(.bss)
    __initial_sp                             0x20000d08   Data           0  startup_stm32g0b1xx.o(STACK)



==============================================================================

Memory Map of the image

  Image Entry point : 0x080000bd

  Load Region LR_IROM1 (Base: 0x08000000, Size: 0x00009930, Max: 0x00020000, ABSOLUTE)

    Execution Region ER_IROM1 (Exec base: 0x08000000, Load base: 0x08000000, Size: 0x0000988c, Max: 0x00020000, ABSOLUTE)

    Exec Addr    Load Addr    Size         Type   Attr      Idx    E Section Name        Object

    0x08000000   0x08000000   0x000000bc   Data   RO            3    RESET               startup_stm32g0b1xx.o
    0x080000bc   0x080000bc   0x00000000   Code   RO         6252  * .ARM.Collect$$$$00000000  mc_p.l(entry.o)
    0x080000bc   0x080000bc   0x00000004   Code   RO         6568    .ARM.Collect$$$$00000001  mc_p.l(entry2.o)
    0x080000c0   0x080000c0   0x00000004   Code   RO         6571    .ARM.Collect$$$$00000004  mc_p.l(entry5.o)
    0x080000c4   0x080000c4   0x00000000   Code   RO         6573    .ARM.Collect$$$$00000008  mc_p.l(entry7b.o)
    0x080000c4   0x080000c4   0x00000000   Code   RO         6575    .ARM.Collect$$$$0000000A  mc_p.l(entry8b.o)
    0x080000c4   0x080000c4   0x00000008   Code   RO         6576    .ARM.Collect$$$$0000000B  mc_p.l(entry9a.o)
    0x080000cc   0x080000cc   0x00000004   Code   RO         6583    .ARM.Collect$$$$0000000E  mc_p.l(entry12b.o)
    0x080000d0   0x080000d0   0x00000000   Code   RO         6578    .ARM.Collect$$$$0000000F  mc_p.l(entry10a.o)
    0x080000d0   0x080000d0   0x00000000   Code   RO         6580    .ARM.Collect$$$$00000011  mc_p.l(entry11a.o)
    0x080000d0   0x080000d0   0x00000004   Code   RO         6569    .ARM.Collect$$$$00002712  mc_p.l(entry2.o)
    0x080000d4   0x080000d4   0x0000001c   Code   RO            4    .text               startup_stm32g0b1xx.o
    0x080000f0   0x080000f0   0x0000002c   Code   RO         6255    .text               mc_p.l(uidiv.o)
    0x0800011c   0x0800011c   0x00000028   Code   RO         6257    .text               mc_p.l(idiv.o)
    0x08000144   0x08000144   0x00000060   Code   RO         6259    .text               mc_p.l(uldiv.o)
    0x080001a4   0x080001a4   0x00000024   Code   RO         6261    .text               mc_p.l(memcpya.o)
    0x080001c8   0x080001c8   0x00000024   Code   RO         6263    .text               mc_p.l(memseta.o)
    0x080001ec   0x080001ec   0x0000000e   Code   RO         6265    .text               mc_p.l(strlen.o)
    0x080001fa   0x080001fa   0x000000b2   Code   RO         6532    .text               mf_p.l(fadd.o)
    0x080002ac   0x080002ac   0x0000007a   Code   RO         6534    .text               mf_p.l(fmul.o)
    0x08000326   0x08000326   0x0000007c   Code   RO         6536    .text               mf_p.l(fdiv.o)
    0x080003a2   0x080003a2   0x00000018   Code   RO         6538    .text               mf_p.l(fscalb.o)
    0x080003ba   0x080003ba   0x00000016   Code   RO         6540    .text               mf_p.l(fflti.o)
    0x080003d0   0x080003d0   0x0000000e   Code   RO         6542    .text               mf_p.l(ffltui.o)
    0x080003de   0x080003de   0x00000028   Code   RO         6544    .text               mf_p.l(ffixui.o)
    0x08000406   0x08000406   0x00000028   Code   RO         6546    .text               mf_p.l(f2d.o)
    0x0800042e   0x0800042e   0x00000002   PAD
    0x08000430   0x08000430   0x00000014   Code   RO         6548    .text               mf_p.l(cfcmple.o)
    0x08000444   0x08000444   0x00000014   Code   RO         6550    .text               mf_p.l(cfrcmple.o)
    0x08000458   0x08000458   0x00000020   Code   RO         6584    .text               mc_p.l(llshl.o)
    0x08000478   0x08000478   0x00000022   Code   RO         6586    .text               mc_p.l(llushr.o)
    0x0800049a   0x0800049a   0x00000000   Code   RO         6595    .text               mc_p.l(iusefp.o)
    0x0800049a   0x0800049a   0x00000082   Code   RO         6596    .text               mf_p.l(fepilogue.o)
    0x0800051c   0x0800051c   0x0000003e   Code   RO         6598    .text               mf_p.l(frnd.o)
    0x0800055a   0x0800055a   0x00000002   PAD
    0x0800055c   0x0800055c   0x00000168   Code   RO         6600    .text               mf_p.l(dadd.o)
    0x080006c4   0x080006c4   0x000000d0   Code   RO         6602    .text               mf_p.l(dmul.o)
    0x08000794   0x08000794   0x000000f0   Code   RO         6604    .text               mf_p.l(ddiv.o)
    0x08000884   0x08000884   0x00000032   Code   RO         6606    .text               mf_p.l(ffixi.o)
    0x080008b6   0x080008b6   0x00000002   PAD
    0x080008b8   0x080008b8   0x00000040   Code   RO         6608    .text               mf_p.l(dfixul.o)
    0x080008f8   0x080008f8   0x00000028   Code   RO         6610    .text               mf_p.l(cdrcmple.o)
    0x08000920   0x08000920   0x00000024   Code   RO         6614    .text               mc_p.l(init.o)
    0x08000944   0x08000944   0x00000026   Code   RO         6616    .text               mc_p.l(llsshr.o)
    0x0800096a   0x0800096a   0x000000be   Code   RO         6618    .text               mf_p.l(depilogue.o)
    0x08000a28   0x08000a28   0x000000f4   Code   RO          597    i.App_BatMan_ConfigBq  app_batman.o
    0x08000b1c   0x08000b1c   0x00000218   Code   RO          598    i.App_BatMan_Init   app_batman.o
    0x08000d34   0x08000d34   0x000000e4   Code   RO          599    i.App_BatMan_InitAlgorithms  app_batman.o
    0x08000e18   0x08000e18   0x0000000e   Code   RO          600    i.App_BatMan_IsTempValid  app_batman.o
    0x08000e26   0x08000e26   0x00000002   PAD
    0x08000e28   0x08000e28   0x00000088   Code   RO          601    i.App_BatMan_LoadBqStatus  app_batman.o
    0x08000eb0   0x08000eb0   0x00000094   Code   RO          602    i.App_BatMan_LoadCellsVoltage  app_batman.o
    0x08000f44   0x08000f44   0x000000b8   Code   RO          603    i.App_BatMan_LoadTemperature  app_batman.o
    0x08000ffc   0x08000ffc   0x00000088   Code   RO          604    i.App_BatMan_PrintDebug  app_batman.o
    0x08001084   0x08001084   0x00000028   Code   RO          605    i.App_BatMan_ReadDirectU16  app_batman.o
    0x080010ac   0x080010ac   0x00000020   Code   RO          606    i.App_BatMan_ReadDirectU8  app_batman.o
    0x080010cc   0x080010cc   0x00000080   Code   RO          607    i.App_BatMan_ResetState  app_batman.o
    0x0800114c   0x0800114c   0x00000098   Code   RO          608    i.App_BatMan_Sample  app_batman.o
    0x080011e4   0x080011e4   0x00000040   Code   RO          609    i.App_BatMan_Task   app_batman.o
    0x08001224   0x08001224   0x0000005c   Code   RO          610    i.App_BatMan_UpdateHealth  app_batman.o
    0x08001280   0x08001280   0x00000078   Code   RO          611    i.App_BatMan_UpdateSoc  app_batman.o
    0x080012f8   0x080012f8   0x0000005c   Code   RO          612    i.App_BatMan_WriteConfigU16  app_batman.o
    0x08001354   0x08001354   0x0000004c   Code   RO          613    i.App_BatMan_WriteConfigU8  app_batman.o
    0x080013a0   0x080013a0   0x00000008   Code   RO          614    i.App_BatMan_WriteU16Le  app_batman.o
    0x080013a8   0x080013a8   0x00000008   Code   RO          731    i.App_Buzzer_Init   app_buzzer.o
    0x080013b0   0x080013b0   0x00000010   Code   RO          765    i.App_OLED_HexNibble  app_oled.o
    0x080013c0   0x080013c0   0x0000001c   Code   RO          766    i.App_OLED_Init     app_oled.o
    0x080013dc   0x080013dc   0x000000cc   Code   RO          767    i.App_OLED_Render   app_oled.o
    0x080014a8   0x080014a8   0x00000044   Code   RO          768    i.App_OLED_ShowBqIicPowerConfig  app_oled.o
    0x080014ec   0x080014ec   0x0000002c   Code   RO          769    i.App_OLED_ShowIicStatus  app_oled.o
    0x08001518   0x08001518   0x00000114   Code   RO          810    i.App_SC8815_ApplyChargeRequest  app_sc8815.o
    0x0800162c   0x0800162c   0x00000014   Code   RO          811    i.App_SC8815_Check  app_sc8815.o
    0x08001640   0x08001640   0x0000007c   Code   RO          813    i.App_SC8815_Init   app_sc8815.o
    0x080016bc   0x080016bc   0x00000080   Code   RO          814    i.App_SC8815_PrintDebug  app_sc8815.o
    0x0800173c   0x0800173c   0x00000078   Code   RO          816    i.App_SC8815_Sample  app_sc8815.o
    0x080017b4   0x080017b4   0x0000001c   Code   RO          817    i.App_SC8815_SetStandbyMonitor  app_sc8815.o
    0x080017d0   0x080017d0   0x0000002c   Code   RO          818    i.App_SC8815_Task   app_sc8815.o
    0x080017fc   0x080017fc   0x0000001c   Code   RO          178    i.Bringup_UartPrint  main.o
    0x08001818   0x08001818   0x00000020   Code   RO          879    i.Com_BQ76952_Temp0p1KToC  com_bq76952.o
    0x08001838   0x08001838   0x00000058   Code   RO          914    i.Com_BatteryParam_GetOcvSlopeMvPerPercent  com_batteryparam.o
    0x08001890   0x08001890   0x00000064   Code   RO          916    i.Com_BatteryParam_GetSoc0p01ByVoltage  com_batteryparam.o
    0x080018f4   0x080018f4   0x0000005c   Code   RO          917    i.Com_BatteryParam_GetVoltageBySoc0p01  com_batteryparam.o
    0x08001950   0x08001950   0x00000014   Code   RO          946    i.Com_SOC_AbsI32    com_soc.o
    0x08001964   0x08001964   0x00000010   Code   RO          947    i.Com_SOC_AddMs     com_soc.o
    0x08001974   0x08001974   0x000000c4   Code   RO          948    i.Com_SOC_AnchorByVoltage  com_soc.o
    0x08001a38   0x08001a38   0x000001bc   Code   RO          949    i.Com_SOC_CheckConfig  com_soc.o
    0x08001bf4   0x08001bf4   0x00000024   Code   RO          950    i.Com_SOC_ClampFloat  com_soc.o
    0x08001c18   0x08001c18   0x00000340   Code   RO          951    i.Com_SOC_EkfVoltageUpdate  com_soc.o
    0x08001f58   0x08001f58   0x000000b4   Code   RO          952    i.Com_SOC_FillDefaultConfig  com_soc.o
    0x0800200c   0x0800200c   0x00000014   Code   RO          955    i.Com_SOC_GetResult  com_soc.o
    0x08002020   0x08002020   0x000000a0   Code   RO          957    i.Com_SOC_Init      com_soc.o
    0x080020c0   0x080020c0   0x00000040   Code   RO          958    i.Com_SOC_IsCellSampleValid  com_soc.o
    0x08002100   0x08002100   0x0000001c   Code   RO          959    i.Com_SOC_IsCellVoltageValid  com_soc.o
    0x0800211c   0x0800211c   0x0000000e   Code   RO          960    i.Com_SOC_IsFiniteFloat  com_soc.o
    0x0800212a   0x0800212a   0x00000014   Code   RO          962    i.Com_SOC_MakePositiveI32  com_soc.o
    0x0800213e   0x0800213e   0x00000002   PAD
    0x08002140   0x08002140   0x000001c4   Code   RO          963    i.Com_SOC_Predict   com_soc.o
    0x08002304   0x08002304   0x00000098   Code   RO          964    i.Com_SOC_ProtectCovariance  com_soc.o
    0x0800239c   0x0800239c   0x00000070   Code   RO          965    i.Com_SOC_ProtectState  com_soc.o
    0x0800240c   0x0800240c   0x00000048   Code   RO          966    i.Com_SOC_ResetCovariance  com_soc.o
    0x08002454   0x08002454   0x00000068   Code   RO          967    i.Com_SOC_SeedByVoltage  com_soc.o
    0x080024bc   0x080024bc   0x00000020   Code   RO          968    i.Com_SOC_TightenSocCovariance  com_soc.o
    0x080024dc   0x080024dc   0x00000110   Code   RO          969    i.Com_SOC_Update    com_soc.o
    0x080025ec   0x080025ec   0x0000004c   Code   RO          970    i.Com_SOC_UpdateConfidence  com_soc.o
    0x08002638   0x08002638   0x00000050   Code   RO          971    i.Com_SOC_UpdateCurrentStable  com_soc.o
    0x08002688   0x08002688   0x00000094   Code   RO          972    i.Com_SOC_UpdateDisplay  com_soc.o
    0x0800271c   0x0800271c   0x0000006c   Code   RO          973    i.Com_SOC_UpdatePublicResult  com_soc.o
    0x08002788   0x08002788   0x00000098   Code   RO          974    i.Com_SOC_UpdateRestState  com_soc.o
    0x08002820   0x08002820   0x000000b4   Code   RO          975    i.Com_SOC_UpdateVoltageModelDebug  com_soc.o
    0x080028d4   0x080028d4   0x00000024   Code   RO         1118    i.Com_SOH_AddWholeMah  com_soh.o
    0x080028f8   0x080028f8   0x00000014   Code   RO         1119    i.Com_SOH_GetResult  com_soh.o
    0x0800290c   0x0800290c   0x0000005c   Code   RO         1120    i.Com_SOH_Init      com_soh.o
    0x08002968   0x08002968   0x000000f4   Code   RO         1121    i.Com_SOH_Update    com_soh.o
    0x08002a5c   0x08002a5c   0x00000064   Code   RO         1122    i.Com_SOH_UpdateScore  com_soh.o
    0x08002ac0   0x08002ac0   0x0000000a   Code   RO          500    i.EXTI4_15_IRQHandler  stm32g0xx_it.o
    0x08002aca   0x08002aca   0x00000004   Code   RO          179    i.Error_Handler     main.o
    0x08002ace   0x08002ace   0x00000002   PAD
    0x08002ad0   0x08002ad0   0x00000074   Code   RO         2942    i.FDCAN_CalcultateRamBlockAddresses  stm32g0xx_hal_fdcan.o
    0x08002b44   0x08002b44   0x00000024   Code   RO         4423    i.HAL_Delay         stm32g0xx_hal.o
    0x08002b68   0x08002b68   0x0000005e   Code   RO         2948    i.HAL_FDCAN_ConfigFilter  stm32g0xx_hal_fdcan.o
    0x08002bc6   0x08002bc6   0x00000036   Code   RO         2949    i.HAL_FDCAN_ConfigGlobalFilter  stm32g0xx_hal_fdcan.o
    0x08002bfc   0x08002bfc   0x000001a4   Code   RO         2987    i.HAL_FDCAN_Init    stm32g0xx_hal_fdcan.o
    0x08002da0   0x08002da0   0x0000007c   Code   RO          299    i.HAL_FDCAN_MspInit  fdcan.o
    0x08002e1c   0x08002e1c   0x0000002c   Code   RO         2996    i.HAL_FDCAN_Start   stm32g0xx_hal_fdcan.o
    0x08002e48   0x08002e48   0x00000002   Code   RO         3778    i.HAL_GPIO_EXTI_Falling_Callback  stm32g0xx_hal_gpio.o
    0x08002e4a   0x08002e4a   0x00000002   PAD
    0x08002e4c   0x08002e4c   0x00000028   Code   RO         3779    i.HAL_GPIO_EXTI_IRQHandler  stm32g0xx_hal_gpio.o
    0x08002e74   0x08002e74   0x00000002   Code   RO         3780    i.HAL_GPIO_EXTI_Rising_Callback  stm32g0xx_hal_gpio.o
    0x08002e76   0x08002e76   0x00000002   PAD
    0x08002e78   0x08002e78   0x00000164   Code   RO         3781    i.HAL_GPIO_Init     stm32g0xx_hal_gpio.o
    0x08002fdc   0x08002fdc   0x0000000a   Code   RO         3783    i.HAL_GPIO_ReadPin  stm32g0xx_hal_gpio.o
    0x08002fe6   0x08002fe6   0x0000000c   Code   RO         3785    i.HAL_GPIO_WritePin  stm32g0xx_hal_gpio.o
    0x08002ff2   0x08002ff2   0x00000002   PAD
    0x08002ff4   0x08002ff4   0x0000000c   Code   RO         4427    i.HAL_GetTick       stm32g0xx_hal.o
    0x08003000   0x08003000   0x0000004a   Code   RO         5184    i.HAL_I2CEx_ConfigAnalogFilter  stm32g0xx_hal_i2c_ex.o
    0x0800304a   0x0800304a   0x00000048   Code   RO         5185    i.HAL_I2CEx_ConfigDigitalFilter  stm32g0xx_hal_i2c_ex.o
    0x08003092   0x08003092   0x00000004   Code   RO         4724    i.HAL_I2C_GetError  stm32g0xx_hal_i2c.o
    0x08003096   0x08003096   0x00000002   PAD
    0x08003098   0x08003098   0x000000bc   Code   RO         4727    i.HAL_I2C_Init      stm32g0xx_hal_i2c.o
    0x08003154   0x08003154   0x00000104   Code   RO         4728    i.HAL_I2C_IsDeviceReady  stm32g0xx_hal_i2c.o
    0x08003258   0x08003258   0x00000138   Code   RO         4740    i.HAL_I2C_Master_Transmit  stm32g0xx_hal_i2c.o
    0x08003390   0x08003390   0x00000154   Code   RO         4745    i.HAL_I2C_Mem_Read  stm32g0xx_hal_i2c.o
    0x080034e4   0x080034e4   0x0000014c   Code   RO         4748    i.HAL_I2C_Mem_Write  stm32g0xx_hal_i2c.o
    0x08003630   0x08003630   0x000000c8   Code   RO          337    i.HAL_I2C_MspInit   i2c.o
    0x080036f8   0x080036f8   0x00000010   Code   RO         4433    i.HAL_IncTick       stm32g0xx_hal.o
    0x08003708   0x08003708   0x00000028   Code   RO         4434    i.HAL_Init          stm32g0xx_hal.o
    0x08003730   0x08003730   0x0000009c   Code   RO          562    i.HAL_InitTick      stm32g0xx_hal_timebase_tim.o
    0x080037cc   0x080037cc   0x00000034   Code   RO          542    i.HAL_MspInit       stm32g0xx_hal_msp.o
    0x08003800   0x08003800   0x00000018   Code   RO         4301    i.HAL_NVIC_EnableIRQ  stm32g0xx_hal_cortex.o
    0x08003818   0x08003818   0x00000008   Code   RO         4305    i.HAL_NVIC_SetPriority  stm32g0xx_hal_cortex.o
    0x08003820   0x08003820   0x0000004c   Code   RO         4078    i.HAL_PWREx_ControlVoltageScaling  stm32g0xx_hal_pwr_ex.o
    0x0800386c   0x0800386c   0x00000010   Code   RO         3995    i.HAL_PWR_EnableBkUpAccess  stm32g0xx_hal_pwr.o
    0x0800387c   0x0800387c   0x00000280   Code   RO         3454    i.HAL_RCCEx_PeriphCLKConfig  stm32g0xx_hal_rcc_ex.o
    0x08003afc   0x08003afc   0x00000158   Code   RO         3329    i.HAL_RCC_ClockConfig  stm32g0xx_hal_rcc.o
    0x08003c54   0x08003c54   0x00000038   Code   RO         3334    i.HAL_RCC_GetClockConfig  stm32g0xx_hal_rcc.o
    0x08003c8c   0x08003c8c   0x00000028   Code   RO         3337    i.HAL_RCC_GetPCLK1Freq  stm32g0xx_hal_rcc.o
    0x08003cb4   0x08003cb4   0x0000008c   Code   RO         3339    i.HAL_RCC_GetSysClockFreq  stm32g0xx_hal_rcc.o
    0x08003d40   0x08003d40   0x00000436   Code   RO         3343    i.HAL_RCC_OscConfig  stm32g0xx_hal_rcc.o
    0x08004176   0x08004176   0x00000002   PAD
    0x08004178   0x08004178   0x000000b0   Code   RO         5247    i.HAL_RTC_Init      stm32g0xx_hal_rtc.o
    0x08004228   0x08004228   0x00000058   Code   RO          381    i.HAL_RTC_MspInit   rtc.o
    0x08004280   0x08004280   0x00000034   Code   RO         5255    i.HAL_RTC_WaitForSynchro  stm32g0xx_hal_rtc.o
    0x080042b4   0x080042b4   0x00000014   Code   RO         4447    i.HAL_SYSCFG_StrobeDBattpinsConfig  stm32g0xx_hal.o
    0x080042c8   0x080042c8   0x00000002   Code   RO         2643    i.HAL_TIMEx_Break2Callback  stm32g0xx_hal_tim_ex.o
    0x080042ca   0x080042ca   0x00000002   Code   RO         2644    i.HAL_TIMEx_BreakCallback  stm32g0xx_hal_tim_ex.o
    0x080042cc   0x080042cc   0x00000002   Code   RO         2645    i.HAL_TIMEx_CommutCallback  stm32g0xx_hal_tim_ex.o
    0x080042ce   0x080042ce   0x00000002   PAD
    0x080042d0   0x080042d0   0x0000007c   Code   RO         2666    i.HAL_TIMEx_MasterConfigSynchronization  stm32g0xx_hal_tim_ex.o
    0x0800434c   0x0800434c   0x0000004c   Code   RO         1933    i.HAL_TIM_Base_Init  stm32g0xx_hal_tim.o
    0x08004398   0x08004398   0x00000024   Code   RO          419    i.HAL_TIM_Base_MspInit  tim.o
    0x080043bc   0x080043bc   0x0000006c   Code   RO         1938    i.HAL_TIM_Base_Start_IT  stm32g0xx_hal_tim.o
    0x08004428   0x08004428   0x000000e0   Code   RO         1942    i.HAL_TIM_ConfigClockSource  stm32g0xx_hal_tim.o
    0x08004508   0x08004508   0x00000002   Code   RO         1967    i.HAL_TIM_IC_CaptureCallback  stm32g0xx_hal_tim.o
    0x0800450a   0x0800450a   0x00000002   PAD
    0x0800450c   0x0800450c   0x00000148   Code   RO         1981    i.HAL_TIM_IRQHandler  stm32g0xx_hal_tim.o
    0x08004654   0x08004654   0x00000050   Code   RO          420    i.HAL_TIM_MspPostInit  tim.o
    0x080046a4   0x080046a4   0x00000002   Code   RO         1984    i.HAL_TIM_OC_DelayElapsedCallback  stm32g0xx_hal_tim.o
    0x080046a6   0x080046a6   0x00000128   Code   RO         2005    i.HAL_TIM_PWM_ConfigChannel  stm32g0xx_hal_tim.o
    0x080047ce   0x080047ce   0x0000004c   Code   RO         2008    i.HAL_TIM_PWM_Init  stm32g0xx_hal_tim.o
    0x0800481a   0x0800481a   0x00000002   Code   RO         2010    i.HAL_TIM_PWM_MspInit  stm32g0xx_hal_tim.o
    0x0800481c   0x0800481c   0x00000002   Code   RO         2011    i.HAL_TIM_PWM_PulseFinishedCallback  stm32g0xx_hal_tim.o
    0x0800481e   0x0800481e   0x00000002   PAD
    0x08004820   0x08004820   0x000000e0   Code   RO         2013    i.HAL_TIM_PWM_Start  stm32g0xx_hal_tim.o
    0x08004900   0x08004900   0x000000a4   Code   RO         2016    i.HAL_TIM_PWM_Stop  stm32g0xx_hal_tim.o
    0x080049a4   0x080049a4   0x00000014   Code   RO          180    i.HAL_TIM_PeriodElapsedCallback  main.o
    0x080049b8   0x080049b8   0x00000002   Code   RO         2024    i.HAL_TIM_TriggerCallback  stm32g0xx_hal_tim.o
    0x080049ba   0x080049ba   0x0000003c   Code   RO         6096    i.HAL_UARTEx_DisableFifoMode  stm32g0xx_hal_uart_ex.o
    0x080049f6   0x080049f6   0x00000048   Code   RO         6105    i.HAL_UARTEx_SetRxFifoThreshold  stm32g0xx_hal_uart_ex.o
    0x08004a3e   0x08004a3e   0x00000046   Code   RO         6106    i.HAL_UARTEx_SetTxFifoThreshold  stm32g0xx_hal_uart_ex.o
    0x08004a84   0x08004a84   0x0000006c   Code   RO         5709    i.HAL_UART_Init     stm32g0xx_hal_uart.o
    0x08004af0   0x08004af0   0x00000080   Code   RO          463    i.HAL_UART_MspInit  usart.o
    0x08004b70   0x08004b70   0x000000d6   Code   RO         5718    i.HAL_UART_Transmit  stm32g0xx_hal_uart.o
    0x08004c46   0x08004c46   0x00000002   Code   RO          501    i.HardFault_Handler  stm32g0xx_it.o
    0x08004c48   0x08004c48   0x00000022   Code   RO         4774    i.I2C_Flush_TXDR    stm32g0xx_hal_i2c.o
    0x08004c6a   0x08004c6a   0x00000002   PAD
    0x08004c6c   0x08004c6c   0x00000110   Code   RO         4782    i.I2C_IsErrorOccurred  stm32g0xx_hal_i2c.o
    0x08004d7c   0x08004d7c   0x00000060   Code   RO         4787    i.I2C_RequestMemoryRead  stm32g0xx_hal_i2c.o
    0x08004ddc   0x08004ddc   0x00000060   Code   RO         4788    i.I2C_RequestMemoryWrite  stm32g0xx_hal_i2c.o
    0x08004e3c   0x08004e3c   0x0000002c   Code   RO         4791    i.I2C_TransferConfig  stm32g0xx_hal_i2c.o
    0x08004e68   0x08004e68   0x00000072   Code   RO         4793    i.I2C_WaitOnFlagUntilTimeout  stm32g0xx_hal_i2c.o
    0x08004eda   0x08004eda   0x00000056   Code   RO         4795    i.I2C_WaitOnSTOPFlagUntilTimeout  stm32g0xx_hal_i2c.o
    0x08004f30   0x08004f30   0x0000005a   Code   RO         4796    i.I2C_WaitOnTXISFlagUntilTimeout  stm32g0xx_hal_i2c.o
    0x08004f8a   0x08004f8a   0x00000002   PAD
    0x08004f8c   0x08004f8c   0x00000018   Code   RO         1320    i.Inf_OLED_Clear    int_oled.o
    0x08004fa4   0x08004fa4   0x00000030   Code   RO         1327    i.Inf_OLED_DrawPoint  int_oled.o
    0x08004fd4   0x08004fd4   0x000000f0   Code   RO         1329    i.Inf_OLED_Init     int_oled.o
    0x080050c4   0x080050c4   0x00000048   Code   RO         1331    i.Inf_OLED_Refresh  int_oled.o
    0x0800510c   0x0800510c   0x000000f0   Code   RO         1333    i.Inf_OLED_ShowChar  int_oled.o
    0x080051fc   0x080051fc   0x00000046   Code   RO         1337    i.Inf_OLED_ShowString  int_oled.o
    0x08005242   0x08005242   0x00000002   PAD
    0x08005244   0x08005244   0x00000028   Code   RO         1338    i.Inf_OLED_WR_Byte  int_oled.o
    0x0800526c   0x0800526c   0x00000020   Code   RO         1156    i.Int_BQ76952_BufferChecksum  int_bq76952.o
    0x0800528c   0x0800528c   0x00000010   Code   RO         1157    i.Int_BQ76952_CheckLen  int_bq76952.o
    0x0800529c   0x0800529c   0x00000032   Code   RO         1158    i.Int_BQ76952_Crc8  int_bq76952.o
    0x080052ce   0x080052ce   0x00000036   Code   RO         1159    i.Int_BQ76952_EnterConfigUpdate  int_bq76952.o
    0x08005304   0x08005304   0x00000032   Code   RO         1160    i.Int_BQ76952_ExitConfigUpdate  int_bq76952.o
    0x08005336   0x08005336   0x00000002   PAD
    0x08005338   0x08005338   0x0000000c   Code   RO         1161    i.Int_BQ76952_GetLastHalError  int_bq76952.o
    0x08005344   0x08005344   0x0000000c   Code   RO         1162    i.Int_BQ76952_InitBoard  int_bq76952.o
    0x08005350   0x08005350   0x0000000c   Code   RO         1164    i.Int_BQ76952_IsCrcEnabled  int_bq76952.o
    0x0800535c   0x0800535c   0x00000026   Code   RO         1166    i.Int_BQ76952_ReadCfgUpdateBit  int_bq76952.o
    0x08005382   0x08005382   0x00000036   Code   RO         1167    i.Int_BQ76952_ReadDataMemory  int_bq76952.o
    0x080053b8   0x080053b8   0x00000100   Code   RO         1169    i.Int_BQ76952_ReadDirect  int_bq76952.o
    0x080054b8   0x080054b8   0x00000036   Code   RO         1170    i.Int_BQ76952_ReadSubcommand  int_bq76952.o
    0x080054ee   0x080054ee   0x00000002   PAD
    0x080054f0   0x080054f0   0x00000200   Code   RO         1171    i.Int_BQ76952_ReadTransfer  int_bq76952.o
    0x080056f0   0x080056f0   0x00000018   Code   RO         1172    i.Int_BQ76952_RecordHalError  int_bq76952.o
    0x08005708   0x08005708   0x00000010   Code   RO         1173    i.Int_BQ76952_Reset  int_bq76952.o
    0x08005718   0x08005718   0x00000014   Code   RO         1174    i.Int_BQ76952_SendSubcommand  int_bq76952.o
    0x0800572c   0x0800572c   0x0000000c   Code   RO         1175    i.Int_BQ76952_SetCrcEnabled  int_bq76952.o
    0x08005738   0x08005738   0x00000066   Code   RO         1178    i.Int_BQ76952_WriteDataMemory  int_bq76952.o
    0x0800579e   0x0800579e   0x00000002   PAD
    0x080057a0   0x080057a0   0x000000a8   Code   RO         1179    i.Int_BQ76952_WriteDirect  int_bq76952.o
    0x08005848   0x08005848   0x0000005c   Code   RO         1612    i.Int_Button_Init   int_button.o
    0x080058a4   0x080058a4   0x00000018   Code   RO         1615    i.Int_Button_ReadLevel  int_button.o
    0x080058bc   0x080058bc   0x00000040   Code   RO         1616    i.Int_Button_Task   int_button.o
    0x080058fc   0x080058fc   0x00000018   Code   RO         1680    i.Int_Buzzer_Init   int_buzzer.o
    0x08005914   0x08005914   0x00000064   Code   RO         1683    i.Int_Buzzer_SetPwm  int_buzzer.o
    0x08005978   0x08005978   0x00000014   Code   RO         1685    i.Int_Buzzer_Stop   int_buzzer.o
    0x0800598c   0x0800598c   0x0000001c   Code   RO         1686    i.Int_Buzzer_Task   int_buzzer.o
    0x080059a8   0x080059a8   0x00000074   Code   RO         1753    i.Int_CanFd_Init    int_canfd.o
    0x08005a1c   0x08005a1c   0x0000000a   Code   RO         1864    i.Int_EEPROM_Init   int_eeprom.o
    0x08005a26   0x08005a26   0x00000002   PAD
    0x08005a28   0x08005a28   0x00000040   Code   RO         1868    i.Int_EEPROM_WaitReady  int_eeprom.o
    0x08005a68   0x08005a68   0x0000004c   Code   RO         1815    i.Int_Led_Init      int_led.o
    0x08005ab4   0x08005ab4   0x00000014   Code   RO         1452    i.Int_SC8815_BusStart  int_sc8815.o
    0x08005ac8   0x08005ac8   0x00000010   Code   RO         1453    i.Int_SC8815_BusStop  int_sc8815.o
    0x08005ad8   0x08005ad8   0x0000003a   Code   RO         1454    i.Int_SC8815_BusWriteByte  int_sc8815.o
    0x08005b12   0x08005b12   0x00000010   Code   RO         1455    i.Int_SC8815_CheckReservedBits  int_sc8815.o
    0x08005b22   0x08005b22   0x00000002   PAD
    0x08005b24   0x08005b24   0x00000018   Code   RO         1456    i.Int_SC8815_CurrentLimitCodeToMa  int_sc8815.o
    0x08005b3c   0x08005b3c   0x00000130   Code   RO         1457    i.Int_SC8815_GuardWrite  int_sc8815.o
    0x08005c6c   0x08005c6c   0x00000010   Code   RO         1458    i.Int_SC8815_IicDelay  int_sc8815.o
    0x08005c7c   0x08005c7c   0x00000014   Code   RO         1459    i.Int_SC8815_IicSclHigh  int_sc8815.o
    0x08005c90   0x08005c90   0x00000014   Code   RO         1460    i.Int_SC8815_IicSclLow  int_sc8815.o
    0x08005ca4   0x08005ca4   0x00000014   Code   RO         1461    i.Int_SC8815_IicSdaHigh  int_sc8815.o
    0x08005cb8   0x08005cb8   0x00000014   Code   RO         1462    i.Int_SC8815_IicSdaLow  int_sc8815.o
    0x08005ccc   0x08005ccc   0x00000014   Code   RO         1463    i.Int_SC8815_IicSdaRead  int_sc8815.o
    0x08005ce0   0x08005ce0   0x00000034   Code   RO         1464    i.Int_SC8815_InitSafe  int_sc8815.o
    0x08005d14   0x08005d14   0x00000060   Code   RO         1465    i.Int_SC8815_ReadAdcCurrentMa  int_sc8815.o
    0x08005d74   0x08005d74   0x0000004e   Code   RO         1466    i.Int_SC8815_ReadAdcRaw  int_sc8815.o
    0x08005dc2   0x08005dc2   0x0000003c   Code   RO         1467    i.Int_SC8815_ReadAdcVoltageMv  int_sc8815.o
    0x08005dfe   0x08005dfe   0x00000080   Code   RO         1469    i.Int_SC8815_ReadRegRaw  int_sc8815.o
    0x08005e7e   0x08005e7e   0x00000042   Code   RO         1470    i.Int_SC8815_ReadStatus  int_sc8815.o
    0x08005ec0   0x08005ec0   0x00000018   Code   RO         1471    i.Int_SC8815_SetAdcEnabled  int_sc8815.o
    0x08005ed8   0x08005ed8   0x00000018   Code   RO         1472    i.Int_SC8815_SetChipEnabled  int_sc8815.o
    0x08005ef0   0x08005ef0   0x00000084   Code   RO         1473    i.Int_SC8815_SetCurrentLimitMa  int_sc8815.o
    0x08005f74   0x08005f74   0x00000020   Code   RO         1474    i.Int_SC8815_SetStandby  int_sc8815.o
    0x08005f94   0x08005f94   0x00000036   Code   RO         1475    i.Int_SC8815_UpdateReg  int_sc8815.o
    0x08005fca   0x08005fca   0x0000002a   Code   RO         1476    i.Int_SC8815_WriteReg  int_sc8815.o
    0x08005ff4   0x08005ff4   0x00000040   Code   RO         1477    i.Int_SC8815_WriteRegRaw  int_sc8815.o
    0x08006034   0x08006034   0x00000050   Code   RO          300    i.MX_FDCAN1_Init    fdcan.o
    0x08006084   0x08006084   0x00000120   Code   RO          278    i.MX_GPIO_Init      gpio.o
    0x080061a4   0x080061a4   0x00000058   Code   RO          338    i.MX_I2C1_Init      i2c.o
    0x080061fc   0x080061fc   0x00000058   Code   RO          339    i.MX_I2C2_Init      i2c.o
    0x08006254   0x08006254   0x00000038   Code   RO          382    i.MX_RTC_Init       rtc.o
    0x0800628c   0x0800628c   0x000000a8   Code   RO          421    i.MX_TIM3_Init      tim.o
    0x08006334   0x08006334   0x00000068   Code   RO          464    i.MX_USART1_UART_Init  usart.o
    0x0800639c   0x0800639c   0x00000002   Code   RO          502    i.NMI_Handler       stm32g0xx_it.o
    0x0800639e   0x0800639e   0x00000044   Code   RO         5258    i.RTC_EnterInitMode  stm32g0xx_hal_rtc.o
    0x080063e2   0x080063e2   0x00000002   PAD
    0x080063e4   0x080063e4   0x00000050   Code   RO         5259    i.RTC_ExitInitMode  stm32g0xx_hal_rtc.o
    0x08006434   0x08006434   0x00000084   Code   RO          181    i.SystemClock_Config  main.o
    0x080064b8   0x080064b8   0x00000002   Code   RO         6211    i.SystemInit        system_stm32g0xx.o
    0x080064ba   0x080064ba   0x00000002   PAD
    0x080064bc   0x080064bc   0x00000010   Code   RO          503    i.TIM14_IRQHandler  stm32g0xx_it.o
    0x080064cc   0x080064cc   0x000000b4   Code   RO         2026    i.TIM_Base_SetConfig  stm32g0xx_hal_tim.o
    0x08006580   0x08006580   0x0000001a   Code   RO         2027    i.TIM_CCxChannelCmd  stm32g0xx_hal_tim.o
    0x0800659a   0x0800659a   0x00000016   Code   RO         2037    i.TIM_ETR_SetConfig  stm32g0xx_hal_tim.o
    0x080065b0   0x080065b0   0x00000014   Code   RO         2038    i.TIM_ITRx_SetConfig  stm32g0xx_hal_tim.o
    0x080065c4   0x080065c4   0x00000090   Code   RO         2039    i.TIM_OC1_SetConfig  stm32g0xx_hal_tim.o
    0x08006654   0x08006654   0x00000088   Code   RO         2040    i.TIM_OC2_SetConfig  stm32g0xx_hal_tim.o
    0x080066dc   0x080066dc   0x00000088   Code   RO         2041    i.TIM_OC3_SetConfig  stm32g0xx_hal_tim.o
    0x08006764   0x08006764   0x00000074   Code   RO         2042    i.TIM_OC4_SetConfig  stm32g0xx_hal_tim.o
    0x080067d8   0x080067d8   0x00000068   Code   RO         2043    i.TIM_OC5_SetConfig  stm32g0xx_hal_tim.o
    0x08006840   0x08006840   0x0000006c   Code   RO         2044    i.TIM_OC6_SetConfig  stm32g0xx_hal_tim.o
    0x080068ac   0x080068ac   0x00000054   Code   RO         2046    i.TIM_TI1_ConfigInputStage  stm32g0xx_hal_tim.o
    0x08006900   0x08006900   0x00000038   Code   RO         2048    i.TIM_TI2_ConfigInputStage  stm32g0xx_hal_tim.o
    0x08006938   0x08006938   0x00000044   Code   RO         6110    i.UARTEx_SetNbDataToProcess  stm32g0xx_hal_uart_ex.o
    0x0800697c   0x0800697c   0x000000ca   Code   RO         5723    i.UART_AdvFeatureConfig  stm32g0xx_hal_uart.o
    0x08006a46   0x08006a46   0x00000002   PAD
    0x08006a48   0x08006a48   0x000000b8   Code   RO         5724    i.UART_CheckIdleState  stm32g0xx_hal_uart.o
    0x08006b00   0x08006b00   0x00000064   Code   RO         5735    i.UART_EndRxTransfer  stm32g0xx_hal_uart.o
    0x08006b64   0x08006b64   0x00000294   Code   RO         5741    i.UART_SetConfig    stm32g0xx_hal_uart.o
    0x08006df8   0x08006df8   0x00000090   Code   RO         5748    i.UART_WaitOnFlagUntilTimeout  stm32g0xx_hal_uart.o
    0x08006e88   0x08006e88   0x00000020   Code   RO         6504    i.__0printf         mc_p.l(printfa.o)
    0x08006ea8   0x08006ea8   0x0000002e   Code   RO         6620    i.__ARM_clz         mf_p.l(depilogue.o)
    0x08006ed6   0x08006ed6   0x00000022   Code   RO         6552    i.__ARM_fpclassifyf  m_ps.l(fpclassifyf.o)
    0x08006ef8   0x08006ef8   0x00000044   Code   RO         4311    i.__NVIC_SetPriority  stm32g0xx_hal_cortex.o
    0x08006f3c   0x08006f3c   0x0000000a   Code   RO         6555    i.__mathlib_flt_infnan  m_ps.l(funder.o)
    0x08006f46   0x08006f46   0x0000000e   Code   RO         6558    i.__mathlib_flt_overflow  m_ps.l(funder.o)
    0x08006f54   0x08006f54   0x0000000e   Code   RO         6560    i.__mathlib_flt_underflow  m_ps.l(funder.o)
    0x08006f62   0x08006f62   0x0000000e   Code   RO         6624    i.__scatterload_copy  mc_p.l(handlers.o)
    0x08006f70   0x08006f70   0x00000002   Code   RO         6625    i.__scatterload_null  mc_p.l(handlers.o)
    0x08006f72   0x08006f72   0x0000000e   Code   RO         6626    i.__scatterload_zeroinit  mc_p.l(handlers.o)
    0x08006f80   0x08006f80   0x0000000c   Code   RO         6590    i.__set_errno       mc_p.l(errno.o)
    0x08006f8c   0x08006f8c   0x00000174   Code   RO         6511    i._fp_digits        mc_p.l(printfa.o)
    0x08007100   0x08007100   0x000006f0   Code   RO         6512    i._printf_core      mc_p.l(printfa.o)
    0x080077f0   0x080077f0   0x00000020   Code   RO         6513    i._printf_post_padding  mc_p.l(printfa.o)
    0x08007810   0x08007810   0x0000002c   Code   RO         6514    i._printf_pre_padding  mc_p.l(printfa.o)
    0x0800783c   0x0800783c   0x00000158   Code   RO         6243    i.expf              m_ps.l(expf.o)
    0x08007994   0x08007994   0x00000020   Code   RO           14    i.fputc             retarget.o
    0x080079b4   0x080079b4   0x00000128   Code   RO          182    i.main              main.o
    0x08007adc   0x08007adc   0x00000006   Data   RO          616    .constdata          app_batman.o
    0x08007ae2   0x08007ae2   0x00000030   Data   RO          918    .constdata          com_batteryparam.o
    0x08007b12   0x08007b12   0x00001a88   Data   RO         1340    .constdata          int_oled.o
    0x0800959a   0x0800959a   0x00000018   Data   RO         5749    .constdata          stm32g0xx_hal_uart.o
    0x080095b2   0x080095b2   0x00000010   Data   RO         6111    .constdata          stm32g0xx_hal_uart_ex.o
    0x080095c2   0x080095c2   0x00000002   PAD
    0x080095c4   0x080095c4   0x00000040   Data   RO         6212    .constdata          system_stm32g0xx.o
    0x08009604   0x08009604   0x00000020   Data   RO         6213    .constdata          system_stm32g0xx.o
    0x08009624   0x08009624   0x00000030   Data   RO         6244    .constdata          m_ps.l(expf.o)
    0x08009654   0x08009654   0x00000048   Data   RO          183    .conststring        main.o
    0x0800969c   0x0800969c   0x0000008f   Data   RO          617    .conststring        app_batman.o
    0x0800972b   0x0800972b   0x00000001   PAD
    0x0800972c   0x0800972c   0x0000006d   Data   RO          820    .conststring        app_sc8815.o
    0x08009799   0x08009799   0x00000003   PAD
    0x0800979c   0x0800979c   0x000000cd   Data   RO         1181    .conststring        int_bq76952.o
    0x08009869   0x08009869   0x00000003   PAD
    0x0800986c   0x0800986c   0x00000020   Data   RO         6622    Region$$Table       anon$$obj.o


    Execution Region RW_IRAM1 (Exec base: 0x20000000, Load base: 0x0800988c, Size: 0x00000d08, Max: 0x00024000, ABSOLUTE)

    Exec Addr    Load Addr    Size         Type   Attr      Idx    E Section Name        Object

    0x20000000   0x0800988c   0x00000004   Data   RW           15    .data               retarget.o
    0x20000004   0x08009890   0x00000060   Data   RW          618    .data               app_batman.o
    0x20000064   0x080098f0   0x00000006   Data   RW          770    .data               app_oled.o
    0x2000006a   0x080098f6   0x00000002   Data   RW          821    .data               app_sc8815.o
    0x2000006c   0x080098f8   0x00000008   Data   RW         1182    .data               int_bq76952.o
    0x20000074   0x08009900   0x00000001   Data   RW         1478    .data               int_sc8815.o
    0x20000075   0x08009901   0x00000003   PAD
    0x20000078   0x08009904   0x0000000c   Data   RW         1619    .data               int_button.o
    0x20000084   0x08009910   0x00000008   Data   RW         1689    .data               int_buzzer.o
    0x2000008c   0x08009918   0x00000001   Data   RW         1759    .data               int_canfd.o
    0x2000008d   0x08009919   0x00000001   Data   RW         1871    .data               int_eeprom.o
    0x2000008e   0x0800991a   0x00000002   PAD
    0x20000090   0x0800991c   0x0000000c   Data   RW         4453    .data               stm32g0xx_hal.o
    0x2000009c   0x08009928   0x00000004   Data   RW         6214    .data               system_stm32g0xx.o
    0x200000a0   0x0800992c   0x00000004   Data   RW         6591    .data               mc_p.l(errno.o)
    0x200000a4        -       0x00000064   Zero   RW          301    .bss                fdcan.o
    0x20000108        -       0x000000a8   Zero   RW          340    .bss                i2c.o
    0x200001b0        -       0x0000002c   Zero   RW          383    .bss                rtc.o
    0x200001dc        -       0x0000004c   Zero   RW          422    .bss                tim.o
    0x20000228        -       0x00000094   Zero   RW          465    .bss                usart.o
    0x200002bc        -       0x0000004c   Zero   RW          565    .bss                stm32g0xx_hal_timebase_tim.o
    0x20000308        -       0x0000000c   Zero   RW          615    .bss                app_batman.o
    0x20000314        -       0x0000001c   Zero   RW          819    .bss                app_sc8815.o
    0x20000330        -       0x00000120   Zero   RW          976    .bss                com_soc.o
    0x20000450        -       0x00000034   Zero   RW         1123    .bss                com_soh.o
    0x20000484        -       0x00000480   Zero   RW         1339    .bss                int_oled.o
    0x20000904   0x08009930   0x00000004   PAD
    0x20000908        -       0x00000400   Zero   RW            1    STACK               startup_stm32g0b1xx.o


==============================================================================

Image component sizes


      Code (inc. data)   RO Data    RW Data    ZI Data      Debug   Object Name

      2430        502        149         96         12      19426   app_batman.o
         8          0          0          0          0        430   app_buzzer.o
       360         54          0          6          0       3473   app_oled.o
       740         74        109          2         28       5124   app_sc8815.o
       280         34         48          0          0       3681   com_batteryparam.o
        32          6          0          0          0        582   com_bq76952.o
      3970        318          0          0        288      18016   com_soc.o
       492         26          0          0         52       3872   com_soh.o
       204         24          0          0        100       1643   fdcan.o
       288         14          0          0          0       1011   gpio.o
       376         40          0          0        168       2238   i2c.o
      1494        304        205          8          0      14691   int_bq76952.o
       180         26          0         12          0       2228   int_button.o
       172         28          0          8          0       2694   int_buzzer.o
       116         12          0          1          0        813   int_canfd.o
        74         10          0          1          0       1242   int_eeprom.o
        76          8          0          0          0        937   int_led.o
       734         38       6792          0       1152       6538   int_oled.o
      1406         58          0          1          0      16729   int_sc8815.o
       480        112         72          0          0       5644   main.o
        32          6          0          4          0     621459   retarget.o
       144         16          0          0         44       1515   rtc.o
        28          8        188          0       1024        616   startup_stm32g0b1xx.o
       124         22          0         12          0      21397   stm32g0xx_hal.o
       100         14          0          0          0      11280   stm32g0xx_hal_cortex.o
       728         20          0          0          0       6551   stm32g0xx_hal_fdcan.o
         0          0          0          0          0       2704   stm32g0xx_hal_flash.o
       422         24          0          0          0       4179   stm32g0xx_hal_gpio.o
      2268         58          0          0          0      14839   stm32g0xx_hal_i2c.o
       146          0          0          0          0       1859   stm32g0xx_hal_i2c_ex.o
        52          6          0          0          0        806   stm32g0xx_hal_msp.o
        16          4          0          0          0        495   stm32g0xx_hal_pwr.o
        76         14          0          0          0        726   stm32g0xx_hal_pwr_ex.o
      1658         94          0          0          0      30666   stm32g0xx_hal_rcc.o
       640         22          0          0          0       1868   stm32g0xx_hal_rcc_ex.o
       376         14          0          0          0       3493   stm32g0xx_hal_rtc.o
      2638        268          0          0          0      17849   stm32g0xx_hal_tim.o
       130         16          0          0          0       2912   stm32g0xx_hal_tim_ex.o
       156         24          0          0         76       1436   stm32g0xx_hal_timebase_tim.o
      1612         68         24          0          0      27018   stm32g0xx_hal_uart.o
       270          6         16          0          0       3525   stm32g0xx_hal_uart_ex.o
        30          6          0          0          0       1703   stm32g0xx_it.o
         2          0         96          4          0       1075   system_stm32g0xx.o
       284         36          0          0         76       2232   tim.o
       232         18          0          0        148       1662   usart.o

    ----------------------------------------------------------------------
     26120       2452       7740        160       3172     894877   Object Totals
         0          0         32          0          0          0   (incl. Generated)
        44          0          9          5          4          0   (incl. Padding)

    ----------------------------------------------------------------------

      Code (inc. data)   RO Data    RW Data    ZI Data      Debug   Library Member Name

       344         50         48          0          0         76   expf.o
        34          0          0          0          0         60   fpclassifyf.o
        38          0          0          0          0        204   funder.o
         0          0          0          0          0          0   entry.o
         0          0          0          0          0          0   entry10a.o
         0          0          0          0          0          0   entry11a.o
         4          0          0          0          0          0   entry12b.o
         8          4          0          0          0          0   entry2.o
         4          0          0          0          0          0   entry5.o
         0          0          0          0          0          0   entry7b.o
         0          0          0          0          0          0   entry8b.o
         8          4          0          0          0          0   entry9a.o
        12          6          0          4          0         60   errno.o
        30          0          0          0          0          0   handlers.o
        40          0          0          0          0         72   idiv.o
        36          8          0          0          0         68   init.o
         0          0          0          0          0          0   iusefp.o
        32          0          0          0          0         68   llshl.o
        38          0          0          0          0         68   llsshr.o
        34          0          0          0          0         68   llushr.o
        36          0          0          0          0         60   memcpya.o
        36          0          0          0          0        100   memseta.o
      2256         98          0          0          0        412   printfa.o
        14          0          0          0          0         60   strlen.o
        44          0          0          0          0         72   uidiv.o
        96          0          0          0          0         84   uldiv.o
        40          2          0          0          0         68   cdrcmple.o
        20          0          0          0          0         68   cfcmple.o
        20          0          0          0          0         68   cfrcmple.o
       360          6          0          0          0        140   dadd.o
       240          6          0          0          0         84   ddiv.o
       236          0          0          0          0        216   depilogue.o
        64         10          0          0          0         68   dfixul.o
       208          6          0          0          0         88   dmul.o
        40          0          0          0          0         60   f2d.o
       178          0          0          0          0        108   fadd.o
       124          0          0          0          0         72   fdiv.o
       130          0          0          0          0        144   fepilogue.o
        50          0          0          0          0         60   ffixi.o
        40          0          0          0          0         60   ffixui.o
        22          0          0          0          0         68   fflti.o
        14          0          0          0          0         68   ffltui.o
       122          0          0          0          0         72   fmul.o
        62          0          0          0          0         68   frnd.o
        24          0          0          0          0         60   fscalb.o

    ----------------------------------------------------------------------
      5144        200         48          4          0       3172   Library Totals
         6          0          0          0          0          0   (incl. Padding)

    ----------------------------------------------------------------------

      Code (inc. data)   RO Data    RW Data    ZI Data      Debug   Library Name

       416         50         48          0          0        340   m_ps.l
      2728        120          0          4          0       1192   mc_p.l
      1994         30          0          0          0       1640   mf_p.l

    ----------------------------------------------------------------------
      5144        200         48          4          0       3172   Library Totals

    ----------------------------------------------------------------------

==============================================================================


      Code (inc. data)   RO Data    RW Data    ZI Data      Debug   

     31264       2652       7788        164       3172     885989   Grand Totals
     31264       2652       7788        164       3172     885989   ELF Image Totals
     31264       2652       7788        164          0          0   ROM Totals

==============================================================================

    Total RO  Size (Code + RO Data)                39052 (  38.14kB)
    Total RW  Size (RW Data + ZI Data)              3336 (   3.26kB)
    Total ROM Size (Code + RO Data + RW Data)      39216 (  38.30kB)

==============================================================================

