<html>
<body>
<pre>
<h1>µVision Build Log</h1>
<h2>Tool Versions:</h2>
IDE-Version: ¦ÌVision V5.37.0.0
Copyright (C) 2022 ARM Ltd and ARM Germany GmbH. All rights reserved.
License Information: suto lst, 111, LIC=WHYH9-4RBBC-8T33P-MJDZN-ISF43-7VYMY
 
Tool Versions:
Toolchain:       MDK-ARM Plus  Version: 5.37.0.0
Toolchain Path:  D:\App\Keil\ARM\ARMCC\Bin
C Compiler:      Armcc.exe V5.06 update 7 (build 960)
Assembler:       Armasm.exe V5.06 update 7 (build 960)
Linker/Locator:  ArmLink.exe V5.06 update 7 (build 960)
Library Manager: ArmAr.exe V5.06 update 7 (build 960)
Hex Converter:   FromElf.exe V5.06 update 7 (build 960)
CPU DLL:         SARMCM3.DLL V5.37.0.0
Dialog DLL:      DARMCM1.DLL V1.19.6.0
Target DLL:      CMSIS_AGDI.dll V1.33.12.0
Dialog DLL:      TARMCM1.DLL V1.14.6.0
 
<h2>Project:</h2>
C:\Users\lst\Desktop\bms\bms24v_platform\MDK-ARM\bms24v_platform.uvprojx
Project File Date:  06/29/2026

<h2>Output:</h2>
*** Using Compiler 'V5.06 update 7 (build 960)', folder: 'D:\App\Keil\ARM\ARMCC\Bin'
Rebuild target 'bms24v_platform'
assembling startup_stm32g0b1xx.s...
compiling Com_SOC.c...
compiling Com_BQ76952.c...
compiling App_SC8815.c...
compiling Com_SOH.c...
compiling Com_BatteryParam.c...
compiling fdcan.c...
compiling gpio.c...
compiling App_BatMan.c...
../../App/App_BatMan.c(721): warning:  #177-D: function "App_BatMan_SeedSoc"  was declared but never referenced
  static void App_BatMan_SeedSoc(void)
../../App/App_BatMan.c: 1 warning, 0 errors
compiling stm32g0xx_it.c...
compiling rtc.c...
compiling retarget.c...
compiling i2c.c...
compiling tim.c...
compiling App_Buzzer.c...
compiling stm32g0xx_hal_msp.c...
compiling main.c...
compiling stm32g0xx_hal_timebase_tim.c...
compiling Int_OLED.c...
compiling Int_CanFd.c...
compiling usart.c...
compiling App_OLED.c...
compiling Int_BQ76952.c...
compiling Int_Led.c...
compiling Int_Button.c...
compiling Int_SC8815.c...
compiling Int_EEPROM.c...
compiling Int_Buzzer.c...
compiling stm32g0xx_ll_rcc.c...
compiling stm32g0xx_hal_tim.c...
compiling stm32g0xx_hal_tim_ex.c...
compiling stm32g0xx_hal_fdcan.c...
compiling stm32g0xx_hal_rcc.c...
compiling stm32g0xx_hal_rcc_ex.c...
compiling stm32g0xx_hal_cortex.c...
compiling stm32g0xx_hal_pwr.c...
compiling stm32g0xx_hal_gpio.c...
compiling stm32g0xx_hal_flash.c...
compiling stm32g0xx_hal_dma.c...
compiling stm32g0xx_hal_pwr_ex.c...
compiling stm32g0xx_hal_dma_ex.c...
compiling stm32g0xx_hal_i2c_ex.c...
compiling stm32g0xx_hal_flash_ex.c...
compiling stm32g0xx_hal_exti.c...
compiling stm32g0xx_hal.c...
compiling stm32g0xx_hal_rtc_ex.c...
compiling stm32g0xx_hal_rtc.c...
compiling system_stm32g0xx.c...
compiling stm32g0xx_hal_uart_ex.c...
compiling stm32g0xx_hal_uart.c...
compiling stm32g0xx_hal_i2c.c...
linking...
Program Size: Code=31264 RO-data=7788 RW-data=164 ZI-data=3172  
FromELF: creating hex file...
"bms24v_platform\bms24v_platform.axf" - 0 Error(s), 1 Warning(s).

<h2>Software Packages used:</h2>

Package Vendor: ARM
                http://www.keil.com/pack/ARM.CMSIS.5.9.0.pack
                ARM.CMSIS.5.9.0
                CMSIS (Common Microcontroller Software Interface Standard)
   * Component: CORE Version: 5.6.0

Package Vendor: Keil
                https://www.keil.com/pack/Keil.STM32G0xx_DFP.2.1.0.pack
                Keil.STM32G0xx_DFP.2.1.0
                STMicroelectronics STM32G0 Series Device Support

<h2>Collection of Component include folders:</h2>
  ./RTE/_bms24v_platform
  D:/App/Keil/ARM/CMSIS/5.9.0/CMSIS/Core/Include

<h2>Collection of Component Files used:</h2>

   * Component: ARM::CMSIS:CORE:5.6.0
      Include file:  CMSIS/Core/Include/tz_context.h
Build Time Elapsed:  00:00:05
</pre>
</body>
</html>
